Component: ARM Compiler 5.06 update 6 (build 750) Tool: armlink [4d35ed]

==============================================================================

Section Cross References

    main.o(i.ESP8266_init) refers to usart.o(i.USARTx_Config) for USARTx_Config
    main.o(i.ESP8266_init) refers to printfa.o(i.__0sprintf) for __2sprintf
    main.o(i.ESP8266_init) refers to text.o(i.Draw_Font16B) for Draw_Font16B
    main.o(i.ESP8266_init) refers to esp8266.o(i.ESP8266_Init) for ESP8266_Init
    main.o(i.ESP8266_init) refers to lcd.o(i.LCD_Clear) for LCD_Clear
    main.o(i.ESP8266_init) refers to delay.o(i.delay_ms) for delay_ms
    main.o(i.ESP8266_init) refers to onenet.o(i.OneNet_DevLink) for OneNet_DevLink
    main.o(i.ESP8266_init) refers to stm32f4xx_gpio.o(i.GPIO_SetBits) for GPIO_SetBits
    main.o(i.ESP8266_init) refers to stm32f4xx_gpio.o(i.GPIO_ResetBits) for GPIO_ResetBits
    main.o(i.ESP8266_init) refers to onenet.o(i.OneNet_Subscribe) for OneNet_Subscribe
    main.o(i.ESP8266_init) refers to main.o(.data) for .data
    main.o(i.ESP8266_init) refers to main.o(.bss) for .bss
    main.o(i.Fan_speed_set) refers to stm32f4xx_tim.o(i.TIM_SetCompare1) for TIM_SetCompare1
    main.o(i.TIM5_IRQHandler) refers to stm32f4xx_tim.o(i.TIM_GetITStatus) for TIM_GetITStatus
    main.o(i.TIM5_IRQHandler) refers to stm32f4xx_gpio.o(i.GPIO_SetBits) for GPIO_SetBits
    main.o(i.TIM5_IRQHandler) refers to stm32f4xx_gpio.o(i.GPIO_ResetBits) for GPIO_ResetBits
    main.o(i.TIM5_IRQHandler) refers to printfa.o(i.__0printf) for __2printf
    main.o(i.TIM5_IRQHandler) refers to stm32f4xx_tim.o(i.TIM_Cmd) for TIM_Cmd
    main.o(i.TIM5_IRQHandler) refers to stm32f4xx_tim.o(i.TIM_ClearITPendingBit) for TIM_ClearITPendingBit
    main.o(i.TIM5_IRQHandler) refers to main.o(.data) for .data
    main.o(i.access_control) refers to stm32f4xx_tim.o(i.TIM_SetCompare4) for TIM_SetCompare4
    main.o(i.access_control) refers to delay.o(i.delay_ms) for delay_ms
    main.o(i.alarm_set) refers to lcd.o(i.LCD_Clear) for LCD_Clear
    main.o(i.alarm_set) refers to printfa.o(i.__0sprintf) for __2sprintf
    main.o(i.alarm_set) refers to text.o(i.Draw_Font16B) for Draw_Font16B
    main.o(i.alarm_set) refers to key.o(i.KEY_Scan) for KEY_Scan
    main.o(i.alarm_set) refers to main.o(.data) for .data
    main.o(i.alarm_set) refers to main.o(.bss) for .bss
    main.o(i.breathing_lamp) refers to stm32f4xx_tim.o(i.TIM_Cmd) for TIM_Cmd
    main.o(i.breathing_lamp) refers to main.o(.data) for .data
    main.o(i.main) refers to delay.o(i.delay_init) for delay_init
    main.o(i.main) refers to misc.o(i.NVIC_PriorityGroupConfig) for NVIC_PriorityGroupConfig
    main.o(i.main) refers to delay.o(i.delay_ms) for delay_ms
    main.o(i.main) refers to usart.o(i.uart_init) for uart_init
    main.o(i.main) refers to gpio.o(i.GPIO_Config) for GPIO_Config
    main.o(i.main) refers to lcd.o(i.LCD_Init) for LCD_Init
    main.o(i.main) refers to gbk_libdrive.o(i.GBK_Lib_Init) for GBK_Lib_Init
    main.o(i.main) refers to lcd.o(i.LCD_Clear) for LCD_Clear
    main.o(i.main) refers to key.o(i.KEY_Init) for KEY_Init
    main.o(i.main) refers to key.o(i.boma_Init) for boma_Init
    main.o(i.main) refers to dht11.o(i.DHT11_GPIO_Config) for DHT11_GPIO_Config
    main.o(i.main) refers to adc.o(i.Adc_Init) for Adc_Init
    main.o(i.main) refers to tim.o(i.TIM4_PWM_Init) for TIM4_PWM_Init
    main.o(i.main) refers to tim.o(i.TIM3_PWM_Init) for TIM3_PWM_Init
    main.o(i.main) refers to stm32f4xx_tim.o(i.TIM_SetCompare1) for TIM_SetCompare1
    main.o(i.main) refers to tim.o(i.TIM5_Int_Init) for TIM5_Int_Init
    main.o(i.main) refers to stm32f4xx_tim.o(i.TIM_Cmd) for TIM_Cmd
    main.o(i.main) refers to i2c_bh1750_gpio.o(i.i2c_CheckDevice) for i2c_CheckDevice
    main.o(i.main) refers to printfa.o(i.__0printf) for __2printf
    main.o(i.main) refers to i2c_bh1750.o(i.BH1750_Init) for BH1750_Init
    main.o(i.main) refers to stm32f4xx_gpio.o(i.GPIO_SetBits) for GPIO_SetBits
    main.o(i.main) refers to main.o(i.ESP8266_init) for ESP8266_init
    main.o(i.main) refers to stm32f4xx_gpio.o(i.GPIO_ReadInputDataBit) for GPIO_ReadInputDataBit
    main.o(i.main) refers to main.o(i.alarm_set) for alarm_set
    main.o(i.main) refers to adc.o(i.get_gas_real_value) for get_gas_real_value
    main.o(i.main) refers to dht11.o(i.Read_DHT11) for Read_DHT11
    main.o(i.main) refers to i2c_bh1750.o(i.LIght_Intensity) for LIght_Intensity
    main.o(i.main) refers to key.o(i.KEY_Scan) for KEY_Scan
    main.o(i.main) refers to printfa.o(i.__0sprintf) for __2sprintf
    main.o(i.main) refers to text.o(i.Draw_Font16B) for Draw_Font16B
    main.o(i.main) refers to f2d.o(.text) for __aeabi_f2d
    main.o(i.main) refers to stm32f4xx_gpio.o(i.GPIO_ResetBits) for GPIO_ResetBits
    main.o(i.main) refers to main.o(i.breathing_lamp) for breathing_lamp
    main.o(i.main) refers to main.o(i.access_control) for access_control
    main.o(i.main) refers to main.o(i.Fan_speed_set) for Fan_speed_set
[...]
    i.__mathlib_dbl_overflow                 0x08005080   Section        0  dunder.o(i.__mathlib_dbl_overflow)
    i.__mathlib_dbl_underflow                0x080050a0   Section        0  dunder.o(i.__mathlib_dbl_underflow)
    i.__scatterload_copy                     0x080050c0   Section       14  handlers.o(i.__scatterload_copy)
    i.__scatterload_null                     0x080050ce   Section        2  handlers.o(i.__scatterload_null)
    i.__scatterload_zeroinit                 0x080050d0   Section       14  handlers.o(i.__scatterload_zeroinit)
    i.__set_errno                            0x080050e0   Section        0  errno.o(i.__set_errno)
    i._fp_digits                             0x080050ec   Section        0  printfa.o(i._fp_digits)
    _fp_digits                               0x080050ed   Thumb Code   366  printfa.o(i._fp_digits)
    i._printf_core                           0x08005270   Section        0  printfa.o(i._printf_core)
    _printf_core                             0x08005271   Thumb Code  1744  printfa.o(i._printf_core)
    i._printf_post_padding                   0x0800594c   Section        0  printfa.o(i._printf_post_padding)
    _printf_post_padding                     0x0800594d   Thumb Code    36  printfa.o(i._printf_post_padding)
    i._printf_pre_padding                    0x08005970   Section        0  printfa.o(i._printf_pre_padding)
    _printf_pre_padding                      0x08005971   Thumb Code    46  printfa.o(i._printf_pre_padding)
    i._snputc                                0x0800599e   Section        0  printfa.o(i._snputc)
    _snputc                                  0x0800599f   Thumb Code    22  printfa.o(i._snputc)
    i._sputc                                 0x080059b4   Section        0  printfa.o(i._sputc)
    _sputc                                   0x080059b5   Thumb Code    10  printfa.o(i._sputc)
    i.access_control                         0x080059c0   Section        0  main.o(i.access_control)
    i.alarm_set                              0x08005a08   Section        0  main.o(i.alarm_set)
    i.boma_Init                              0x08005b2c   Section        0  key.o(i.boma_Init)
    i.breathing_lamp                         0x08005b78   Section        0  main.o(i.breathing_lamp)
    i.cJSON_Delete                           0x08005b98   Section        0  cjson.o(i.cJSON_Delete)
    i.cJSON_GetErrorPtr                      0x08005be0   Section        0  cjson.o(i.cJSON_GetErrorPtr)
    i.cJSON_GetObjectItem                    0x08005bec   Section        0  cjson.o(i.cJSON_GetObjectItem)
    i.cJSON_New_Item                         0x08005c08   Section        0  cjson.o(i.cJSON_New_Item)
    cJSON_New_Item                           0x08005c09   Thumb Code    26  cjson.o(i.cJSON_New_Item)
    i.cJSON_Parse                            0x08005c28   Section        0  cjson.o(i.cJSON_Parse)
    i.cJSON_ParseWithOpts                    0x08005c30   Section        0  cjson.o(i.cJSON_ParseWithOpts)
    i.cJSON_strcasecmp                       0x08005c94   Section        0  cjson.o(i.cJSON_strcasecmp)
    cJSON_strcasecmp                         0x08005c95   Thumb Code    76  cjson.o(i.cJSON_strcasecmp)
    i.delay_init                             0x08005ce0   Section        0  delay.o(i.delay_init)
    i.delay_ms                               0x08005d1c   Section        0  delay.o(i.delay_ms)
    i.delay_us                               0x08005d50   Section        0  delay.o(i.delay_us)
    i.fabs                                   0x08005d84   Section        0  fabs.o(i.fabs)
    i.fputc                                  0x08005d9c   Section        0  usart.o(i.fputc)
    i.free                                   0x08005db0   Section        0  malloc.o(i.free)
    i.get_gas_real_value                     0x08005e00   Section        0  adc.o(i.get_gas_real_value)
    i.i2c_Ack                                0x08005eb4   Section        0  i2c_bh1750_gpio.o(i.i2c_Ack)
    i.i2c_CheckDevice                        0x08005eec   Section        0  i2c_bh1750_gpio.o(i.i2c_CheckDevice)
    i.i2c_Delay                              0x08005f0c   Section        0  i2c_bh1750_gpio.o(i.i2c_Delay)
    i2c_Delay                                0x08005f0d   Thumb Code    12  i2c_bh1750_gpio.o(i.i2c_Delay)
    i.i2c_NAck                               0x08005f18   Section        0  i2c_bh1750_gpio.o(i.i2c_NAck)
    i.i2c_ReadByte                           0x08005f48   Section        0  i2c_bh1750_gpio.o(i.i2c_ReadByte)
    i.i2c_SendByte                           0x08005f8c   Section        0  i2c_bh1750_gpio.o(i.i2c_SendByte)
    i.i2c_Start                              0x08005fe4   Section        0  i2c_bh1750_gpio.o(i.i2c_Start)
    i.i2c_Stop                               0x0800601c   Section        0  i2c_bh1750_gpio.o(i.i2c_Stop)
    i.i2c_WaitAck                            0x08006044   Section        0  i2c_bh1750_gpio.o(i.i2c_WaitAck)
    i.main                                   0x08006084   Section        0  main.o(i.main)
    i.malloc                                 0x08006638   Section        0  malloc.o(i.malloc)
    i.parse_array                            0x080066a4   Section        0  cjson.o(i.parse_array)
    parse_array                              0x080066a5   Thumb Code   152  cjson.o(i.parse_array)
    i.parse_hex4                             0x08006740   Section        0  cjson.o(i.parse_hex4)
    parse_hex4                               0x08006741   Thumb Code   190  cjson.o(i.parse_hex4)
    i.parse_number                           0x08006800   Section        0  cjson.o(i.parse_number)
    parse_number                             0x08006801   Thumb Code   364  cjson.o(i.parse_number)
    i.parse_object                           0x0800698c   Section        0  cjson.o(i.parse_object)
    parse_object                             0x0800698d   Thumb Code   234  cjson.o(i.parse_object)
    i.parse_string                           0x08006a7c   Section        0  cjson.o(i.parse_string)
    parse_string                             0x08006a7d   Thumb Code   370  cjson.o(i.parse_string)
    i.parse_value                            0x08006bf8   Section        0  cjson.o(i.parse_value)
    parse_value                              0x08006bf9   Thumb Code   158  cjson.o(i.parse_value)
    i.publish_tip                            0x08006cb4   Section        0  main.o(i.publish_tip)
    i.skip                                   0x08006db4   Section        0  cjson.o(i.skip)
    skip                                     0x08006db5   Thumb Code    20  cjson.o(i.skip)
    i.sqrt                                   0x08006dc8   Section        0  sqrt.o(i.sqrt)
    i.uart_init                              0x08006e38   Section        0  usart.o(i.uart_init)
    .constdata                               0x08006ef0   Section       11  main.o(.constdata)
    .constdata                               0x08006efb   Section     1140  font.o(.constdata)
    .constdata                               0x0800736f   Section     1520  font.o(.constdata)
    .constdata                               0x0800795f   Section     3420  font.o(.constdata)
    .constdata                               0x080086bb   Section     1258  font.o(.constdata)
    .constdata                               0x08008ba5   Section      740  font.o(.constdata)
    .constdata                               0x08008e89   Section        7  cjson.o(.constdata)
    firstByteMark                            0x08008e89   Data           7  cjson.o(.constdata)
    .constdata                               0x08008e90   Section      136  pow.o(.constdata)
    bp                                       0x08008e90   Data          16  pow.o(.constdata)
    dp_h                                     0x08008ea0   Data          16  pow.o(.constdata)
    dp_l                                     0x08008eb0   Data          16  pow.o(.constdata)
    L                                        0x08008ec0   Data          48  pow.o(.constdata)
    P                                        0x08008ef0   Data          40  pow.o(.constdata)
    .constdata                               0x08008f18   Section        8  qnan.o(.constdata)
    .constdata                               0x08008f20   Section      129  ctype_o.o(.constdata)
    .constdata                               0x08008fa4   Section        4  ctype_o.o(.constdata)
    table                                    0x08008fa4   Data           4  ctype_o.o(.constdata)
    .conststring                             0x08008fa8   Section      114  main.o(.conststring)
    .data                                    0x20000000   Section       72  main.o(.data)
    pwmset                                   0x20000003   Data           1  main.o(.data)
    timecount                                0x20000004   Data           1  main.o(.data)
    time                                     0x20000006   Data           2  main.o(.data)
    .data                                    0x20000048   Section       20  system_stm32f4xx.o(.data)
    .data                                    0x2000005c   Section        4  delay.o(.data)
    fac_us                                   0x2000005c   Data           1  delay.o(.data)
    fac_ms                                   0x2000005e   Data           2  delay.o(.data)
    .data                                    0x20000060   Section        4  usart.o(.data)
    .data                                    0x20000064   Section        1  key.o(.data)
    .data                                    0x20000065   Section       16  stm32f4xx_rcc.o(.data)
    APBAHBPrescTable                         0x20000065   Data          16  stm32f4xx_rcc.o(.data)
    .data                                    0x20000076   Section        6  lcd.o(.data)
    .data                                    0x2000007c   Section       12  cjson.o(.data)
    cJSON_malloc                             0x2000007c   Data           4  cjson.o(.data)
    cJSON_free                               0x20000080   Data           4  cjson.o(.data)
    ep                                       0x20000084   Data           4  cjson.o(.data)
    .data                                    0x20000088   Section        4  esp8266.o(.data)
    .data                                    0x2000008c   Section        2  onenet.o(.data)
    pkt_id                                   0x2000008c   Data           2  onenet.o(.data)
    .data                                    0x20000090   Section        4  mvars.o(.data)
    .data                                    0x20000094   Section        4  mvars.o(.data)
    .data                                    0x20000098   Section        4  errno.o(.data)
    _errno                                   0x20000098   Data           4  errno.o(.data)
    .bss                                     0x2000009c   Section      356  main.o(.bss)
    .bss                                     0x20000200   Section       14  lcd.o(.bss)
    .bss                                     0x2000020e   Section      128  esp8266.o(.bss)
    HEAP                                     0x20000290   Section      512  startup_stm32f411xe.o(HEAP)
    STACK                                    0x20000490   Section     1024  startup_stm32f411xe.o(STACK)

    Global Symbols

    Symbol Name                              Value     Ov Type        Size  Object(Section)

    BuildAttributes$$THM_ISAv4$E$P$D$K$B$S$7EM$VFPi3$EXTD16$VFPS$VFMA$PE$A:L22UL41UL21$X:L11$S22US41US21$IEEE1$IW$USESV6$~STKCKD$USESV7$~SHL$OTIME$ROPI$IEEEX$EBA8$MICROLIB$REQ8$PRES8$EABIv2 0x00000000   Number         0  anon$$obj.o ABSOLUTE
    __ARM_use_no_argv                        0x00000000   Number         0  main.o ABSOLUTE
    __use_no_errno                           0x00000000   Number         0  useno.o ABSOLUTE
    __use_no_exception_handling              0x00000000   Number         0  useno.o ABSOLUTE
    __use_no_fp                              0x00000000   Number         0  useno.o ABSOLUTE
    __use_no_heap                            0x00000000   Number         0  useno.o ABSOLUTE
    __use_no_heap_region                     0x00000000   Number         0  useno.o ABSOLUTE
    __use_no_semihosting                     0x00000000   Number         0  useno.o ABSOLUTE
    __use_no_semihosting_swi                 0x00000000   Number         0  useno.o ABSOLUTE
    __use_no_signal_handling                 0x00000000   Number         0  useno.o ABSOLUTE
    _printf_a                                0x00000000   Number         0  stubs.o ABSOLUTE
    _printf_c                                0x00000000   Number         0  stubs.o ABSOLUTE
    _printf_charcount                        0x00000000   Number         0  stubs.o ABSOLUTE
    _printf_d                                0x00000000   Number         0  stubs.o ABSOLUTE
    _printf_e                                0x00000000   Number         0  stubs.o ABSOLUTE
    _printf_f                                0x00000000   Number         0  stubs.o ABSOLUTE
    _printf_flags                            0x00000000   Number         0  stubs.o ABSOLUTE
    _printf_fp_dec                           0x00000000   Number         0  stubs.o ABSOLUTE
    _printf_fp_hex                           0x00000000   Number         0  stubs.o ABSOLUTE
    _printf_g                                0x00000000   Number         0  stubs.o ABSOLUTE
    _printf_i                                0x00000000   Number         0  stubs.o ABSOLUTE
    _printf_int_dec                          0x00000000   Number         0  stubs.o ABSOLUTE
    _printf_l                                0x00000000   Number         0  stubs.o ABSOLUTE
    _printf_lc                               0x00000000   Number         0  stubs.o ABSOLUTE
    _printf_ll                               0x00000000   Number         0  stubs.o ABSOLUTE
    _printf_lld                              0x00000000   Number         0  stubs.o ABSOLUTE
    _printf_lli                              0x00000000   Number         0  stubs.o ABSOLUTE
    _printf_llo                              0x00000000   Number         0  stubs.o ABSOLUTE
    _printf_llu                              0x00000000   Number         0  stubs.o ABSOLUTE
    _printf_llx                              0x00000000   Number         0  stubs.o ABSOLUTE
    _printf_longlong_dec                     0x00000000   Number         0  stubs.o ABSOLUTE
    _printf_longlong_hex                     0x00000000   Number         0  stubs.o ABSOLUTE
    _printf_longlong_oct                     0x00000000   Number         0  stubs.o ABSOLUTE
    _printf_ls                               0x00000000   Number         0  stubs.o ABSOLUTE
    _printf_mbtowc                           0x00000000   Number         0  stubs.o ABSOLUTE
    _printf_n                                0x00000000   Number         0  stubs.o ABSOLUTE
    _printf_o                                0x00000000   Number         0  stubs.o ABSOLUTE
    _printf_p                                0x00000000   Number         0  stubs.o ABSOLUTE
    _printf_percent                          0x00000000   Number         0  stubs.o ABSOLUTE
    _printf_pre_padding                      0x00000000   Number         0  stubs.o ABSOLUTE
    _printf_return_value                     0x00000000   Number         0  stubs.o ABSOLUTE
    _printf_s                                0x00000000   Number         0  stubs.o ABSOLUTE
    _printf_sizespec                         0x00000000   Number         0  stubs.o ABSOLUTE
    _printf_str                              0x00000000   Number         0  stubs.o ABSOLUTE
    _printf_truncate_signed                  0x00000000   Number         0  stubs.o ABSOLUTE
    _printf_truncate_unsigned                0x00000000   Number         0  stubs.o ABSOLUTE
    _printf_u                                0x00000000   Number         0  stubs.o ABSOLUTE
    _printf_wc                               0x00000000   Number         0  stubs.o ABSOLUTE
    _printf_wctomb                           0x00000000   Number         0  stubs.o ABSOLUTE
    _printf_widthprec                        0x00000000   Number         0  stubs.o ABSOLUTE
    _printf_x                                0x00000000   Number         0  stubs.o ABSOLUTE
    __cpp_initialize__aeabi_                  - Undefined Weak Reference
    __cxa_finalize                            - Undefined Weak Reference
    __decompress                              - Undefined Weak Reference
    _clock_init                               - Undefined Weak Reference
    _microlib_exit                            - Undefined Weak Reference
    __Vectors_Size                           0x00000198   Number         0  startup_stm32f411xe.o ABSOLUTE
    __Vectors                                0x08000000   Data           4  startup_stm32f411xe.o(RESET)
    __Vectors_End                            0x08000198   Data           0  startup_stm32f411xe.o(RESET)
    __main                                   0x08000199   Thumb Code     0  entry.o(.ARM.Collect$$$$00000000)
    _main_stk                                0x08000199   Thumb Code     0  entry2.o(.ARM.Collect$$$$00000001)
    _main_scatterload                        0x0800019d   Thumb Code     0  entry5.o(.ARM.Collect$$$$00000004)
    __main_after_scatterload                 0x080001a1   Thumb Code     0  entry5.o(.ARM.Collect$$$$00000004)
    _main_clock                              0x080001a1   Thumb Code     0  entry7b.o(.ARM.Collect$$$$00000008)
    _main_cpp_init                           0x080001a1   Thumb Code     0  entry8b.o(.ARM.Collect$$$$0000000A)
    _main_init                               0x080001a1   Thumb Code     0  entry9a.o(.ARM.Collect$$$$0000000B)
    __rt_final_cpp                           0x080001a9   Thumb Code     0  entry10a.o(.ARM.Collect$$$$0000000D)
    __rt_final_exit                          0x080001a9   Thumb Code     0  entry11a.o(.ARM.Collect$$$$0000000F)
    Reset_Handler                            0x080001ad   Thumb Code     8  startup_stm32f411xe.o(.text)
    ADC_IRQHandler                           0x080001c7   Thumb Code     0  startup_stm32f411xe.o(.text)
    DMA1_Stream0_IRQHandler                  0x080001c7   Thumb Code     0  startup_stm32f411xe.o(.text)
    DMA1_Stream1_IRQHandler                  0x080001c7   Thumb Code     0  startup_stm32f411xe.o(.text)
    DMA1_Stream2_IRQHandler                  0x080001c7   Thumb Code     0  startup_stm32f411xe.o(.text)
    DMA1_Stream3_IRQHandler                  0x080001c7   Thumb Code     0  startup_stm32f411xe.o(.text)
    DMA1_Stream4_IRQHandler                  0x080001c7   Thumb Code     0  startup_stm32f411xe.o(.text)
    DMA1_Stream5_IRQHandler                  0x080001c7   Thumb Code     0  startup_stm32f411xe.o(.text)
    DMA1_Stream6_IRQHandler                  0x080001c7   Thumb Code     0  startup_stm32f411xe.o(.text)
    DMA1_Stream7_IRQHandler                  0x080001c7   Thumb Code     0  startup_stm32f411xe.o(.text)
    DMA2_Stream0_IRQHandler                  0x080001c7   Thumb Code     0  startup_stm32f411xe.o(.text)
    DMA2_Stream1_IRQHandler                  0x080001c7   Thumb Code     0  startup_stm32f411xe.o(.text)
    DMA2_Stream2_IRQHandler                  0x080001c7   Thumb Code     0  startup_stm32f411xe.o(.text)
    DMA2_Stream3_IRQHandler                  0x080001c7   Thumb Code     0  startup_stm32f411xe.o(.text)
    DMA2_Stream4_IRQHandler                  0x080001c7   Thumb Code     0  startup_stm32f411xe.o(.text)
    DMA2_Stream5_IRQHandler                  0x080001c7   Thumb Code     0  startup_stm32f411xe.o(.text)
    DMA2_Stream6_IRQHandler                  0x080001c7   Thumb Code     0  startup_stm32f411xe.o(.text)
    DMA2_Stream7_IRQHandler                  0x080001c7   Thumb Code     0  startup_stm32f411xe.o(.text)
    EXTI0_IRQHandler                         0x080001c7   Thumb Code     0  startup_stm32f411xe.o(.text)
    EXTI15_10_IRQHandler                     0x080001c7   Thumb Code     0  startup_stm32f411xe.o(.text)
    EXTI1_IRQHandler                         0x080001c7   Thumb Code     0  startup_stm32f411xe.o(.text)
    EXTI2_IRQHandler                         0x080001c7   Thumb Code     0  startup_stm32f411xe.o(.text)
    EXTI3_IRQHandler                         0x080001c7   Thumb Code     0  startup_stm32f411xe.o(.text)
    EXTI4_IRQHandler                         0x080001c7   Thumb Code     0  startup_stm32f411xe.o(.text)
    EXTI9_5_IRQHandler                       0x080001c7   Thumb Code     0  startup_stm32f411xe.o(.text)
    FLASH_IRQHandler                         0x080001c7   Thumb Code     0  startup_stm32f411xe.o(.text)
    FPU_IRQHandler                           0x080001c7   Thumb Code     0  startup_stm32f411xe.o(.text)
    I2C1_ER_IRQHandler                       0x080001c7   Thumb Code     0  startup_stm32f411xe.o(.text)
    I2C1_EV_IRQHandler                       0x080001c7   Thumb Code     0  startup_stm32f411xe.o(.text)
    I2C2_ER_IRQHandler                       0x080001c7   Thumb Code     0  startup_stm32f411xe.o(.text)
    I2C2_EV_IRQHandler                       0x080001c7   Thumb Code     0  startup_stm32f411xe.o(.text)
    I2C3_ER_IRQHandler                       0x080001c7   Thumb Code     0  startup_stm32f411xe.o(.text)
    I2C3_EV_IRQHandler                       0x080001c7   Thumb Code     0  startup_stm32f411xe.o(.text)
    OTG_FS_IRQHandler                        0x080001c7   Thumb Code     0  startup_stm32f411xe.o(.text)
    OTG_FS_WKUP_IRQHandler                   0x080001c7   Thumb Code     0  startup_stm32f411xe.o(.text)
    PVD_IRQHandler                           0x080001c7   Thumb Code     0  startup_stm32f411xe.o(.text)
    RCC_IRQHandler                           0x080001c7   Thumb Code     0  startup_stm32f411xe.o(.text)
    SDIO_IRQHandler                          0x080001c7   Thumb Code     0  startup_stm32f411xe.o(.text)
    SPI1_IRQHandler                          0x080001c7   Thumb Code     0  startup_stm32f411xe.o(.text)
    SPI2_IRQHandler                          0x080001c7   Thumb Code     0  startup_stm32f411xe.o(.text)
    SPI3_IRQHandler                          0x080001c7   Thumb Code     0  startup_stm32f411xe.o(.text)
    SPI4_IRQHandler                          0x080001c7   Thumb Code     0  startup_stm32f411xe.o(.text)
    SPI5_IRQHandler                          0x080001c7   Thumb Code     0  startup_stm32f411xe.o(.text)
    TAMP_STAMP_IRQHandler                    0x080001c7   Thumb Code     0  startup_stm32f411xe.o(.text)
    TIM1_BRK_TIM9_IRQHandler                 0x080001c7   Thumb Code     0  startup_stm32f411xe.o(.text)
    TIM1_CC_IRQHandler                       0x080001c7   Thumb Code     0  startup_stm32f411xe.o(.text)
    TIM1_TRG_COM_TIM11_IRQHandler            0x080001c7   Thumb Code     0  startup_stm32f411xe.o(.text)
    TIM1_UP_TIM10_IRQHandler                 0x080001c7   Thumb Code     0  startup_stm32f411xe.o(.text)
    TIM2_IRQHandler                          0x080001c7   Thumb Code     0  startup_stm32f411xe.o(.text)
    TIM3_IRQHandler                          0x080001c7   Thumb Code     0  startup_stm32f411xe.o(.text)
    TIM4_IRQHandler                          0x080001c7   Thumb Code     0  startup_stm32f411xe.o(.text)
    USART6_IRQHandler                        0x080001c7   Thumb Code     0  startup_stm32f411xe.o(.text)
    WWDG_IRQHandler                          0x080001c7   Thumb Code     0  startup_stm32f411xe.o(.text)
    tolower                                  0x080001d1   Thumb Code    12  tolower.o(.text)
    __aeabi_memcpy                           0x080001dd   Thumb Code    36  memcpya.o(.text)
    __aeabi_memcpy4                          0x080001dd   Thumb Code     0  memcpya.o(.text)
    __aeabi_memcpy8                          0x080001dd   Thumb Code     0  memcpya.o(.text)
    __aeabi_memset                           0x08000201   Thumb Code    14  memseta.o(.text)
    __aeabi_memset4                          0x08000201   Thumb Code     0  memseta.o(.text)
    __aeabi_memset8                          0x08000201   Thumb Code     0  memseta.o(.text)
    __aeabi_memclr                           0x0800020f   Thumb Code     4  memseta.o(.text)
    __aeabi_memclr4                          0x0800020f   Thumb Code     0  memseta.o(.text)
    __aeabi_memclr8                          0x0800020f   Thumb Code     0  memseta.o(.text)
    _memset$wrapper                          0x08000213   Thumb Code    18  memseta.o(.text)
    strstr                                   0x08000225   Thumb Code    36  strstr.o(.text)
    strchr                                   0x08000249   Thumb Code    20  strchr.o(.text)
    strlen                                   0x0800025d   Thumb Code    14  strlen.o(.text)
    strncat                                  0x0800026b   Thumb Code    40  strncat.o(.text)
    strncmp                                  0x08000293   Thumb Code    30  strncmp.o(.text)
    atoi                                     0x080002b1   Thumb Code    26  atoi.o(.text)
    __aeabi_dadd                             0x080002cb   Thumb Code   322  dadd.o(.text)
    __aeabi_dsub                             0x0800040d   Thumb Code     6  dadd.o(.text)
    __aeabi_drsub                            0x08000413   Thumb Code     6  dadd.o(.text)
    __aeabi_dmul                             0x08000419   Thumb Code   228  dmul.o(.text)
    __aeabi_ddiv                             0x080004fd   Thumb Code   222  ddiv.o(.text)
    __aeabi_i2d                              0x080005db   Thumb Code    34  dflti.o(.text)
    __aeabi_ui2d                             0x080005fd   Thumb Code    26  dfltui.o(.text)
    __aeabi_d2iz                             0x08000617   Thumb Code    62  dfixi.o(.text)
    __aeabi_f2d                              0x08000655   Thumb Code    38  f2d.o(.text)
    __aeabi_cdrcmple                         0x0800067d   Thumb Code    48  cdrcmple.o(.text)
    __aeabi_d2f                              0x080006ad   Thumb Code    56  d2f.o(.text)
    __aeabi_uidiv                            0x080006e5   Thumb Code     0  uidiv.o(.text)
    __aeabi_uidivmod                         0x080006e5   Thumb Code    44  uidiv.o(.text)
    __aeabi_uldivmod                         0x08000711   Thumb Code    98  uldiv.o(.text)
    __aeabi_llsl                             0x08000773   Thumb Code    30  llshl.o(.text)
    _ll_shift_l                              0x08000773   Thumb Code     0  llshl.o(.text)
    __aeabi_llsr                             0x08000791   Thumb Code    32  llushr.o(.text)
    _ll_ushift_r                             0x08000791   Thumb Code     0  llushr.o(.text)
    __aeabi_lasr                             0x080007b1   Thumb Code    36  llsshr.o(.text)
    _ll_sshift_r                             0x080007b1   Thumb Code     0  llsshr.o(.text)
    strtol                                   0x080007d5   Thumb Code   112  strtol.o(.text)
    __I$use$fp                               0x08000845   Thumb Code     0  iusefp.o(.text)
    _float_round                             0x08000845   Thumb Code    18  fepilogue.o(.text)
    _float_epilogue                          0x08000857   Thumb Code    92  fepilogue.o(.text)
    _double_round                            0x080008b3   Thumb Code    30  depilogue.o(.text)
    _double_epilogue                         0x080008d1   Thumb Code   156  depilogue.o(.text)
    __ARM_scalbn                             0x0800096d   Thumb Code    46  dscalb.o(.text)
    scalbn                                   0x0800096d   Thumb Code     0  dscalb.o(.text)
    __aeabi_d2ulz                            0x0800099b   Thumb Code    48  dfixul.o(.text)
    __scatterload                            0x080009cd   Thumb Code    28  init.o(.text)
    __scatterload_rt2                        0x080009cd   Thumb Code     0  init.o(.text)
    __rt_ctype_table                         0x080009f1   Thumb Code     4  ctype_o.o(.text)
    _strtoul                                 0x080009f9   Thumb Code   158  _strtoul.o(.text)
    _dsqrt                                   0x08000a97   Thumb Code   162  dsqrt.o(.text)
    _chval                                   0x08000b39   Thumb Code    28  _chval.o(.text)
    ADC_Cmd                                  0x08000b55   Thumb Code    24  stm32f4xx_adc.o(i.ADC_Cmd)
    ADC_CommonInit                           0x08000b6d   Thumb Code    30  stm32f4xx_adc.o(i.ADC_CommonInit)
    ADC_GetConversionValue                   0x08000b95   Thumb Code     6  stm32f4xx_adc.o(i.ADC_GetConversionValue)
    ADC_GetFlagStatus                        0x08000b9b   Thumb Code    14  stm32f4xx_adc.o(i.ADC_GetFlagStatus)
    ADC_Init                                 0x08000ba9   Thumb Code    66  stm32f4xx_adc.o(i.ADC_Init)
    ADC_RegularChannelConfig                 0x08000bf5   Thumb Code   116  stm32f4xx_adc.o(i.ADC_RegularChannelConfig)
    ADC_SoftwareStartConv                    0x08000c69   Thumb Code    10  stm32f4xx_adc.o(i.ADC_SoftwareStartConv)
    Adc_Init                                 0x08000c75   Thumb Code   116  adc.o(i.Adc_Init)
    BH1750_Byte_Write                        0x08000cf1   Thumb Code    52  i2c_bh1750.o(i.BH1750_Byte_Write)
    BH1750_Init                              0x08000d25   Thumb Code    22  i2c_bh1750.o(i.BH1750_Init)
    BH1750_Power_ON                          0x08000d3b   Thumb Code     6  i2c_bh1750.o(i.BH1750_Power_ON)
    BH1750_Read_Measure                      0x08000d41   Thumb Code    56  i2c_bh1750.o(i.BH1750_Read_Measure)
    BusFault_Handler                         0x08000d79   Thumb Code     2  stm32f4xx_it.o(i.BusFault_Handler)
    Copy_HZK16                               0x08000d7d   Thumb Code    60  text.o(i.Copy_HZK16)
    Copy_HZK24                               0x08000dbd   Thumb Code    64  text.o(i.Copy_HZK24)
    Copy_Mem                                 0x08000e01   Thumb Code    22  text.o(i.Copy_Mem)
    DEBUG_LOG                                0x08000e19   Thumb Code    76  usart.o(i.DEBUG_LOG)
    DHT11_GPIO_Config                        0x08000e79   Thumb Code    46  dht11.o(i.DHT11_GPIO_Config)
    DebugMon_Handler                         0x08000ee9   Thumb Code     2  stm32f4xx_it.o(i.DebugMon_Handler)
    DrawFont_GBK16B                          0x08000eed   Thumb Code    50  gbk_libdrive.o(i.DrawFont_GBK16B)
    Draw_Font16B                             0x08000f29   Thumb Code    42  text.o(i.Draw_Font16B)
    ESP8266_Clear                            0x08000f59   Thumb Code    18  esp8266.o(i.ESP8266_Clear)
    ESP8266_GetIPD                           0x08000f75   Thumb Code    68  esp8266.o(i.ESP8266_GetIPD)
    ESP8266_Init                             0x08000fe9   Thumb Code   268  esp8266.o(i.ESP8266_Init)
    ESP8266_SendCmd                          0x0800129d   Thumb Code    64  esp8266.o(i.ESP8266_SendCmd)
    ESP8266_SendData                         0x080012e1   Thumb Code    46  esp8266.o(i.ESP8266_SendData)
    ESP8266_WaitRecive                       0x08001325   Thumb Code    30  esp8266.o(i.ESP8266_WaitRecive)
    ESP8266_init                             0x08001349   Thumb Code   210  main.o(i.ESP8266_init)
    EXTI_ClearITPendingBit                   0x08001455   Thumb Code     6  stm32f4xx_exti.o(i.EXTI_ClearITPendingBit)
    Fan_speed_set                            0x08001461   Thumb Code    62  main.o(i.Fan_speed_set)
    FontLib_Read                             0x080014a5   Thumb Code    98  gbk_libdrive.o(i.FontLib_Read)
    GBK_GetASC_Point                         0x0800150d   Thumb Code    96  gbk_libdrive.o(i.GBK_GetASC_Point)
    GBK_Lib_GetHz                            0x08001581   Thumb Code   126  gbk_libdrive.o(i.GBK_Lib_GetHz)
    GBK_Lib_Init                             0x08001609   Thumb Code     4  gbk_libdrive.o(i.GBK_Lib_Init)
    GBK_ReadID                               0x0800160d   Thumb Code   130  gbk_libdrive.o(i.GBK_ReadID)
    GBK_ShowASCII                            0x0800168f   Thumb Code   170  gbk_libdrive.o(i.GBK_ShowASCII)
    GBK_Show_Font                            0x08001739   Thumb Code   160  gbk_libdrive.o(i.GBK_Show_Font)
    GBK_Show_Str                             0x080017d9   Thumb Code   190  gbk_libdrive.o(i.GBK_Show_Str)
    GBK_delay                                0x08001897   Thumb Code    24  gbk_libdrive.o(i.GBK_delay)
    GPIO_Config                              0x080018b1   Thumb Code   152  gpio.o(i.GPIO_Config)
    GPIO_Init                                0x08001955   Thumb Code   124  stm32f4xx_gpio.o(i.GPIO_Init)
    GPIO_PinAFConfig                         0x080019d1   Thumb Code    32  stm32f4xx_gpio.o(i.GPIO_PinAFConfig)
    GPIO_ReadInputDataBit                    0x080019f1   Thumb Code    14  stm32f4xx_gpio.o(i.GPIO_ReadInputDataBit)
    GPIO_ResetBits                           0x080019ff   Thumb Code     4  stm32f4xx_gpio.o(i.GPIO_ResetBits)
    GPIO_SetBits                             0x08001a03   Thumb Code     4  stm32f4xx_gpio.o(i.GPIO_SetBits)
    GPIO_WriteBit                            0x08001a07   Thumb Code    12  stm32f4xx_gpio.o(i.GPIO_WriteBit)
    Get_Adc                                  0x08001a15   Thumb Code    44  adc.o(i.Get_Adc)
    Get_Adc_Average                          0x08001a45   Thumb Code    46  adc.o(i.Get_Adc_Average)
    Get_HzMat                                0x08001a73   Thumb Code    80  text.o(i.Get_HzMat)
    HardFault_Handler                        0x08001ac3   Thumb Code     2  stm32f4xx_it.o(i.HardFault_Handler)
    KEY_Init                                 0x08001af5   Thumb Code    44  key.o(i.KEY_Init)
    KEY_Scan                                 0x08001b25   Thumb Code   190  key.o(i.KEY_Scan)
    LCD_Clear                                0x08001bed   Thumb Code    54  lcd.o(i.LCD_Clear)
    LCD_Display_Dir                          0x08001c29   Thumb Code   180  lcd.o(i.LCD_Display_Dir)
    LCD_Fast_DrawPoint                       0x08001ce5   Thumb Code    26  lcd.o(i.LCD_Fast_DrawPoint)
    LCD_GPIO_Init                            0x08001d05   Thumb Code    66  lcd.o(i.LCD_GPIO_Init)
    LCD_HardwareRest                         0x08001d4d   Thumb Code    34  lcd.o(i.LCD_HardwareRest)
    LCD_Init                                 0x08001d75   Thumb Code   486  lcd.o(i.LCD_Init)
    LCD_SetCursor                            0x08001f61   Thumb Code    78  lcd.o(i.LCD_SetCursor)
    LCD_Set_Window                           0x08001fb9   Thumb Code   132  lcd.o(i.LCD_Set_Window)
    LCD_ShowChar                             0x08002045   Thumb Code   200  lcd.o(i.LCD_ShowChar)
    LCD_SoftRest                             0x08002121   Thumb Code    18  lcd.o(i.LCD_SoftRest)
    LCD_WR_DATA16                            0x08002135   Thumb Code    36  lcd.o(i.LCD_WR_DATA16)
    LCD_WR_DATA8                             0x0800215d   Thumb Code    26  lcd.o(i.LCD_WR_DATA8)
    LCD_WR_REG                               0x0800217d   Thumb Code    28  lcd.o(i.LCD_WR_REG)
    LCD_WriteRAM_Prepare                     0x0800219d   Thumb Code     8  lcd.o(i.LCD_WriteRAM_Prepare)
    LCD_WriteReg                             0x080021a9   Thumb Code    18  lcd.o(i.LCD_WriteReg)
    LIght_Intensity                          0x080021bd   Thumb Code    24  i2c_bh1750.o(i.LIght_Intensity)
    MQTT_DeleteBuffer                        0x080021d9   Thumb Code    28  mqttkit.o(i.MQTT_DeleteBuffer)
    MQTT_DumpLength                          0x080021f5   Thumb Code    36  mqttkit.o(i.MQTT_DumpLength)
    MQTT_NewBuffer                           0x08002219   Thumb Code    86  mqttkit.o(i.MQTT_NewBuffer)
    MQTT_PacketConnect                       0x08002271   Thumb Code   608  mqttkit.o(i.MQTT_PacketConnect)
    MQTT_PacketPublish                       0x080024d5   Thumb Code   356  mqttkit.o(i.MQTT_PacketPublish)
    MQTT_PacketPublishComp                   0x08002639   Thumb Code    70  mqttkit.o(i.MQTT_PacketPublishComp)
    MQTT_PacketPublishRel                    0x0800267f   Thumb Code    70  mqttkit.o(i.MQTT_PacketPublishRel)
    MQTT_PacketSubscribe                     0x080026c5   Thumb Code   222  mqttkit.o(i.MQTT_PacketSubscribe)
    MQTT_ReadLength                          0x080027a3   Thumb Code    62  mqttkit.o(i.MQTT_ReadLength)
    MQTT_UnPacketCmd                         0x080027e1   Thumb Code   130  mqttkit.o(i.MQTT_UnPacketCmd)
    MQTT_UnPacketConnectAck                  0x08002863   Thumb Code    26  mqttkit.o(i.MQTT_UnPacketConnectAck)
    MQTT_UnPacketPublish                     0x0800287d   Thumb Code   388  mqttkit.o(i.MQTT_UnPacketPublish)
    MQTT_UnPacketPublishAck                  0x08002a09   Thumb Code    28  mqttkit.o(i.MQTT_UnPacketPublishAck)
    MQTT_UnPacketPublishComp                 0x08002a25   Thumb Code    28  mqttkit.o(i.MQTT_UnPacketPublishComp)
    MQTT_UnPacketPublishRec                  0x08002a41   Thumb Code    28  mqttkit.o(i.MQTT_UnPacketPublishRec)
    MQTT_UnPacketPublishRel                  0x08002a5d   Thumb Code    34  mqttkit.o(i.MQTT_UnPacketPublishRel)
    MQTT_UnPacketRecv                        0x08002a81   Thumb Code    94  mqttkit.o(i.MQTT_UnPacketRecv)
    MQTT_UnPacketSubscribe                   0x08002ae9   Thumb Code    44  mqttkit.o(i.MQTT_UnPacketSubscribe)
    MQTT_UnPacketUnSubscribe                 0x08002b15   Thumb Code    20  mqttkit.o(i.MQTT_UnPacketUnSubscribe)
    MemManage_Handler                        0x08002b29   Thumb Code     2  stm32f4xx_it.o(i.MemManage_Handler)
    NMI_Handler                              0x08002b2b   Thumb Code     2  stm32f4xx_it.o(i.NMI_Handler)
    NVIC_Init                                0x08002b2d   Thumb Code    98  misc.o(i.NVIC_Init)
    NVIC_PriorityGroupConfig                 0x08002b95   Thumb Code    10  misc.o(i.NVIC_PriorityGroupConfig)
    OneNet_DevLink                           0x08002ba9   Thumb Code   224  onenet.o(i.OneNet_DevLink)
    OneNet_Publish                           0x08002e0d   Thumb Code    72  onenet.o(i.OneNet_Publish)
    OneNet_RevPro                            0x08002e55   Thumb Code   878  onenet.o(i.OneNet_RevPro)
    OneNet_Subscribe                         0x08003421   Thumb Code    80  onenet.o(i.OneNet_Subscribe)
    PendSV_Handler                           0x08003489   Thumb Code     2  stm32f4xx_it.o(i.PendSV_Handler)
    RCC_AHB1PeriphClockCmd                   0x0800348d   Thumb Code    22  stm32f4xx_rcc.o(i.RCC_AHB1PeriphClockCmd)
    RCC_APB1PeriphClockCmd                   0x080034a9   Thumb Code    22  stm32f4xx_rcc.o(i.RCC_APB1PeriphClockCmd)
    RCC_APB1PeriphResetCmd                   0x080034c5   Thumb Code    22  stm32f4xx_rcc.o(i.RCC_APB1PeriphResetCmd)
    RCC_APB2PeriphClockCmd                   0x080034e1   Thumb Code    22  stm32f4xx_rcc.o(i.RCC_APB2PeriphClockCmd)
    RCC_GetClocksFreq                        0x080034fd   Thumb Code   148  stm32f4xx_rcc.o(i.RCC_GetClocksFreq)
    RTC_Alarm_IRQHandler                     0x080035a1   Thumb Code    40  rtc.o(i.RTC_Alarm_IRQHandler)
    RTC_ClearFlag                            0x080035d5   Thumb Code    22  stm32f4xx_rtc.o(i.RTC_ClearFlag)
    RTC_GetFlagStatus                        0x080035f1   Thumb Code    20  stm32f4xx_rtc.o(i.RTC_GetFlagStatus)
    RTC_WKUP_IRQHandler                      0x0800360d   Thumb Code    34  rtc.o(i.RTC_WKUP_IRQHandler)
    Read_DHT11                               0x08003691   Thumb Code   150  dht11.o(i.Read_DHT11)
    SPI2_Init                                0x0800372d   Thumb Code   184  lcd.o(i.SPI2_Init)
    SPI2_ReadWriteByte                       0x080037ed   Thumb Code    26  lcd.o(i.SPI2_ReadWriteByte)
    SPI_Cmd                                  0x0800380d   Thumb Code    24  stm32f4xx_spi.o(i.SPI_Cmd)
    SPI_Init                                 0x08003825   Thumb Code    56  stm32f4xx_spi.o(i.SPI_Init)
    SVC_Handler                              0x0800385d   Thumb Code     2  stm32f4xx_it.o(i.SVC_Handler)
    Show_Font                                0x08003915   Thumb Code   164  text.o(i.Show_Font)
    Show_Str                                 0x080039bd   Thumb Code   180  text.o(i.Show_Str)
    SysTick_CLKSourceConfig                  0x08003a71   Thumb Code    28  misc.o(i.SysTick_CLKSourceConfig)
    SysTick_Handler                          0x08003a8d   Thumb Code     2  stm32f4xx_it.o(i.SysTick_Handler)
    SystemInit                               0x08003a91   Thumb Code    74  system_stm32f4xx.o(i.SystemInit)
    TIM3_PWM_Init                            0x08003aed   Thumb Code   152  tim.o(i.TIM3_PWM_Init)
    TIM4_PWM_Init                            0x08003b8d   Thumb Code   136  tim.o(i.TIM4_PWM_Init)
    TIM5_IRQHandler                          0x08003c1d   Thumb Code   128  main.o(i.TIM5_IRQHandler)
    TIM5_Int_Init                            0x08003cb9   Thumb Code    88  tim.o(i.TIM5_Int_Init)
    TIM_ARRPreloadConfig                     0x08003d15   Thumb Code    24  stm32f4xx_tim.o(i.TIM_ARRPreloadConfig)
    TIM_ClearITPendingBit                    0x08003d2d   Thumb Code     6  stm32f4xx_tim.o(i.TIM_ClearITPendingBit)
    TIM_Cmd                                  0x08003d33   Thumb Code    24  stm32f4xx_tim.o(i.TIM_Cmd)
    TIM_GetITStatus                          0x08003d4b   Thumb Code    24  stm32f4xx_tim.o(i.TIM_GetITStatus)
    TIM_ITConfig                             0x08003d63   Thumb Code    20  stm32f4xx_tim.o(i.TIM_ITConfig)
    TIM_OC1Init                              0x08003d79   Thumb Code    96  stm32f4xx_tim.o(i.TIM_OC1Init)
    TIM_OC1PreloadConfig                     0x08003de1   Thumb Code    12  stm32f4xx_tim.o(i.TIM_OC1PreloadConfig)
    TIM_OC4Init                              0x08003ded   Thumb Code    92  stm32f4xx_tim.o(i.TIM_OC4Init)
    TIM_OC4PreloadConfig                     0x08003e51   Thumb Code    20  stm32f4xx_tim.o(i.TIM_OC4PreloadConfig)
    TIM_SetCompare1                          0x08003e65   Thumb Code     4  stm32f4xx_tim.o(i.TIM_SetCompare1)
    TIM_SetCompare4                          0x08003e69   Thumb Code     4  stm32f4xx_tim.o(i.TIM_SetCompare4)
    TIM_TimeBaseInit                         0x08003e6d   Thumb Code    96  stm32f4xx_tim.o(i.TIM_TimeBaseInit)
    USART1_IRQHandler                        0x08003ee9   Thumb Code    34  usart.o(i.USART1_IRQHandler)
    USART2_IRQHandler                        0x08003f11   Thumb Code    60  esp8266.o(i.USART2_IRQHandler)
    USART_ClearFlag                          0x08003f59   Thumb Code     8  stm32f4xx_usart.o(i.USART_ClearFlag)
    USART_ClearITPendingBit                  0x08003f61   Thumb Code    16  stm32f4xx_usart.o(i.USART_ClearITPendingBit)
    USART_Cmd                                0x08003f71   Thumb Code    24  stm32f4xx_usart.o(i.USART_Cmd)
    USART_DMACmd                             0x08003f89   Thumb Code    20  stm32f4xx_usart.o(i.USART_DMACmd)
    USART_GetFlagStatus                      0x08003f9d   Thumb Code    14  stm32f4xx_usart.o(i.USART_GetFlagStatus)
    USART_GetITStatus                        0x08003fab   Thumb Code    64  stm32f4xx_usart.o(i.USART_GetITStatus)
    USART_ITConfig                           0x08003feb   Thumb Code    54  stm32f4xx_usart.o(i.USART_ITConfig)
    USART_Init                               0x08004021   Thumb Code   180  stm32f4xx_usart.o(i.USART_Init)
    USART_ReceiveData                        0x080040dd   Thumb Code     8  stm32f4xx_usart.o(i.USART_ReceiveData)
    USART_SendData                           0x080040e5   Thumb Code     8  stm32f4xx_usart.o(i.USART_SendData)
    USARTx_Config                            0x080040ed   Thumb Code   180  usart.o(i.USARTx_Config)
    UsageFault_Handler                       0x080041a9   Thumb Code     2  stm32f4xx_it.o(i.UsageFault_Handler)
    Usart2_SendString                        0x080041ad   Thumb Code    48  usart.o(i.Usart2_SendString)
    UsartPrintf                              0x080041e1   Thumb Code    64  usart.o(i.UsartPrintf)
    __0printf                                0x08004225   Thumb Code    22  printfa.o(i.__0printf)
    __1printf                                0x08004225   Thumb Code     0  printfa.o(i.__0printf)
    __2printf                                0x08004225   Thumb Code     0  printfa.o(i.__0printf)
    __c89printf                              0x08004225   Thumb Code     0  printfa.o(i.__0printf)
    printf                                   0x08004225   Thumb Code     0  printfa.o(i.__0printf)
    __0sprintf                               0x08004245   Thumb Code    34  printfa.o(i.__0sprintf)
    __1sprintf                               0x08004245   Thumb Code     0  printfa.o(i.__0sprintf)
    __2sprintf                               0x08004245   Thumb Code     0  printfa.o(i.__0sprintf)
    __c89sprintf                             0x08004245   Thumb Code     0  printfa.o(i.__0sprintf)
    sprintf                                  0x08004245   Thumb Code     0  printfa.o(i.__0sprintf)
    __0vsnprintf                             0x0800426d   Thumb Code    40  printfa.o(i.__0vsnprintf)
    __1vsnprintf                             0x0800426d   Thumb Code     0  printfa.o(i.__0vsnprintf)
    __2vsnprintf                             0x0800426d   Thumb Code     0  printfa.o(i.__0vsnprintf)
    __c89vsnprintf                           0x0800426d   Thumb Code     0  printfa.o(i.__0vsnprintf)
    vsnprintf                                0x0800426d   Thumb Code     0  printfa.o(i.__0vsnprintf)
    __ARM_fpclassify                         0x08004299   Thumb Code    48  fpclassify.o(i.__ARM_fpclassify)
    __aeabi_errno_addr                       0x080042c9   Thumb Code     4  errno.o(i.__aeabi_errno_addr)
    __rt_errno_addr                          0x080042c9   Thumb Code     0  errno.o(i.__aeabi_errno_addr)
    __hardfp_pow                             0x080042d1   Thumb Code  3072  pow.o(i.__hardfp_pow)
    __kernel_poly                            0x08004f21   Thumb Code   248  poly.o(i.__kernel_poly)
    __mathlib_dbl_divzero                    0x08005019   Thumb Code    28  dunder.o(i.__mathlib_dbl_divzero)
    __mathlib_dbl_infnan2                    0x08005049   Thumb Code    20  dunder.o(i.__mathlib_dbl_infnan2)
    __mathlib_dbl_invalid                    0x08005061   Thumb Code    24  dunder.o(i.__mathlib_dbl_invalid)
    __mathlib_dbl_overflow                   0x08005081   Thumb Code    24  dunder.o(i.__mathlib_dbl_overflow)
    __mathlib_dbl_underflow                  0x080050a1   Thumb Code    24  dunder.o(i.__mathlib_dbl_underflow)
    __scatterload_copy                       0x080050c1   Thumb Code    14  handlers.o(i.__scatterload_copy)
    __scatterload_null                       0x080050cf   Thumb Code     2  handlers.o(i.__scatterload_null)
    __scatterload_zeroinit                   0x080050d1   Thumb Code    14  handlers.o(i.__scatterload_zeroinit)
    __set_errno                              0x080050e1   Thumb Code     6  errno.o(i.__set_errno)
    access_control                           0x080059c1   Thumb Code    68  main.o(i.access_control)
    alarm_set                                0x08005a09   Thumb Code   238  main.o(i.alarm_set)
    boma_Init                                0x08005b2d   Thumb Code    68  key.o(i.boma_Init)
    breathing_lamp                           0x08005b79   Thumb Code    22  main.o(i.breathing_lamp)
    cJSON_Delete                             0x08005b99   Thumb Code    66  cjson.o(i.cJSON_Delete)
    cJSON_GetErrorPtr                        0x08005be1   Thumb Code     6  cjson.o(i.cJSON_GetErrorPtr)
    cJSON_GetObjectItem                      0x08005bed   Thumb Code    28  cjson.o(i.cJSON_GetObjectItem)
    cJSON_Parse                              0x08005c29   Thumb Code     8  cjson.o(i.cJSON_Parse)
    cJSON_ParseWithOpts                      0x08005c31   Thumb Code    96  cjson.o(i.cJSON_ParseWithOpts)
    delay_init                               0x08005ce1   Thumb Code    46  delay.o(i.delay_init)
    delay_ms                                 0x08005d1d   Thumb Code    46  delay.o(i.delay_ms)
    delay_us                                 0x08005d51   Thumb Code    46  delay.o(i.delay_us)
    fabs                                     0x08005d85   Thumb Code    24  fabs.o(i.fabs)
    fputc                                    0x08005d9d   Thumb Code    14  usart.o(i.fputc)
    free                                     0x08005db1   Thumb Code    76  malloc.o(i.free)
    get_gas_real_value                       0x08005e01   Thumb Code   140  adc.o(i.get_gas_real_value)
    i2c_Ack                                  0x08005eb5   Thumb Code    52  i2c_bh1750_gpio.o(i.i2c_Ack)
    i2c_CheckDevice                          0x08005eed   Thumb Code    32  i2c_bh1750_gpio.o(i.i2c_CheckDevice)
    i2c_NAck                                 0x08005f19   Thumb Code    44  i2c_bh1750_gpio.o(i.i2c_NAck)
    i2c_ReadByte                             0x08005f49   Thumb Code    62  i2c_bh1750_gpio.o(i.i2c_ReadByte)
    i2c_SendByte                             0x08005f8d   Thumb Code    84  i2c_bh1750_gpio.o(i.i2c_SendByte)
    i2c_Start                                0x08005fe5   Thumb Code    52  i2c_bh1750_gpio.o(i.i2c_Start)
    i2c_Stop                                 0x0800601d   Thumb Code    36  i2c_bh1750_gpio.o(i.i2c_Stop)
    i2c_WaitAck                              0x08006045   Thumb Code    60  i2c_bh1750_gpio.o(i.i2c_WaitAck)
    main                                     0x08006085   Thumb Code  1450  main.o(i.main)
    malloc                                   0x08006639   Thumb Code    92  malloc.o(i.malloc)
    publish_tip                              0x08006cb5   Thumb Code   226  main.o(i.publish_tip)
    sqrt                                     0x08006dc9   Thumb Code   110  sqrt.o(i.sqrt)
    uart_init                                0x08006e39   Thumb Code   174  usart.o(i.uart_init)
    devPubTopic                              0x08006ef0   Data          11  main.o(.constdata)
    asc2_1206                                0x08006efb   Data        1140  font.o(.constdata)
    asc2_1608                                0x0800736f   Data        1520  font.o(.constdata)
    asc2_2412                                0x0800795f   Data        3420  font.o(.constdata)
    hz16                                     0x080086bb   Data        1258  font.o(.constdata)
    hz24                                     0x08008ba5   Data         740  font.o(.constdata)
    __mathlib_zero                           0x08008f18   Data           8  qnan.o(.constdata)
    __ctype_table                            0x08008f20   Data         129  ctype_o.o(.constdata)
    Region$$Table$$Base                      0x0800901c   Number         0  anon$$obj.o(Region$$Table)
    Region$$Table$$Limit                     0x0800903c   Number         0  anon$$obj.o(Region$$Table)
    ESP8266_INIT_OK                          0x20000000   Data           1  main.o(.data)
    clear_control                            0x20000001   Data           1  main.o(.data)
    x                                        0x20000002   Data           1  main.o(.data)
    devSubTopic                              0x20000008   Data           4  main.o(.data)
    light_limit                              0x2000000c   Data           4  main.o(.data)
    gas_value                                0x20000010   Data           4  main.o(.data)
    illumination                             0x20000014   Data           4  main.o(.data)
    body_status                              0x20000018   Data           4  main.o(.data)
    key_number                               0x2000001c   Data           4  main.o(.data)
    liv_LED_flag                             0x20000020   Data           4  main.o(.data)
    bed_LED_flag                             0x20000024   Data           4  main.o(.data)
    illumination_flag                        0x20000028   Data           4  main.o(.data)
    fanflag                                  0x2000002c   Data           4  main.o(.data)
    time_count                               0x20000030   Data           4  main.o(.data)
    DHT11_Data                               0x20000034   Data           5  main.o(.data)
    alarm                                    0x2000003c   Data          12  main.o(.data)
    SystemCoreClock                          0x20000048   Data           4  system_stm32f4xx.o(.data)
    AHBPrescTable                            0x2000004c   Data          16  system_stm32f4xx.o(.data)
    __stdout                                 0x20000060   Data           4  usart.o(.data)
    key_up                                   0x20000064   Data           1  key.o(.data)
    USE_HORIZONTAL                           0x20000076   Data           1  lcd.o(.data)
    POINT_COLOR                              0x20000078   Data           2  lcd.o(.data)
    BACK_COLOR                               0x2000007a   Data           2  lcd.o(.data)
    esp8266_cnt                              0x20000088   Data           2  esp8266.o(.data)
    esp8266_cntPre                           0x2000008a   Data           2  esp8266.o(.data)
    __microlib_freelist                      0x20000090   Data           4  mvars.o(.data)
    __microlib_freelist_initialised          0x20000094   Data           4  mvars.o(.data)
    PUB_BUF                                  0x2000009c   Data         256  main.o(.bss)
    oledBuf                                  0x2000019c   Data         100  main.o(.bss)
    lcddev                                   0x20000200   Data          14  lcd.o(.bss)
    esp8266_buf                              0x2000020e   Data         128  esp8266.o(.bss)
    __heap_base                              0x20000290   Data           0  startup_stm32f411xe.o(HEAP)
    __heap_limit                             0x20000490   Data           0  startup_stm32f411xe.o(HEAP)
    __initial_sp                             0x20000890   Data           0  startup_stm32f411xe.o(STACK)



==============================================================================

Memory Map of the image

  Image Entry point : 0x08000199

  Load Region LR_IROM1 (Base: 0x08000000, Size: 0x000090d8, Max: 0x00080000, ABSOLUTE)

    Execution Region ER_IROM1 (Exec base: 0x08000000, Load base: 0x08000000, Size: 0x0000903c, Max: 0x00080000, ABSOLUTE)

    Exec Addr    Load Addr    Size         Type   Attr      Idx    E Section Name        Object

    0x08000000   0x08000000   0x00000198   Data   RO          337    RESET               startup_stm32f411xe.o
    0x08000198   0x08000198   0x00000000   Code   RO         5626  * .ARM.Collect$$$$00000000  mc_w.l(entry.o)
    0x08000198   0x08000198   0x00000004   Code   RO         5991    .ARM.Collect$$$$00000001  mc_w.l(entry2.o)
    0x0800019c   0x0800019c   0x00000004   Code   RO         5994    .ARM.Collect$$$$00000004  mc_w.l(entry5.o)
    0x080001a0   0x080001a0   0x00000000   Code   RO         5996    .ARM.Collect$$$$00000008  mc_w.l(entry7b.o)
    0x080001a0   0x080001a0   0x00000000   Code   RO         5998    .ARM.Collect$$$$0000000A  mc_w.l(entry8b.o)
    0x080001a0   0x080001a0   0x00000008   Code   RO         5999    .ARM.Collect$$$$0000000B  mc_w.l(entry9a.o)
    0x080001a8   0x080001a8   0x00000000   Code   RO         6001    .ARM.Collect$$$$0000000D  mc_w.l(entry10a.o)
    0x080001a8   0x080001a8   0x00000000   Code   RO         6003    .ARM.Collect$$$$0000000F  mc_w.l(entry11a.o)
    0x080001a8   0x080001a8   0x00000004   Code   RO         5992    .ARM.Collect$$$$00002712  mc_w.l(entry2.o)
    0x080001ac   0x080001ac   0x00000024   Code   RO          338    .text               startup_stm32f411xe.o
    0x080001d0   0x080001d0   0x0000000c   Code   RO         5629    .text               mc_w.l(tolower.o)
    0x080001dc   0x080001dc   0x00000024   Code   RO         5631    .text               mc_w.l(memcpya.o)
    0x08000200   0x08000200   0x00000024   Code   RO         5633    .text               mc_w.l(memseta.o)
    0x08000224   0x08000224   0x00000024   Code   RO         5635    .text               mc_w.l(strstr.o)
    0x08000248   0x08000248   0x00000014   Code   RO         5637    .text               mc_w.l(strchr.o)
    0x0800025c   0x0800025c   0x0000000e   Code   RO         5639    .text               mc_w.l(strlen.o)
    0x0800026a   0x0800026a   0x00000028   Code   RO         5641    .text               mc_w.l(strncat.o)
    0x08000292   0x08000292   0x0000001e   Code   RO         5645    .text               mc_w.l(strncmp.o)
    0x080002b0   0x080002b0   0x0000001a   Code   RO         5938    .text               mc_w.l(atoi.o)
    0x080002ca   0x080002ca   0x0000014e   Code   RO         5940    .text               mf_w.l(dadd.o)
    0x08000418   0x08000418   0x000000e4   Code   RO         5942    .text               mf_w.l(dmul.o)
    0x080004fc   0x080004fc   0x000000de   Code   RO         5944    .text               mf_w.l(ddiv.o)
    0x080005da   0x080005da   0x00000022   Code   RO         5946    .text               mf_w.l(dflti.o)
    0x080005fc   0x080005fc   0x0000001a   Code   RO         5948    .text               mf_w.l(dfltui.o)
    0x08000616   0x08000616   0x0000003e   Code   RO         5950    .text               mf_w.l(dfixi.o)
    0x08000654   0x08000654   0x00000026   Code   RO         5952    .text               mf_w.l(f2d.o)
    0x0800067a   0x0800067a   0x00000002   PAD
    0x0800067c   0x0800067c   0x00000030   Code   RO         5956    .text               mf_w.l(cdrcmple.o)
    0x080006ac   0x080006ac   0x00000038   Code   RO         5958    .text               mf_w.l(d2f.o)
    0x080006e4   0x080006e4   0x0000002c   Code   RO         6005    .text               mc_w.l(uidiv.o)
    0x08000710   0x08000710   0x00000062   Code   RO         6007    .text               mc_w.l(uldiv.o)
    0x08000772   0x08000772   0x0000001e   Code   RO         6009    .text               mc_w.l(llshl.o)
    0x08000790   0x08000790   0x00000020   Code   RO         6011    .text               mc_w.l(llushr.o)
    0x080007b0   0x080007b0   0x00000024   Code   RO         6013    .text               mc_w.l(llsshr.o)
    0x080007d4   0x080007d4   0x00000070   Code   RO         6024    .text               mc_w.l(strtol.o)
    0x08000844   0x08000844   0x00000000   Code   RO         6026    .text               mc_w.l(iusefp.o)
    0x08000844   0x08000844   0x0000006e   Code   RO         6027    .text               mf_w.l(fepilogue.o)
    0x080008b2   0x080008b2   0x000000ba   Code   RO         6029    .text               mf_w.l(depilogue.o)
    0x0800096c   0x0800096c   0x0000002e   Code   RO         6033    .text               mf_w.l(dscalb.o)
    0x0800099a   0x0800099a   0x00000030   Code   RO         6035    .text               mf_w.l(dfixul.o)
    0x080009ca   0x080009ca   0x00000002   PAD
    0x080009cc   0x080009cc   0x00000024   Code   RO         6037    .text               mc_w.l(init.o)
    0x080009f0   0x080009f0   0x00000008   Code   RO         6039    .text               mc_w.l(ctype_o.o)
    0x080009f8   0x080009f8   0x0000009e   Code   RO         6067    .text               mc_w.l(_strtoul.o)
    0x08000a96   0x08000a96   0x000000a2   Code   RO         6069    .text               mf_w.l(dsqrt.o)
    0x08000b38   0x08000b38   0x0000001c   Code   RO         6071    .text               mc_w.l(_chval.o)
    0x08000b54   0x08000b54   0x00000018   Code   RO          938    i.ADC_Cmd           stm32f4xx_adc.o
    0x08000b6c   0x08000b6c   0x00000028   Code   RO          939    i.ADC_CommonInit    stm32f4xx_adc.o
    0x08000b94   0x08000b94   0x00000006   Code   RO          950    i.ADC_GetConversionValue  stm32f4xx_adc.o
    0x08000b9a   0x08000b9a   0x0000000e   Code   RO          951    i.ADC_GetFlagStatus  stm32f4xx_adc.o
    0x08000ba8   0x08000ba8   0x0000004c   Code   RO          958    i.ADC_Init          stm32f4xx_adc.o
    0x08000bf4   0x08000bf4   0x00000074   Code   RO          963    i.ADC_RegularChannelConfig  stm32f4xx_adc.o
    0x08000c68   0x08000c68   0x0000000a   Code   RO          965    i.ADC_SoftwareStartConv  stm32f4xx_adc.o
    0x08000c72   0x08000c72   0x00000002   PAD
    0x08000c74   0x08000c74   0x0000007c   Code   RO          660    i.Adc_Init          adc.o
    0x08000cf0   0x08000cf0   0x00000034   Code   RO          760    i.BH1750_Byte_Write  i2c_bh1750.o
    0x08000d24   0x08000d24   0x00000016   Code   RO          761    i.BH1750_Init       i2c_bh1750.o
    0x08000d3a   0x08000d3a   0x00000006   Code   RO          763    i.BH1750_Power_ON   i2c_bh1750.o
    0x08000d40   0x08000d40   0x00000038   Code   RO          765    i.BH1750_Read_Measure  i2c_bh1750.o
    0x08000d78   0x08000d78   0x00000002   Code   RO          229    i.BusFault_Handler  stm32f4xx_it.o
    0x08000d7a   0x08000d7a   0x00000002   PAD
    0x08000d7c   0x08000d7c   0x00000040   Code   RO         4887    i.Copy_HZK16        text.o
    0x08000dbc   0x08000dbc   0x00000044   Code   RO         4888    i.Copy_HZK24        text.o
    0x08000e00   0x08000e00   0x00000016   Code   RO         4889    i.Copy_Mem          text.o
    0x08000e16   0x08000e16   0x00000002   PAD
    0x08000e18   0x08000e18   0x00000060   Code   RO          459    i.DEBUG_LOG         usart.o
    0x08000e78   0x08000e78   0x00000034   Code   RO          619    i.DHT11_GPIO_Config  dht11.o
    0x08000eac   0x08000eac   0x0000001c   Code   RO          620    i.DHT11_Mode_IPU    dht11.o
    0x08000ec8   0x08000ec8   0x00000020   Code   RO          621    i.DHT11_Mode_Out_PP  dht11.o
    0x08000ee8   0x08000ee8   0x00000002   Code   RO          230    i.DebugMon_Handler  stm32f4xx_it.o
    0x08000eea   0x08000eea   0x00000002   PAD
    0x08000eec   0x08000eec   0x0000003c   Code   RO         4468    i.DrawFont_GBK16B   gbk_libdrive.o
    0x08000f28   0x08000f28   0x00000030   Code   RO         4890    i.Draw_Font16B      text.o
    0x08000f58   0x08000f58   0x0000001c   Code   RO         5311    i.ESP8266_Clear     esp8266.o
    0x08000f74   0x08000f74   0x00000074   Code   RO         5312    i.ESP8266_GetIPD    esp8266.o
    0x08000fe8   0x08000fe8   0x000002b4   Code   RO         5313    i.ESP8266_Init      esp8266.o
    0x0800129c   0x0800129c   0x00000044   Code   RO         5314    i.ESP8266_SendCmd   esp8266.o
    0x080012e0   0x080012e0   0x00000044   Code   RO         5315    i.ESP8266_SendData  esp8266.o
    0x08001324   0x08001324   0x00000024   Code   RO         5316    i.ESP8266_WaitRecive  esp8266.o
    0x08001348   0x08001348   0x0000010c   Code   RO            3    i.ESP8266_init      main.o
    0x08001454   0x08001454   0x0000000c   Code   RO         1743    i.EXTI_ClearITPendingBit  stm32f4xx_exti.o
    0x08001460   0x08001460   0x00000044   Code   RO            4    i.Fan_speed_set     main.o
    0x080014a4   0x080014a4   0x00000068   Code   RO         4471    i.FontLib_Read      gbk_libdrive.o
    0x0800150c   0x0800150c   0x00000074   Code   RO         4472    i.GBK_GetASC_Point  gbk_libdrive.o
    0x08001580   0x08001580   0x00000088   Code   RO         4474    i.GBK_Lib_GetHz     gbk_libdrive.o
    0x08001608   0x08001608   0x00000004   Code   RO         4475    i.GBK_Lib_Init      gbk_libdrive.o
    0x0800160c   0x0800160c   0x00000082   Code   RO         4476    i.GBK_ReadID        gbk_libdrive.o
    0x0800168e   0x0800168e   0x000000aa   Code   RO         4477    i.GBK_ShowASCII     gbk_libdrive.o
    0x08001738   0x08001738   0x000000a0   Code   RO         4478    i.GBK_Show_Font     gbk_libdrive.o
    0x080017d8   0x080017d8   0x000000be   Code   RO         4479    i.GBK_Show_Str      gbk_libdrive.o
    0x08001896   0x08001896   0x00000018   Code   RO         4481    i.GBK_delay         gbk_libdrive.o
    0x080018ae   0x080018ae   0x00000002   PAD
    0x080018b0   0x080018b0   0x000000a4   Code   RO          378    i.GPIO_Config       gpio.o
    0x08001954   0x08001954   0x0000007c   Code   RO         2088    i.GPIO_Init         stm32f4xx_gpio.o
    0x080019d0   0x080019d0   0x00000020   Code   RO         2089    i.GPIO_PinAFConfig  stm32f4xx_gpio.o
    0x080019f0   0x080019f0   0x0000000e   Code   RO         2092    i.GPIO_ReadInputDataBit  stm32f4xx_gpio.o
    0x080019fe   0x080019fe   0x00000004   Code   RO         2095    i.GPIO_ResetBits    stm32f4xx_gpio.o
    0x08001a02   0x08001a02   0x00000004   Code   RO         2096    i.GPIO_SetBits      stm32f4xx_gpio.o
    0x08001a06   0x08001a06   0x0000000c   Code   RO         2100    i.GPIO_WriteBit     stm32f4xx_gpio.o
    0x08001a12   0x08001a12   0x00000002   PAD
    0x08001a14   0x08001a14   0x00000030   Code   RO          661    i.Get_Adc           adc.o
    0x08001a44   0x08001a44   0x0000002e   Code   RO          662    i.Get_Adc_Average   adc.o
    0x08001a72   0x08001a72   0x00000050   Code   RO         4892    i.Get_HzMat         text.o
    0x08001ac2   0x08001ac2   0x00000002   Code   RO          231    i.HardFault_Handler  stm32f4xx_it.o
    0x08001ac4   0x08001ac4   0x00000030   Code   RO          816    i.I2C_BH1750_GPIOConfig  i2c_bh1750_gpio.o
    0x08001af4   0x08001af4   0x00000030   Code   RO          547    i.KEY_Init          key.o
    0x08001b24   0x08001b24   0x000000c8   Code   RO          548    i.KEY_Scan          key.o
    0x08001bec   0x08001bec   0x0000003c   Code   RO         4633    i.LCD_Clear         lcd.o
    0x08001c28   0x08001c28   0x000000bc   Code   RO         4637    i.LCD_Display_Dir   lcd.o
    0x08001ce4   0x08001ce4   0x00000020   Code   RO         4642    i.LCD_Fast_DrawPoint  lcd.o
    0x08001d04   0x08001d04   0x00000048   Code   RO         4644    i.LCD_GPIO_Init     lcd.o
    0x08001d4c   0x08001d4c   0x00000028   Code   RO         4645    i.LCD_HardwareRest  lcd.o
    0x08001d74   0x08001d74   0x000001ec   Code   RO         4646    i.LCD_Init          lcd.o
    0x08001f60   0x08001f60   0x00000058   Code   RO         4648    i.LCD_SetCursor     lcd.o
    0x08001fb8   0x08001fb8   0x0000008c   Code   RO         4649    i.LCD_Set_Window    lcd.o
    0x08002044   0x08002044   0x000000dc   Code   RO         4650    i.LCD_ShowChar      lcd.o
    0x08002120   0x08002120   0x00000012   Code   RO         4654    i.LCD_SoftRest      lcd.o
    0x08002132   0x08002132   0x00000002   PAD
    0x08002134   0x08002134   0x00000028   Code   RO         4655    i.LCD_WR_DATA16     lcd.o
    0x0800215c   0x0800215c   0x00000020   Code   RO         4656    i.LCD_WR_DATA8      lcd.o
    0x0800217c   0x0800217c   0x00000020   Code   RO         4657    i.LCD_WR_REG        lcd.o
    0x0800219c   0x0800219c   0x0000000c   Code   RO         4659    i.LCD_WriteRAM_Prepare  lcd.o
    0x080021a8   0x080021a8   0x00000012   Code   RO         4660    i.LCD_WriteReg      lcd.o
    0x080021ba   0x080021ba   0x00000002   PAD
    0x080021bc   0x080021bc   0x0000001c   Code   RO          766    i.LIght_Intensity   i2c_bh1750.o
    0x080021d8   0x080021d8   0x0000001c   Code   RO         5370    i.MQTT_DeleteBuffer  mqttkit.o
    0x080021f4   0x080021f4   0x00000024   Code   RO         5371    i.MQTT_DumpLength   mqttkit.o
    0x08002218   0x08002218   0x00000056   Code   RO         5372    i.MQTT_NewBuffer    mqttkit.o
    0x0800226e   0x0800226e   0x00000002   PAD
    0x08002270   0x08002270   0x00000264   Code   RO         5374    i.MQTT_PacketConnect  mqttkit.o
    0x080024d4   0x080024d4   0x00000164   Code   RO         5377    i.MQTT_PacketPublish  mqttkit.o
    0x08002638   0x08002638   0x00000046   Code   RO         5379    i.MQTT_PacketPublishComp  mqttkit.o
    0x0800267e   0x0800267e   0x00000046   Code   RO         5381    i.MQTT_PacketPublishRel  mqttkit.o
    0x080026c4   0x080026c4   0x000000de   Code   RO         5384    i.MQTT_PacketSubscribe  mqttkit.o
    0x080027a2   0x080027a2   0x0000003e   Code   RO         5386    i.MQTT_ReadLength   mqttkit.o
    0x080027e0   0x080027e0   0x00000082   Code   RO         5387    i.MQTT_UnPacketCmd  mqttkit.o
    0x08002862   0x08002862   0x0000001a   Code   RO         5388    i.MQTT_UnPacketConnectAck  mqttkit.o
    0x0800287c   0x0800287c   0x0000018c   Code   RO         5389    i.MQTT_UnPacketPublish  mqttkit.o
    0x08002a08   0x08002a08   0x0000001c   Code   RO         5390    i.MQTT_UnPacketPublishAck  mqttkit.o
    0x08002a24   0x08002a24   0x0000001c   Code   RO         5391    i.MQTT_UnPacketPublishComp  mqttkit.o
    0x08002a40   0x08002a40   0x0000001c   Code   RO         5392    i.MQTT_UnPacketPublishRec  mqttkit.o
    0x08002a5c   0x08002a5c   0x00000022   Code   RO         5393    i.MQTT_UnPacketPublishRel  mqttkit.o
    0x08002a7e   0x08002a7e   0x00000002   PAD
    0x08002a80   0x08002a80   0x00000068   Code   RO         5394    i.MQTT_UnPacketRecv  mqttkit.o
    0x08002ae8   0x08002ae8   0x0000002c   Code   RO         5395    i.MQTT_UnPacketSubscribe  mqttkit.o
    0x08002b14   0x08002b14   0x00000014   Code   RO         5396    i.MQTT_UnPacketUnSubscribe  mqttkit.o
    0x08002b28   0x08002b28   0x00000002   Code   RO          232    i.MemManage_Handler  stm32f4xx_it.o
    0x08002b2a   0x08002b2a   0x00000002   Code   RO          233    i.NMI_Handler       stm32f4xx_it.o
    0x08002b2c   0x08002b2c   0x00000068   Code   RO          888    i.NVIC_Init         misc.o
    0x08002b94   0x08002b94   0x00000014   Code   RO          889    i.NVIC_PriorityGroupConfig  misc.o
    0x08002ba8   0x08002ba8   0x00000264   Code   RO         5556    i.OneNet_DevLink    onenet.o
    0x08002e0c   0x08002e0c   0x00000048   Code   RO         5557    i.OneNet_Publish    onenet.o
    0x08002e54   0x08002e54   0x000005cc   Code   RO         5558    i.OneNet_RevPro     onenet.o
    0x08003420   0x08003420   0x00000068   Code   RO         5559    i.OneNet_Subscribe  onenet.o
    0x08003488   0x08003488   0x00000002   Code   RO          234    i.PendSV_Handler    stm32f4xx_it.o
    0x0800348a   0x0800348a   0x00000002   PAD
    0x0800348c   0x0800348c   0x0000001c   Code   RO         2581    i.RCC_AHB1PeriphClockCmd  stm32f4xx_rcc.o
    0x080034a8   0x080034a8   0x0000001c   Code   RO         2587    i.RCC_APB1PeriphClockCmd  stm32f4xx_rcc.o
    0x080034c4   0x080034c4   0x0000001c   Code   RO         2589    i.RCC_APB1PeriphResetCmd  stm32f4xx_rcc.o
    0x080034e0   0x080034e0   0x0000001c   Code   RO         2590    i.RCC_APB2PeriphClockCmd  stm32f4xx_rcc.o
    0x080034fc   0x080034fc   0x000000a4   Code   RO         2599    i.RCC_GetClocksFreq  stm32f4xx_rcc.o
    0x080035a0   0x080035a0   0x00000034   Code   RO          699    i.RTC_Alarm_IRQHandler  rtc.o
    0x080035d4   0x080035d4   0x0000001c   Code   RO         2893    i.RTC_ClearFlag     stm32f4xx_rtc.o
    0x080035f0   0x080035f0   0x0000001c   Code   RO         2905    i.RTC_GetFlagStatus  stm32f4xx_rtc.o
    0x0800360c   0x0800360c   0x00000022   Code   RO          704    i.RTC_WKUP_IRQHandler  rtc.o
    0x0800362e   0x0800362e   0x00000002   PAD
    0x08003630   0x08003630   0x00000060   Code   RO          622    i.Read_Byte         dht11.o
    0x08003690   0x08003690   0x0000009c   Code   RO          623    i.Read_DHT11        dht11.o
    0x0800372c   0x0800372c   0x000000c0   Code   RO         4661    i.SPI2_Init         lcd.o
    0x080037ec   0x080037ec   0x00000020   Code   RO         4662    i.SPI2_ReadWriteByte  lcd.o
    0x0800380c   0x0800380c   0x00000018   Code   RO         3439    i.SPI_Cmd           stm32f4xx_spi.o
    0x08003824   0x08003824   0x00000038   Code   RO         3452    i.SPI_Init          stm32f4xx_spi.o
    0x0800385c   0x0800385c   0x00000002   Code   RO          235    i.SVC_Handler       stm32f4xx_it.o
    0x0800385e   0x0800385e   0x00000002   PAD
    0x08003860   0x08003860   0x000000b4   Code   RO          300    i.SetSysClock       system_stm32f4xx.o
    0x08003914   0x08003914   0x000000a8   Code   RO         4893    i.Show_Font         text.o
    0x080039bc   0x080039bc   0x000000b4   Code   RO         4894    i.Show_Str          text.o
    0x08003a70   0x08003a70   0x0000001c   Code   RO          892    i.SysTick_CLKSourceConfig  misc.o
    0x08003a8c   0x08003a8c   0x00000002   Code   RO          236    i.SysTick_Handler   stm32f4xx_it.o
    0x08003a8e   0x08003a8e   0x00000002   PAD
    0x08003a90   0x08003a90   0x0000005c   Code   RO          302    i.SystemInit        system_stm32f4xx.o
    0x08003aec   0x08003aec   0x000000a0   Code   RO          401    i.TIM3_PWM_Init     tim.o
    0x08003b8c   0x08003b8c   0x00000090   Code   RO          402    i.TIM4_PWM_Init     tim.o
    0x08003c1c   0x08003c1c   0x0000009c   Code   RO            5    i.TIM5_IRQHandler   main.o
    0x08003cb8   0x08003cb8   0x0000005c   Code   RO          404    i.TIM5_Int_Init     tim.o
    0x08003d14   0x08003d14   0x00000018   Code   RO         3657    i.TIM_ARRPreloadConfig  stm32f4xx_tim.o
    0x08003d2c   0x08003d2c   0x00000006   Code   RO         3664    i.TIM_ClearITPendingBit  stm32f4xx_tim.o
    0x08003d32   0x08003d32   0x00000018   Code   RO         3669    i.TIM_Cmd           stm32f4xx_tim.o
    0x08003d4a   0x08003d4a   0x00000018   Code   RO         3690    i.TIM_GetITStatus   stm32f4xx_tim.o
    0x08003d62   0x08003d62   0x00000014   Code   RO         3694    i.TIM_ITConfig      stm32f4xx_tim.o
    0x08003d76   0x08003d76   0x00000002   PAD
    0x08003d78   0x08003d78   0x00000068   Code   RO         3698    i.TIM_OC1Init       stm32f4xx_tim.o
    0x08003de0   0x08003de0   0x0000000c   Code   RO         3701    i.TIM_OC1PreloadConfig  stm32f4xx_tim.o
    0x08003dec   0x08003dec   0x00000064   Code   RO         3713    i.TIM_OC4Init       stm32f4xx_tim.o
    0x08003e50   0x08003e50   0x00000014   Code   RO         3715    i.TIM_OC4PreloadConfig  stm32f4xx_tim.o
    0x08003e64   0x08003e64   0x00000004   Code   RO         3731    i.TIM_SetCompare1   stm32f4xx_tim.o
    0x08003e68   0x08003e68   0x00000004   Code   RO         3734    i.TIM_SetCompare4   stm32f4xx_tim.o
    0x08003e6c   0x08003e6c   0x0000007c   Code   RO         3741    i.TIM_TimeBaseInit  stm32f4xx_tim.o
    0x08003ee8   0x08003ee8   0x00000028   Code   RO          460    i.USART1_IRQHandler  usart.o
    0x08003f10   0x08003f10   0x00000048   Code   RO         5317    i.USART2_IRQHandler  esp8266.o
    0x08003f58   0x08003f58   0x00000008   Code   RO         4215    i.USART_ClearFlag   stm32f4xx_usart.o
    0x08003f60   0x08003f60   0x00000010   Code   RO         4216    i.USART_ClearITPendingBit  stm32f4xx_usart.o
    0x08003f70   0x08003f70   0x00000018   Code   RO         4219    i.USART_Cmd         stm32f4xx_usart.o
    0x08003f88   0x08003f88   0x00000014   Code   RO         4220    i.USART_DMACmd      stm32f4xx_usart.o
    0x08003f9c   0x08003f9c   0x0000000e   Code   RO         4222    i.USART_GetFlagStatus  stm32f4xx_usart.o
    0x08003faa   0x08003faa   0x00000040   Code   RO         4223    i.USART_GetITStatus  stm32f4xx_usart.o
    0x08003fea   0x08003fea   0x00000036   Code   RO         4225    i.USART_ITConfig    stm32f4xx_usart.o
    0x08004020   0x08004020   0x000000bc   Code   RO         4226    i.USART_Init        stm32f4xx_usart.o
    0x080040dc   0x080040dc   0x00000008   Code   RO         4233    i.USART_ReceiveData  stm32f4xx_usart.o
    0x080040e4   0x080040e4   0x00000008   Code   RO         4236    i.USART_SendData    stm32f4xx_usart.o
    0x080040ec   0x080040ec   0x000000bc   Code   RO          461    i.USARTx_Config     usart.o
    0x080041a8   0x080041a8   0x00000002   Code   RO          237    i.UsageFault_Handler  stm32f4xx_it.o
    0x080041aa   0x080041aa   0x00000002   PAD
    0x080041ac   0x080041ac   0x00000034   Code   RO          464    i.Usart2_SendString  usart.o
    0x080041e0   0x080041e0   0x00000044   Code   RO          465    i.UsartPrintf       usart.o
    0x08004224   0x08004224   0x00000020   Code   RO         5882    i.__0printf         mc_w.l(printfa.o)
    0x08004244   0x08004244   0x00000028   Code   RO         5884    i.__0sprintf        mc_w.l(printfa.o)
    0x0800426c   0x0800426c   0x0000002c   Code   RO         5887    i.__0vsnprintf      mc_w.l(printfa.o)
    0x08004298   0x08004298   0x00000030   Code   RO         5974    i.__ARM_fpclassify  m_wm.l(fpclassify.o)
    0x080042c8   0x080042c8   0x00000008   Code   RO         6017    i.__aeabi_errno_addr  mc_w.l(errno.o)
    0x080042d0   0x080042d0   0x00000c50   Code   RO         5612    i.__hardfp_pow      m_wm.l(pow.o)
    0x08004f20   0x08004f20   0x000000f8   Code   RO         5976    i.__kernel_poly     m_wm.l(poly.o)
    0x08005018   0x08005018   0x00000030   Code   RO         5960    i.__mathlib_dbl_divzero  m_wm.l(dunder.o)
    0x08005048   0x08005048   0x00000014   Code   RO         5962    i.__mathlib_dbl_infnan2  m_wm.l(dunder.o)
    0x0800505c   0x0800505c   0x00000004   PAD
    0x08005060   0x08005060   0x00000020   Code   RO         5963    i.__mathlib_dbl_invalid  m_wm.l(dunder.o)
    0x08005080   0x08005080   0x00000020   Code   RO         5964    i.__mathlib_dbl_overflow  m_wm.l(dunder.o)
    0x080050a0   0x080050a0   0x00000020   Code   RO         5966    i.__mathlib_dbl_underflow  m_wm.l(dunder.o)
    0x080050c0   0x080050c0   0x0000000e   Code   RO         6075    i.__scatterload_copy  mc_w.l(handlers.o)
    0x080050ce   0x080050ce   0x00000002   Code   RO         6076    i.__scatterload_null  mc_w.l(handlers.o)
    0x080050d0   0x080050d0   0x0000000e   Code   RO         6077    i.__scatterload_zeroinit  mc_w.l(handlers.o)
    0x080050de   0x080050de   0x00000002   PAD
    0x080050e0   0x080050e0   0x0000000c   Code   RO         6019    i.__set_errno       mc_w.l(errno.o)
    0x080050ec   0x080050ec   0x00000184   Code   RO         5889    i._fp_digits        mc_w.l(printfa.o)
    0x08005270   0x08005270   0x000006dc   Code   RO         5890    i._printf_core      mc_w.l(printfa.o)
    0x0800594c   0x0800594c   0x00000024   Code   RO         5891    i._printf_post_padding  mc_w.l(printfa.o)
    0x08005970   0x08005970   0x0000002e   Code   RO         5892    i._printf_pre_padding  mc_w.l(printfa.o)
    0x0800599e   0x0800599e   0x00000016   Code   RO         5893    i._snputc           mc_w.l(printfa.o)
    0x080059b4   0x080059b4   0x0000000a   Code   RO         5894    i._sputc            mc_w.l(printfa.o)
    0x080059be   0x080059be   0x00000002   PAD
    0x080059c0   0x080059c0   0x00000048   Code   RO            6    i.access_control    main.o
    0x08005a08   0x08005a08   0x00000124   Code   RO            7    i.alarm_set         main.o
    0x08005b2c   0x08005b2c   0x0000004c   Code   RO          549    i.boma_Init         key.o
    0x08005b78   0x08005b78   0x00000020   Code   RO            8    i.breathing_lamp    main.o
    0x08005b98   0x08005b98   0x00000048   Code   RO         4964    i.cJSON_Delete      cjson.o
    0x08005be0   0x08005be0   0x0000000c   Code   RO         4972    i.cJSON_GetErrorPtr  cjson.o
    0x08005bec   0x08005bec   0x0000001c   Code   RO         4973    i.cJSON_GetObjectItem  cjson.o
    0x08005c08   0x08005c08   0x00000020   Code   RO         4977    i.cJSON_New_Item    cjson.o
    0x08005c28   0x08005c28   0x00000008   Code   RO         4978    i.cJSON_Parse       cjson.o
    0x08005c30   0x08005c30   0x00000064   Code   RO         4979    i.cJSON_ParseWithOpts  cjson.o
    0x08005c94   0x08005c94   0x0000004c   Code   RO         4985    i.cJSON_strcasecmp  cjson.o
    0x08005ce0   0x08005ce0   0x0000003c   Code   RO          344    i.delay_init        delay.o
    0x08005d1c   0x08005d1c   0x00000034   Code   RO          345    i.delay_ms          delay.o
    0x08005d50   0x08005d50   0x00000034   Code   RO          346    i.delay_us          delay.o
    0x08005d84   0x08005d84   0x00000018   Code   RO         5602    i.fabs              m_wm.l(fabs.o)
    0x08005d9c   0x08005d9c   0x00000014   Code   RO          467    i.fputc             usart.o
    0x08005db0   0x08005db0   0x00000050   Code   RO         5910    i.free              mc_w.l(malloc.o)
    0x08005e00   0x08005e00   0x000000b4   Code   RO          663    i.get_gas_real_value  adc.o
    0x08005eb4   0x08005eb4   0x00000038   Code   RO          817    i.i2c_Ack           i2c_bh1750_gpio.o
    0x08005eec   0x08005eec   0x00000020   Code   RO          818    i.i2c_CheckDevice   i2c_bh1750_gpio.o
    0x08005f0c   0x08005f0c   0x0000000c   Code   RO          819    i.i2c_Delay         i2c_bh1750_gpio.o
    0x08005f18   0x08005f18   0x00000030   Code   RO          820    i.i2c_NAck          i2c_bh1750_gpio.o
    0x08005f48   0x08005f48   0x00000044   Code   RO          821    i.i2c_ReadByte      i2c_bh1750_gpio.o
    0x08005f8c   0x08005f8c   0x00000058   Code   RO          822    i.i2c_SendByte      i2c_bh1750_gpio.o
    0x08005fe4   0x08005fe4   0x00000038   Code   RO          823    i.i2c_Start         i2c_bh1750_gpio.o
    0x0800601c   0x0800601c   0x00000028   Code   RO          824    i.i2c_Stop          i2c_bh1750_gpio.o
    0x08006044   0x08006044   0x00000040   Code   RO          825    i.i2c_WaitAck       i2c_bh1750_gpio.o
    0x08006084   0x08006084   0x000005b4   Code   RO            9    i.main              main.o
    0x08006638   0x08006638   0x0000006c   Code   RO         5911    i.malloc            mc_w.l(malloc.o)
    0x080066a4   0x080066a4   0x0000009c   Code   RO         4989    i.parse_array       cjson.o
    0x08006740   0x08006740   0x000000be   Code   RO         4990    i.parse_hex4        cjson.o
    0x080067fe   0x080067fe   0x00000002   PAD
    0x08006800   0x08006800   0x0000018c   Code   RO         4991    i.parse_number      cjson.o
    0x0800698c   0x0800698c   0x000000f0   Code   RO         4992    i.parse_object      cjson.o
    0x08006a7c   0x08006a7c   0x0000017c   Code   RO         4993    i.parse_string      cjson.o
    0x08006bf8   0x08006bf8   0x000000bc   Code   RO         4994    i.parse_value       cjson.o
    0x08006cb4   0x08006cb4   0x00000100   Code   RO           10    i.publish_tip       main.o
    0x08006db4   0x08006db4   0x00000014   Code   RO         5002    i.skip              cjson.o
    0x08006dc8   0x08006dc8   0x0000006e   Code   RO         5981    i.sqrt              m_wm.l(sqrt.o)
    0x08006e36   0x08006e36   0x00000002   PAD
    0x08006e38   0x08006e38   0x000000b8   Code   RO          468    i.uart_init         usart.o
    0x08006ef0   0x08006ef0   0x0000000b   Data   RO           12    .constdata          main.o
    0x08006efb   0x08006efb   0x00000474   Data   RO         4609    .constdata          font.o
    0x0800736f   0x0800736f   0x000005f0   Data   RO         4610    .constdata          font.o
    0x0800795f   0x0800795f   0x00000d5c   Data   RO         4611    .constdata          font.o
    0x080086bb   0x080086bb   0x000004ea   Data   RO         4612    .constdata          font.o
    0x08008ba5   0x08008ba5   0x000002e4   Data   RO         4613    .constdata          font.o
    0x08008e89   0x08008e89   0x00000007   Data   RO         5005    .constdata          cjson.o
    0x08008e90   0x08008e90   0x00000088   Data   RO         5615    .constdata          m_wm.l(pow.o)
    0x08008f18   0x08008f18   0x00000008   Data   RO         5978    .constdata          m_wm.l(qnan.o)
    0x08008f20   0x08008f20   0x00000081   Data   RO         6040    .constdata          mc_w.l(ctype_o.o)
    0x08008fa1   0x08008fa1   0x00000003   PAD
    0x08008fa4   0x08008fa4   0x00000004   Data   RO         6041    .constdata          mc_w.l(ctype_o.o)
    0x08008fa8   0x08008fa8   0x00000072   Data   RO           13    .conststring        main.o
    0x0800901a   0x0800901a   0x00000002   PAD
    0x0800901c   0x0800901c   0x00000020   Data   RO         6073    Region$$Table       anon$$obj.o


    Execution Region RW_IRAM1 (Exec base: 0x20000000, Load base: 0x0800903c, Size: 0x00000890, Max: 0x00018000, ABSOLUTE)

    Exec Addr    Load Addr    Size         Type   Attr      Idx    E Section Name        Object

    0x20000000   0x0800903c   0x00000048   Data   RW           14    .data               main.o
    0x20000048   0x08009084   0x00000014   Data   RW          303    .data               system_stm32f4xx.o
    0x2000005c   0x08009098   0x00000004   Data   RW          347    .data               delay.o
    0x20000060   0x0800909c   0x00000004   Data   RW          470    .data               usart.o
    0x20000064   0x080090a0   0x00000001   Data   RW          550    .data               key.o
    0x20000065   0x080090a1   0x00000010   Data   RW         2629    .data               stm32f4xx_rcc.o
    0x20000075   0x080090b1   0x00000001   PAD
    0x20000076   0x080090b2   0x00000006   Data   RW         4665    .data               lcd.o
    0x2000007c   0x080090b8   0x0000000c   Data   RW         5006    .data               cjson.o
    0x20000088   0x080090c4   0x00000004   Data   RW         5319    .data               esp8266.o
    0x2000008c   0x080090c8   0x00000002   Data   RW         5560    .data               onenet.o
    0x2000008e   0x080090ca   0x00000002   PAD
    0x20000090   0x080090cc   0x00000004   Data   RW         6015    .data               mc_w.l(mvars.o)
    0x20000094   0x080090d0   0x00000004   Data   RW         6016    .data               mc_w.l(mvars.o)
    0x20000098   0x080090d4   0x00000004   Data   RW         6020    .data               mc_w.l(errno.o)
    0x2000009c        -       0x00000164   Zero   RW           11    .bss                main.o
    0x20000200        -       0x0000000e   Zero   RW         4663    .bss                lcd.o
    0x2000020e        -       0x00000080   Zero   RW         5318    .bss                esp8266.o
    0x2000028e   0x080090d8   0x00000002   PAD
    0x20000290        -       0x00000200   Zero   RW          336    HEAP                startup_stm32f411xe.o
    0x20000490        -       0x00000400   Zero   RW          335    STACK               startup_stm32f411xe.o


==============================================================================

Image component sizes


      Code (inc. data)   RO Data    RW Data    ZI Data      Debug   Object Name

       398         52          0          0          0       2704   adc.o
      1898        104          7         12          0      14461   cjson.o
       164         26          0          4          0       1967   delay.o
       364         26          0          0          0       3413   dht11.o
      1080        526          0          4        128       6073   esp8266.o
         0          0       8078          0          0       1290   font.o
      1094         46          0          0          0       9719   gbk_libdrive.o
       164         12          0          0          0        666   gpio.o
       164          4          0          0          0       3036   i2c_bh1750.o
       512         34          0          0          0       6026   i2c_bh1750_gpio.o
       324         22          0          1          0       2199   key.o
      1708        108          0          6         14      14186   lcd.o
      2604        440        125         72        356     291738   main.o
       152         16          0          0          0       2513   misc.o
      2380         22          0          0          0      19652   mqttkit.o
      2272       1038          0          2          0       8099   onenet.o
        86         12          0          0          0       1121   rtc.o
        36          8        408          0       1536        824   startup_stm32f411xe.o
       286         20          0          0          0       6522   stm32f4xx_adc.o
        12          6          0          0          0        621   stm32f4xx_exti.o
       190          0          0          0          0       4779   stm32f4xx_gpio.o
        18          0          0          0          0       4498   stm32f4xx_it.o
       276         40          0         16          0       6072   stm32f4xx_rcc.o
        56         14          0          0          0       1348   stm32f4xx_rtc.o
        80          0          0          0          0       2069   stm32f4xx_spi.o
       466         44          0          0          0       9603   stm32f4xx_tim.o
       404          8          0          0          0       8604   stm32f4xx_usart.o
       272         34          0         20          0       1989   system_stm32f4xx.o
       630         18          0          0          0       6739   text.o
       396         20          0          0          0       2372   tim.o
       648         58          0          4          0       7549   usart.o

    ----------------------------------------------------------------------
     19168       2758       8652        144       2036     452452   Object Totals
         0          0         32          0          0          0   (incl. Generated)
        34          0          2          3          2          0   (incl. Padding)

    ----------------------------------------------------------------------

      Code (inc. data)   RO Data    RW Data    ZI Data      Debug   Library Member Name

       164         44          0          0          0        620   dunder.o
        24          0          0          0          0        124   fabs.o
        48          0          0          0          0        124   fpclassify.o
       248          0          0          0          0        152   poly.o
      3152        296        136          0          0        352   pow.o
         0          0          8          0          0          0   qnan.o
       110          0          0          0          0        148   sqrt.o
        28          0          0          0          0         68   _chval.o
       158          0          0          0          0         92   _strtoul.o
        26          0          0          0          0         80   atoi.o
         8          4        133          0          0         68   ctype_o.o
         0          0          0          0          0          0   entry.o
         0          0          0          0          0          0   entry10a.o
         0          0          0          0          0          0   entry11a.o
         8          4          0          0          0          0   entry2.o
         4          0          0          0          0          0   entry5.o
         0          0          0          0          0          0   entry7b.o
         0          0          0          0          0          0   entry8b.o
         8          4          0          0          0          0   entry9a.o
        20         10          0          4          0        136   errno.o
        30          0          0          0          0          0   handlers.o
        36          8          0          0          0         68   init.o
         0          0          0          0          0          0   iusefp.o
        30          0          0          0          0         68   llshl.o
        36          0          0          0          0         68   llsshr.o
        32          0          0          0          0         68   llushr.o
       188         20          0          0          0        160   malloc.o
        36          0          0          0          0         68   memcpya.o
        36          0          0          0          0        108   memseta.o
         0          0          0          8          0          0   mvars.o
      2374        100          0          0          0        752   printfa.o
        20          0          0          0          0         68   strchr.o
        14          0          0          0          0         68   strlen.o
        40          0          0          0          0         76   strncat.o
        30          0          0          0          0         80   strncmp.o
        36          0          0          0          0         80   strstr.o
       112          0          0          0          0         88   strtol.o
        12          0          0          0          0         68   tolower.o
        44          0          0          0          0         80   uidiv.o
        98          0          0          0          0         92   uldiv.o
        48          0          0          0          0         68   cdrcmple.o
        56          0          0          0          0         88   d2f.o
       334          0          0          0          0        148   dadd.o
       222          0          0          0          0        100   ddiv.o
       186          0          0          0          0        176   depilogue.o
        62          0          0          0          0         80   dfixi.o
        48          0          0          0          0         68   dfixul.o
        34          0          0          0          0         76   dflti.o
        26          0          0          0          0         76   dfltui.o
       228          0          0          0          0         96   dmul.o
        46          0          0          0          0         80   dscalb.o
       162          0          0          0          0        100   dsqrt.o
        38          0          0          0          0         68   f2d.o
       110          0          0          0          0        168   fepilogue.o

    ----------------------------------------------------------------------
      8824        490        280         12          0       5416   Library Totals
        14          0          3          0          0          0   (incl. Padding)

    ----------------------------------------------------------------------

      Code (inc. data)   RO Data    RW Data    ZI Data      Debug   Library Name

      3746        340        144          0          0       1520   m_wm.l
      3464        150        133         12          0       2504   mc_w.l
      1600          0          0          0          0       1392   mf_w.l

    ----------------------------------------------------------------------
      8824        490        280         12          0       5416   Library Totals

    ----------------------------------------------------------------------

==============================================================================


      Code (inc. data)   RO Data    RW Data    ZI Data      Debug   

     27992       3248       8932        156       2036     436688   Grand Totals
     27992       3248       8932        156       2036     436688   ELF Image Totals
     27992       3248       8932        156          0          0   ROM Totals

==============================================================================

    Total RO  Size (Code + RO Data)                36924 (  36.06kB)
    Total RW  Size (RW Data + ZI Data)              2192 (   2.14kB)
    Total ROM Size (Code + RO Data + RW Data)      37080 (  36.21kB)

==============================================================================

