Component: ARM Compiler 5.06 update 4 (build 422) Tool: armlink [4d35d2]

==============================================================================

Section Cross References

    main.o(i.main) refers to stm32f4xx_rcc.o(i.RCC_ClockSecuritySystemCmd) for RCC_ClockSecuritySystemCmd
    main.o(i.main) refers to system_stm32f4xx.o(i.SystemCoreClockUpdate) for SystemCoreClockUpdate
    main.o(i.main) refers to stm32f4xx_rcc.o(i.RCC_GetClocksFreq) for RCC_GetClocksFreq
    main.o(i.main) refers to delay.o(i.delay_ms) for delay_ms
    main.o(i.main) refers to usart.o(i.USART1_init) for USART1_init
    main.o(i.main) refers to gpio.o(i.GPIO_Config) for GPIO_Config
    main.o(i.main) refers to tim.o(i.TIM3_Config) for TIM3_Config
    main.o(i.main) refers to lcd.o(i.LCD_Init) for LCD_Init
    main.o(i.main) refers to gbk_libdrive.o(i.GBK_Lib_Init) for GBK_Lib_Init
    main.o(i.main) refers to lcd.o(i.Demo_Menu) for Demo_Menu
    main.o(i.main) refers to main.o(.bss) for .bss
    main.o(i.main) refers to lcd.o(.data) for POINT_COLOR
    stm32f4xx_it.o(i.SysTick_Handler) refers to delay.o(i.Delay_Decrement) for Delay_Decrement
    stm32f4xx_it.o(i.TIM3_IRQHandler) refers to stm32f4xx_tim.o(i.TIM_GetITStatus) for TIM_GetITStatus
    stm32f4xx_it.o(i.TIM3_IRQHandler) refers to stm32f4xx_tim.o(i.TIM_ClearITPendingBit) for TIM_ClearITPendingBit
    stm32f4xx_it.o(i.TIM3_IRQHandler) refers to tim.o(i.TIM3_IT_Update_Callback) for TIM3_IT_Update_Callback
    system_stm32f4xx.o(i.SystemCoreClockUpdate) refers to system_stm32f4xx.o(.data) for .data
    system_stm32f4xx.o(i.SystemInit) refers to system_stm32f4xx.o(i.SetSysClock) for SetSysClock
    startup_stm32f411xe.o(STACK) refers (Special) to heapauxi.o(.text) for __use_two_region_memory
    startup_stm32f411xe.o(HEAP) refers (Special) to heapauxi.o(.text) for __use_two_region_memory
    startup_stm32f411xe.o(RESET) refers (Special) to heapauxi.o(.text) for __use_two_region_memory
    startup_stm32f411xe.o(RESET) refers to startup_stm32f411xe.o(STACK) for __initial_sp
    startup_stm32f411xe.o(RESET) refers to startup_stm32f411xe.o(.text) for Reset_Handler
    startup_stm32f411xe.o(RESET) refers to stm32f4xx_it.o(i.NMI_Handler) for NMI_Handler
    startup_stm32f411xe.o(RESET) refers to stm32f4xx_it.o(i.HardFault_Handler) for HardFault_Handler
    startup_stm32f411xe.o(RESET) refers to stm32f4xx_it.o(i.MemManage_Handler) for MemManage_Handler
    startup_stm32f411xe.o(RESET) refers to stm32f4xx_it.o(i.BusFault_Handler) for BusFault_Handler
    startup_stm32f411xe.o(RESET) refers to stm32f4xx_it.o(i.UsageFault_Handler) for UsageFault_Handler
    startup_stm32f411xe.o(RESET) refers to stm32f4xx_it.o(i.SVC_Handler) for SVC_Handler
    startup_stm32f411xe.o(RESET) refers to stm32f4xx_it.o(i.DebugMon_Handler) for DebugMon_Handler
    startup_stm32f411xe.o(RESET) refers to stm32f4xx_it.o(i.PendSV_Handler) for PendSV_Handler
    startup_stm32f411xe.o(RESET) refers to stm32f4xx_it.o(i.SysTick_Handler) for SysTick_Handler
    startup_stm32f411xe.o(RESET) refers to stm32f4xx_it.o(i.TIM3_IRQHandler) for TIM3_IRQHandler
    startup_stm32f411xe.o(RESET) refers to usart.o(i.USART1_IRQHandler) for USART1_IRQHandler
    startup_stm32f411xe.o(.text) refers (Special) to heapauxi.o(.text) for __use_two_region_memory
    startup_stm32f411xe.o(.text) refers to system_stm32f4xx.o(i.SystemInit) for SystemInit
    startup_stm32f411xe.o(.text) refers to __main.o(!!!main) for __main
    startup_stm32f411xe.o(.text) refers to startup_stm32f411xe.o(HEAP) for Heap_Mem
    startup_stm32f411xe.o(.text) refers to startup_stm32f411xe.o(STACK) for Stack_Mem
    delay.o(i.Delay_Decrement) refers to delay.o(.data) for .data
    delay.o(i.delay_ms) refers to delay.o(.data) for .data
    gpio.o(i.GPIO_Config) refers to stm32f4xx_rcc.o(i.RCC_AHB1PeriphClockCmd) for RCC_AHB1PeriphClockCmd
    gpio.o(i.GPIO_Config) refers to stm32f4xx_gpio.o(i.GPIO_Init) for GPIO_Init
    gpio.o(i.GPIO_Config) refers to stm32f4xx_rcc.o(i.RCC_MCO1Config) for RCC_MCO1Config
    tim.o(i.TIM3_Config) refers to stm32f4xx_rcc.o(i.RCC_APB1PeriphClockCmd) for RCC_APB1PeriphClockCmd
    tim.o(i.TIM3_Config) refers to misc.o(i.NVIC_Init) for NVIC_Init
    tim.o(i.TIM3_Config) refers to stm32f4xx_tim.o(i.TIM_TimeBaseInit) for TIM_TimeBaseInit
    tim.o(i.TIM3_Config) refers to stm32f4xx_tim.o(i.TIM_PrescalerConfig) for TIM_PrescalerConfig
    tim.o(i.TIM3_Config) refers to stm32f4xx_tim.o(i.TIM_ITConfig) for TIM_ITConfig
    tim.o(i.TIM3_Config) refers to stm32f4xx_tim.o(i.TIM_Cmd) for TIM_Cmd
    tim.o(i.TIM3_Config) refers to system_stm32f4xx.o(.data) for SystemCoreClock
    tim.o(i.TIM3_IT_Update_Callback) refers to stm32f4xx_gpio.o(i.GPIO_SetBits) for GPIO_SetBits
    tim.o(i.TIM3_IT_Update_Callback) refers to stm32f4xx_gpio.o(i.GPIO_ResetBits) for GPIO_ResetBits
    tim.o(i.TIM3_IT_Update_Callback) refers to tim.o(.data) for .data
    usart.o(.rev16_text) refers (Special) to use_no_semi_2.o(.text) for __use_no_semihosting
[...]
    Removing stm32f4xx_spi.o(i.SPI_I2S_GetITStatus), (44 bytes).
    Removing stm32f4xx_spi.o(i.SPI_I2S_ITConfig), (28 bytes).
    Removing stm32f4xx_spi.o(i.SPI_I2S_ReceiveData), (4 bytes).
    Removing stm32f4xx_spi.o(i.SPI_I2S_SendData), (4 bytes).
    Removing stm32f4xx_spi.o(i.SPI_NSSInternalSoftwareConfig), (28 bytes).
    Removing stm32f4xx_spi.o(i.SPI_SSOutputCmd), (24 bytes).
    Removing stm32f4xx_spi.o(i.SPI_StructInit), (24 bytes).
    Removing stm32f4xx_spi.o(i.SPI_TIModeCmd), (24 bytes).
    Removing stm32f4xx_spi.o(i.SPI_TransmitCRC), (10 bytes).
    Removing stm32f4xx_syscfg.o(.rev16_text), (4 bytes).
    Removing stm32f4xx_syscfg.o(.revsh_text), (4 bytes).
    Removing stm32f4xx_syscfg.o(i.SYSCFG_CompensationCellCmd), (12 bytes).
    Removing stm32f4xx_syscfg.o(i.SYSCFG_DeInit), (24 bytes).
    Removing stm32f4xx_syscfg.o(i.SYSCFG_ETH_MediaInterfaceConfig), (12 bytes).
    Removing stm32f4xx_syscfg.o(i.SYSCFG_EXTILineConfig), (44 bytes).
    Removing stm32f4xx_syscfg.o(i.SYSCFG_GetCompensationCellStatus), (20 bytes).
    Removing stm32f4xx_syscfg.o(i.SYSCFG_MemoryRemapConfig), (12 bytes).
    Removing stm32f4xx_syscfg.o(i.SYSCFG_MemorySwappingBank), (12 bytes).
    Removing stm32f4xx_tim.o(.rev16_text), (4 bytes).
    Removing stm32f4xx_tim.o(.revsh_text), (4 bytes).
    Removing stm32f4xx_tim.o(i.TI1_Config), (46 bytes).
    Removing stm32f4xx_tim.o(i.TI2_Config), (54 bytes).
    Removing stm32f4xx_tim.o(i.TI3_Config), (50 bytes).
    Removing stm32f4xx_tim.o(i.TI4_Config), (54 bytes).
    Removing stm32f4xx_tim.o(i.TIM_ARRPreloadConfig), (24 bytes).
    Removing stm32f4xx_tim.o(i.TIM_BDTRConfig), (34 bytes).
    Removing stm32f4xx_tim.o(i.TIM_BDTRStructInit), (18 bytes).
    Removing stm32f4xx_tim.o(i.TIM_CCPreloadControl), (24 bytes).
    Removing stm32f4xx_tim.o(i.TIM_CCxCmd), (22 bytes).
    Removing stm32f4xx_tim.o(i.TIM_CCxNCmd), (22 bytes).
    Removing stm32f4xx_tim.o(i.TIM_ClearFlag), (6 bytes).
    Removing stm32f4xx_tim.o(i.TIM_ClearOC1Ref), (12 bytes).
    Removing stm32f4xx_tim.o(i.TIM_ClearOC2Ref), (20 bytes).
    Removing stm32f4xx_tim.o(i.TIM_ClearOC3Ref), (12 bytes).
    Removing stm32f4xx_tim.o(i.TIM_ClearOC4Ref), (20 bytes).
    Removing stm32f4xx_tim.o(i.TIM_CounterModeConfig), (12 bytes).
    Removing stm32f4xx_tim.o(i.TIM_CtrlPWMOutputs), (28 bytes).
    Removing stm32f4xx_tim.o(i.TIM_DMACmd), (20 bytes).
    Removing stm32f4xx_tim.o(i.TIM_DMAConfig), (8 bytes).
    Removing stm32f4xx_tim.o(i.TIM_DeInit), (428 bytes).
    Removing stm32f4xx_tim.o(i.TIM_ETRClockMode1Config), (32 bytes).
    Removing stm32f4xx_tim.o(i.TIM_ETRClockMode2Config), (20 bytes).
    Removing stm32f4xx_tim.o(i.TIM_ETRConfig), (24 bytes).
    Removing stm32f4xx_tim.o(i.TIM_EncoderInterfaceConfig), (50 bytes).
    Removing stm32f4xx_tim.o(i.TIM_ForcedOC1Config), (12 bytes).
    Removing stm32f4xx_tim.o(i.TIM_ForcedOC2Config), (20 bytes).
    Removing stm32f4xx_tim.o(i.TIM_ForcedOC3Config), (12 bytes).
    Removing stm32f4xx_tim.o(i.TIM_ForcedOC4Config), (20 bytes).
    Removing stm32f4xx_tim.o(i.TIM_GenerateEvent), (4 bytes).
    Removing stm32f4xx_tim.o(i.TIM_GetCapture1), (4 bytes).
    Removing stm32f4xx_tim.o(i.TIM_GetCapture2), (4 bytes).
    Removing stm32f4xx_tim.o(i.TIM_GetCapture3), (4 bytes).
    Removing stm32f4xx_tim.o(i.TIM_GetCapture4), (4 bytes).
    Removing stm32f4xx_tim.o(i.TIM_GetCounter), (4 bytes).
    Removing stm32f4xx_tim.o(i.TIM_GetFlagStatus), (14 bytes).
    Removing stm32f4xx_tim.o(i.TIM_GetPrescaler), (4 bytes).
    Removing stm32f4xx_tim.o(i.TIM_ICInit), (98 bytes).
    Removing stm32f4xx_tim.o(i.TIM_ICStructInit), (16 bytes).
    Removing stm32f4xx_tim.o(i.TIM_ITRxExternalClockConfig), (20 bytes).
    Removing stm32f4xx_tim.o(i.TIM_InternalClockConfig), (10 bytes).
    Removing stm32f4xx_tim.o(i.TIM_OC1FastConfig), (12 bytes).
    Removing stm32f4xx_tim.o(i.TIM_OC1Init), (104 bytes).
    Removing stm32f4xx_tim.o(i.TIM_OC1NPolarityConfig), (12 bytes).
    Removing stm32f4xx_tim.o(i.TIM_OC1PolarityConfig), (12 bytes).
    Removing stm32f4xx_tim.o(i.TIM_OC1PreloadConfig), (12 bytes).
    Removing stm32f4xx_tim.o(i.TIM_OC2FastConfig), (20 bytes).
    Removing stm32f4xx_tim.o(i.TIM_OC2Init), (136 bytes).
    Removing stm32f4xx_tim.o(i.TIM_OC2NPolarityConfig), (20 bytes).
    Removing stm32f4xx_tim.o(i.TIM_OC2PolarityConfig), (20 bytes).
    Removing stm32f4xx_tim.o(i.TIM_OC2PreloadConfig), (20 bytes).
    Removing stm32f4xx_tim.o(i.TIM_OC3FastConfig), (12 bytes).
    Removing stm32f4xx_tim.o(i.TIM_OC3Init), (132 bytes).
    Removing stm32f4xx_tim.o(i.TIM_OC3NPolarityConfig), (20 bytes).
    Removing stm32f4xx_tim.o(i.TIM_OC3PolarityConfig), (20 bytes).
    Removing stm32f4xx_tim.o(i.TIM_OC3PreloadConfig), (12 bytes).
    Removing stm32f4xx_tim.o(i.TIM_OC4FastConfig), (20 bytes).
    Removing stm32f4xx_tim.o(i.TIM_OC4Init), (100 bytes).
    Removing stm32f4xx_tim.o(i.TIM_OC4PolarityConfig), (20 bytes).
    Removing stm32f4xx_tim.o(i.TIM_OC4PreloadConfig), (20 bytes).
    Removing stm32f4xx_tim.o(i.TIM_OCStructInit), (20 bytes).
    Removing stm32f4xx_tim.o(i.TIM_PWMIConfig), (110 bytes).
    Removing stm32f4xx_tim.o(i.TIM_RemapConfig), (6 bytes).
    Removing stm32f4xx_tim.o(i.TIM_SelectCCDMA), (24 bytes).
    Removing stm32f4xx_tim.o(i.TIM_SelectCOM), (24 bytes).
    Removing stm32f4xx_tim.o(i.TIM_SelectHallSensor), (24 bytes).
    Removing stm32f4xx_tim.o(i.TIM_SelectInputTrigger), (12 bytes).
    Removing stm32f4xx_tim.o(i.TIM_SelectMasterSlaveMode), (16 bytes).
    Removing stm32f4xx_tim.o(i.TIM_SelectOCxM), (80 bytes).
    Removing stm32f4xx_tim.o(i.TIM_SelectOnePulseMode), (16 bytes).
    Removing stm32f4xx_tim.o(i.TIM_SelectOutputTrigger), (16 bytes).
    Removing stm32f4xx_tim.o(i.TIM_SelectSlaveMode), (16 bytes).
    Removing stm32f4xx_tim.o(i.TIM_SetAutoreload), (4 bytes).
    Removing stm32f4xx_tim.o(i.TIM_SetClockDivision), (16 bytes).
    Removing stm32f4xx_tim.o(i.TIM_SetCompare1), (4 bytes).
    Removing stm32f4xx_tim.o(i.TIM_SetCompare2), (4 bytes).
    Removing stm32f4xx_tim.o(i.TIM_SetCompare3), (4 bytes).
    Removing stm32f4xx_tim.o(i.TIM_SetCompare4), (4 bytes).
    Removing stm32f4xx_tim.o(i.TIM_SetCounter), (4 bytes).
    Removing stm32f4xx_tim.o(i.TIM_SetIC1Prescaler), (16 bytes).
    Removing stm32f4xx_tim.o(i.TIM_SetIC2Prescaler), (24 bytes).
    Removing stm32f4xx_tim.o(i.TIM_SetIC3Prescaler), (16 bytes).
    Removing stm32f4xx_tim.o(i.TIM_SetIC4Prescaler), (24 bytes).
    Removing stm32f4xx_tim.o(i.TIM_TIxExternalClockConfig), (48 bytes).
    Removing stm32f4xx_tim.o(i.TIM_TimeBaseStructInit), (18 bytes).
    Removing stm32f4xx_tim.o(i.TIM_UpdateDisableConfig), (24 bytes).
    Removing stm32f4xx_tim.o(i.TIM_UpdateRequestConfig), (24 bytes).
    Removing stm32f4xx_usart.o(.rev16_text), (4 bytes).
    Removing stm32f4xx_usart.o(.revsh_text), (4 bytes).
    Removing stm32f4xx_usart.o(i.USART_ClearITPendingBit), (16 bytes).
    Removing stm32f4xx_usart.o(i.USART_ClockInit), (28 bytes).
    Removing stm32f4xx_usart.o(i.USART_ClockStructInit), (12 bytes).
    Removing stm32f4xx_usart.o(i.USART_DMACmd), (20 bytes).
    Removing stm32f4xx_usart.o(i.USART_DeInit), (256 bytes).
    Removing stm32f4xx_usart.o(i.USART_GetFlagStatus), (14 bytes).
    Removing stm32f4xx_usart.o(i.USART_HalfDuplexCmd), (24 bytes).
    Removing stm32f4xx_usart.o(i.USART_IrDACmd), (24 bytes).
    Removing stm32f4xx_usart.o(i.USART_IrDAConfig), (16 bytes).
    Removing stm32f4xx_usart.o(i.USART_LINBreakDetectLengthConfig), (16 bytes).
    Removing stm32f4xx_usart.o(i.USART_LINCmd), (24 bytes).
    Removing stm32f4xx_usart.o(i.USART_OneBitMethodCmd), (24 bytes).
    Removing stm32f4xx_usart.o(i.USART_OverSampling8Cmd), (24 bytes).
    Removing stm32f4xx_usart.o(i.USART_ReceiverWakeUpCmd), (24 bytes).
    Removing stm32f4xx_usart.o(i.USART_SendBreak), (10 bytes).
    Removing stm32f4xx_usart.o(i.USART_SendData), (8 bytes).
    Removing stm32f4xx_usart.o(i.USART_SetAddress), (16 bytes).
    Removing stm32f4xx_usart.o(i.USART_SetGuardTime), (16 bytes).
    Removing stm32f4xx_usart.o(i.USART_SetPrescaler), (16 bytes).
    Removing stm32f4xx_usart.o(i.USART_SmartCardCmd), (24 bytes).
    Removing stm32f4xx_usart.o(i.USART_SmartCardNACKCmd), (24 bytes).
    Removing stm32f4xx_usart.o(i.USART_StructInit), (22 bytes).
    Removing stm32f4xx_usart.o(i.USART_WakeUpConfig), (16 bytes).
    Removing stm32f4xx_wwdg.o(.rev16_text), (4 bytes).
    Removing stm32f4xx_wwdg.o(.revsh_text), (4 bytes).
    Removing stm32f4xx_wwdg.o(i.WWDG_ClearFlag), (12 bytes).
    Removing stm32f4xx_wwdg.o(i.WWDG_DeInit), (24 bytes).
    Removing stm32f4xx_wwdg.o(i.WWDG_Enable), (16 bytes).
    Removing stm32f4xx_wwdg.o(i.WWDG_EnableIT), (12 bytes).
    Removing stm32f4xx_wwdg.o(i.WWDG_GetFlagStatus), (20 bytes).
    Removing stm32f4xx_wwdg.o(i.WWDG_SetCounter), (16 bytes).
    Removing stm32f4xx_wwdg.o(i.WWDG_SetPrescaler), (20 bytes).
    Removing stm32f4xx_wwdg.o(i.WWDG_SetWindowValue), (32 bytes).
    Removing gbk_libdrive.o(.rev16_text), (4 bytes).
    Removing gbk_libdrive.o(.revsh_text), (4 bytes).
    Removing gbk_libdrive.o(i.DrawFont_GBK24B), (60 bytes).
    Removing dis_picture.o(.rev16_text), (4 bytes).
    Removing dis_picture.o(.revsh_text), (4 bytes).
    Removing lcd.o(.rev16_text), (4 bytes).
    Removing lcd.o(.revsh_text), (4 bytes).
    Removing lcd.o(i.DisplayButtonDown), (124 bytes).
    Removing lcd.o(i.DisplayButtonUp), (126 bytes).
    Removing lcd.o(i.LCD_Color_Fill), (68 bytes).
    Removing lcd.o(i.LCD_DisplayOff), (6 bytes).
    Removing lcd.o(i.LCD_DisplayOn), (6 bytes).
    Removing lcd.o(i.LCD_DrawPoint), (28 bytes).
    Removing lcd.o(i.LCD_Pow), (16 bytes).
    Removing lcd.o(i.LCD_ShowNum), (124 bytes).
    Removing lcd.o(i.LCD_ShowString), (84 bytes).
    Removing lcd.o(i.LCD_ShowxNum), (162 bytes).
    Removing lcd.o(i.LCD_WriteRAM), (4 bytes).
    Removing picture.o(.rev16_text), (4 bytes).
    Removing picture.o(.revsh_text), (4 bytes).
    Removing text.o(.rev16_text), (4 bytes).
    Removing text.o(.revsh_text), (4 bytes).

599 unused section(s) (total 21980 bytes) removed from the image.

==============================================================================

Image Symbol Table

    Local Symbols

    Symbol Name                              Value     Ov Type        Size  Object(Section)

    ../clib/angel/boardlib.s                 0x00000000   Number         0  boardinit1.o ABSOLUTE
    ../clib/angel/boardlib.s                 0x00000000   Number         0  boardinit2.o ABSOLUTE
    ../clib/angel/boardlib.s                 0x00000000   Number         0  boardinit3.o ABSOLUTE
    ../clib/angel/boardlib.s                 0x00000000   Number         0  boardshut.o ABSOLUTE
    ../clib/angel/handlers.s                 0x00000000   Number         0  __scatter_copy.o ABSOLUTE
    ../clib/angel/handlers.s                 0x00000000   Number         0  __scatter_zi.o ABSOLUTE
    ../clib/angel/kernel.s                   0x00000000   Number         0  __rtentry.o ABSOLUTE
    ../clib/angel/kernel.s                   0x00000000   Number         0  __rtentry4.o ABSOLUTE
    ../clib/angel/kernel.s                   0x00000000   Number         0  __rtentry2.o ABSOLUTE
    ../clib/angel/kernel.s                   0x00000000   Number         0  rtexit.o ABSOLUTE
    ../clib/angel/kernel.s                   0x00000000   Number         0  rtexit2.o ABSOLUTE
    ../clib/angel/rt.s                       0x00000000   Number         0  rt_raise.o ABSOLUTE
    ../clib/angel/scatter.s                  0x00000000   Number         0  __scatter.o ABSOLUTE
    ../clib/angel/startup.s                  0x00000000   Number         0  __main.o ABSOLUTE
    ../clib/angel/sys.s                      0x00000000   Number         0  use_no_semi.o ABSOLUTE
    ../clib/angel/sys.s                      0x00000000   Number         0  use_no_semi_2.o ABSOLUTE
    ../clib/angel/sys.s                      0x00000000   Number         0  sys_stackheap_outer.o ABSOLUTE
    ../clib/angel/sys.s                      0x00000000   Number         0  libspace.o ABSOLUTE
    ../clib/angel/sys.s                      0x00000000   Number         0  indicate_semi.o ABSOLUTE
    ../clib/angel/sysapp.c                   0x00000000   Number         0  sys_command.o ABSOLUTE
    ../clib/angel/sysapp.c                   0x00000000   Number         0  sys_wrch.o ABSOLUTE
    ../clib/armsys.c                         0x00000000   Number         0  argv_veneer.o ABSOLUTE
    ../clib/armsys.c                         0x00000000   Number         0  argv_veneer.o ABSOLUTE
    ../clib/armsys.c                         0x00000000   Number         0  _get_argv_nomalloc.o ABSOLUTE
    ../clib/armsys.c                         0x00000000   Number         0  no_argv.o ABSOLUTE
    ../clib/heapalloc.c                      0x00000000   Number         0  hrguard.o ABSOLUTE
    ../clib/heapaux.c                        0x00000000   Number         0  heapauxi.o ABSOLUTE
    ../clib/libinit.s                        0x00000000   Number         0  libinit2.o ABSOLUTE
    ../clib/libinit.s                        0x00000000   Number         0  libshutdown2.o ABSOLUTE
    ../clib/libinit.s                        0x00000000   Number         0  libinit.o ABSOLUTE
    ../clib/libinit.s                        0x00000000   Number         0  libshutdown.o ABSOLUTE
    ../clib/signal.c                         0x00000000   Number         0  defsig_stak_inner.o ABSOLUTE
    ../clib/signal.c                         0x00000000   Number         0  defsig_rtmem_inner.o ABSOLUTE
    ../clib/signal.c                         0x00000000   Number         0  defsig_exit.o ABSOLUTE
    ../clib/signal.c                         0x00000000   Number         0  defsig_other.o ABSOLUTE
    ../clib/signal.c                         0x00000000   Number         0  defsig_segv_inner.o ABSOLUTE
    ../clib/signal.c                         0x00000000   Number         0  defsig_cppl_inner.o ABSOLUTE
    ../clib/signal.c                         0x00000000   Number         0  defsig_pvfn_inner.o ABSOLUTE
    ../clib/signal.c                         0x00000000   Number         0  defsig_general.o ABSOLUTE
    ../clib/signal.c                         0x00000000   Number         0  defsig_fpe_inner.o ABSOLUTE
    ../clib/signal.c                         0x00000000   Number         0  defsig_abrt_inner.o ABSOLUTE
    ../clib/signal.c                         0x00000000   Number         0  defsig_rtred_inner.o ABSOLUTE
    ../clib/signal.c                         0x00000000   Number         0  __raise.o ABSOLUTE
    ../clib/signal.c                         0x00000000   Number         0  defsig_rtmem_outer.o ABSOLUTE
    ../clib/signal.c                         0x00000000   Number         0  defsig_rtmem_formal.o ABSOLUTE
    ../clib/signal.s                         0x00000000   Number         0  defsig.o ABSOLUTE
    ../clib/stdlib.c                         0x00000000   Number         0  exit.o ABSOLUTE
    ../clib/string.c                         0x00000000   Number         0  strlen.o ABSOLUTE
    ../fplib/fpinit.s                        0x00000000   Number         0  fpinit.o ABSOLUTE
    ..\Core\Src\main.c                       0x00000000   Number         0  main.o ABSOLUTE
    ..\Core\Src\stm32f4xx_it.c               0x00000000   Number         0  stm32f4xx_it.o ABSOLUTE
    ..\Core\Src\system_stm32f4xx.c           0x00000000   Number         0  system_stm32f4xx.o ABSOLUTE
    ..\Drivers\GBK_LibDrive\GBK_LibDrive.c   0x00000000   Number         0  gbk_libdrive.o ABSOLUTE
    ..\Drivers\LCD144\Dis_Picture.c          0x00000000   Number         0  dis_picture.o ABSOLUTE
    ..\Drivers\LCD144\FONT.c                 0x00000000   Number         0  font.o ABSOLUTE
    ..\Drivers\LCD144\Picture.c              0x00000000   Number         0  picture.o ABSOLUTE
    ..\Drivers\LCD144\Text.c                 0x00000000   Number         0  text.o ABSOLUTE
    ..\Drivers\LCD144\lcd.c                  0x00000000   Number         0  lcd.o ABSOLUTE
    ..\Drivers\STM32F4xx_StdPeriph_Driver\src\misc.c 0x00000000   Number         0  misc.o ABSOLUTE
    ..\Drivers\STM32F4xx_StdPeriph_Driver\src\stm32f4xx_adc.c 0x00000000   Number         0  stm32f4xx_adc.o ABSOLUTE
    ..\Drivers\STM32F4xx_StdPeriph_Driver\src\stm32f4xx_crc.c 0x00000000   Number         0  stm32f4xx_crc.o ABSOLUTE
    ..\Drivers\STM32F4xx_StdPeriph_Driver\src\stm32f4xx_cryp.c 0x00000000   Number         0  stm32f4xx_cryp.o ABSOLUTE
    ..\Drivers\STM32F4xx_StdPeriph_Driver\src\stm32f4xx_cryp_aes.c 0x00000000   Number         0  stm32f4xx_cryp_aes.o ABSOLUTE
    ..\Drivers\STM32F4xx_StdPeriph_Driver\src\stm32f4xx_cryp_des.c 0x00000000   Number         0  stm32f4xx_cryp_des.o ABSOLUTE
    ..\Drivers\STM32F4xx_StdPeriph_Driver\src\stm32f4xx_cryp_tdes.c 0x00000000   Number         0  stm32f4xx_cryp_tdes.o ABSOLUTE
    ..\Drivers\STM32F4xx_StdPeriph_Driver\src\stm32f4xx_dac.c 0x00000000   Number         0  stm32f4xx_dac.o ABSOLUTE
    ..\Drivers\STM32F4xx_StdPeriph_Driver\src\stm32f4xx_dbgmcu.c 0x00000000   Number         0  stm32f4xx_dbgmcu.o ABSOLUTE
    ..\Drivers\STM32F4xx_StdPeriph_Driver\src\stm32f4xx_dma.c 0x00000000   Number         0  stm32f4xx_dma.o ABSOLUTE
    ..\Drivers\STM32F4xx_StdPeriph_Driver\src\stm32f4xx_exti.c 0x00000000   Number         0  stm32f4xx_exti.o ABSOLUTE
    ..\Drivers\STM32F4xx_StdPeriph_Driver\src\stm32f4xx_flash.c 0x00000000   Number         0  stm32f4xx_flash.o ABSOLUTE
    ..\Drivers\STM32F4xx_StdPeriph_Driver\src\stm32f4xx_flash_ramfunc.c 0x00000000   Number         0  stm32f4xx_flash_ramfunc.o ABSOLUTE
    ..\Drivers\STM32F4xx_StdPeriph_Driver\src\stm32f4xx_gpio.c 0x00000000   Number         0  stm32f4xx_gpio.o ABSOLUTE
    ..\Drivers\STM32F4xx_StdPeriph_Driver\src\stm32f4xx_i2c.c 0x00000000   Number         0  stm32f4xx_i2c.o ABSOLUTE
    ..\Drivers\STM32F4xx_StdPeriph_Driver\src\stm32f4xx_iwdg.c 0x00000000   Number         0  stm32f4xx_iwdg.o ABSOLUTE
    ..\Drivers\STM32F4xx_StdPeriph_Driver\src\stm32f4xx_pwr.c 0x00000000   Number         0  stm32f4xx_pwr.o ABSOLUTE
    ..\Drivers\STM32F4xx_StdPeriph_Driver\src\stm32f4xx_rcc.c 0x00000000   Number         0  stm32f4xx_rcc.o ABSOLUTE
    ..\Drivers\STM32F4xx_StdPeriph_Driver\src\stm32f4xx_rtc.c 0x00000000   Number         0  stm32f4xx_rtc.o ABSOLUTE
    ..\Drivers\STM32F4xx_StdPeriph_Driver\src\stm32f4xx_sdio.c 0x00000000   Number         0  stm32f4xx_sdio.o ABSOLUTE
    ..\Drivers\STM32F4xx_StdPeriph_Driver\src\stm32f4xx_spi.c 0x00000000   Number         0  stm32f4xx_spi.o ABSOLUTE
    ..\Drivers\STM32F4xx_StdPeriph_Driver\src\stm32f4xx_syscfg.c 0x00000000   Number         0  stm32f4xx_syscfg.o ABSOLUTE
    ..\Drivers\STM32F4xx_StdPeriph_Driver\src\stm32f4xx_tim.c 0x00000000   Number         0  stm32f4xx_tim.o ABSOLUTE
    ..\Drivers\STM32F4xx_StdPeriph_Driver\src\stm32f4xx_usart.c 0x00000000   Number         0  stm32f4xx_usart.o ABSOLUTE
    ..\Drivers\STM32F4xx_StdPeriph_Driver\src\stm32f4xx_wwdg.c 0x00000000   Number         0  stm32f4xx_wwdg.o ABSOLUTE
    ..\Middlewares\delay\delay.c             0x00000000   Number         0  delay.o ABSOLUTE
    ..\Middlewares\gpio\gpio.c               0x00000000   Number         0  gpio.o ABSOLUTE
    ..\Middlewares\tim\tim.c                 0x00000000   Number         0  tim.o ABSOLUTE
    ..\Middlewares\usart\usart.c             0x00000000   Number         0  usart.o ABSOLUTE
    ..\\Core\\Src\\main.c                    0x00000000   Number         0  main.o ABSOLUTE
    ..\\Core\\Src\\stm32f4xx_it.c            0x00000000   Number         0  stm32f4xx_it.o ABSOLUTE
    ..\\Core\\Src\\system_stm32f4xx.c        0x00000000   Number         0  system_stm32f4xx.o ABSOLUTE
    ..\\Drivers\\GBK_LibDrive\\GBK_LibDrive.c 0x00000000   Number         0  gbk_libdrive.o ABSOLUTE
    ..\\Drivers\\LCD144\\Dis_Picture.c       0x00000000   Number         0  dis_picture.o ABSOLUTE
    ..\\Drivers\\LCD144\\Picture.c           0x00000000   Number         0  picture.o ABSOLUTE
    ..\\Drivers\\LCD144\\Text.c              0x00000000   Number         0  text.o ABSOLUTE
    ..\\Drivers\\LCD144\\lcd.c               0x00000000   Number         0  lcd.o ABSOLUTE
    ..\\Drivers\\STM32F4xx_StdPeriph_Driver\\src\\misc.c 0x00000000   Number         0  misc.o ABSOLUTE
    ..\\Drivers\\STM32F4xx_StdPeriph_Driver\\src\\stm32f4xx_adc.c 0x00000000   Number         0  stm32f4xx_adc.o ABSOLUTE
    ..\\Drivers\\STM32F4xx_StdPeriph_Driver\\src\\stm32f4xx_crc.c 0x00000000   Number         0  stm32f4xx_crc.o ABSOLUTE
    ..\\Drivers\\STM32F4xx_StdPeriph_Driver\\src\\stm32f4xx_cryp.c 0x00000000   Number         0  stm32f4xx_cryp.o ABSOLUTE
    ..\\Drivers\\STM32F4xx_StdPeriph_Driver\\src\\stm32f4xx_cryp_aes.c 0x00000000   Number         0  stm32f4xx_cryp_aes.o ABSOLUTE
    ..\\Drivers\\STM32F4xx_StdPeriph_Driver\\src\\stm32f4xx_cryp_des.c 0x00000000   Number         0  stm32f4xx_cryp_des.o ABSOLUTE
    ..\\Drivers\\STM32F4xx_StdPeriph_Driver\\src\\stm32f4xx_cryp_tdes.c 0x00000000   Number         0  stm32f4xx_cryp_tdes.o ABSOLUTE
    ..\\Drivers\\STM32F4xx_StdPeriph_Driver\\src\\stm32f4xx_dac.c 0x00000000   Number         0  stm32f4xx_dac.o ABSOLUTE
    ..\\Drivers\\STM32F4xx_StdPeriph_Driver\\src\\stm32f4xx_dbgmcu.c 0x00000000   Number         0  stm32f4xx_dbgmcu.o ABSOLUTE
    ..\\Drivers\\STM32F4xx_StdPeriph_Driver\\src\\stm32f4xx_dma.c 0x00000000   Number         0  stm32f4xx_dma.o ABSOLUTE
    ..\\Drivers\\STM32F4xx_StdPeriph_Driver\\src\\stm32f4xx_exti.c 0x00000000   Number         0  stm32f4xx_exti.o ABSOLUTE
    ..\\Drivers\\STM32F4xx_StdPeriph_Driver\\src\\stm32f4xx_flash.c 0x00000000   Number         0  stm32f4xx_flash.o ABSOLUTE
    ..\\Drivers\\STM32F4xx_StdPeriph_Driver\\src\\stm32f4xx_flash_ramfunc.c 0x00000000   Number         0  stm32f4xx_flash_ramfunc.o ABSOLUTE
    ..\\Drivers\\STM32F4xx_StdPeriph_Driver\\src\\stm32f4xx_gpio.c 0x00000000   Number         0  stm32f4xx_gpio.o ABSOLUTE
    ..\\Drivers\\STM32F4xx_StdPeriph_Driver\\src\\stm32f4xx_i2c.c 0x00000000   Number         0  stm32f4xx_i2c.o ABSOLUTE
    ..\\Drivers\\STM32F4xx_StdPeriph_Driver\\src\\stm32f4xx_iwdg.c 0x00000000   Number         0  stm32f4xx_iwdg.o ABSOLUTE
    ..\\Drivers\\STM32F4xx_StdPeriph_Driver\\src\\stm32f4xx_pwr.c 0x00000000   Number         0  stm32f4xx_pwr.o ABSOLUTE
    ..\\Drivers\\STM32F4xx_StdPeriph_Driver\\src\\stm32f4xx_rcc.c 0x00000000   Number         0  stm32f4xx_rcc.o ABSOLUTE
    ..\\Drivers\\STM32F4xx_StdPeriph_Driver\\src\\stm32f4xx_rtc.c 0x00000000   Number         0  stm32f4xx_rtc.o ABSOLUTE
    ..\\Drivers\\STM32F4xx_StdPeriph_Driver\\src\\stm32f4xx_sdio.c 0x00000000   Number         0  stm32f4xx_sdio.o ABSOLUTE
    ..\\Drivers\\STM32F4xx_StdPeriph_Driver\\src\\stm32f4xx_spi.c 0x00000000   Number         0  stm32f4xx_spi.o ABSOLUTE
    ..\\Drivers\\STM32F4xx_StdPeriph_Driver\\src\\stm32f4xx_syscfg.c 0x00000000   Number         0  stm32f4xx_syscfg.o ABSOLUTE
    ..\\Drivers\\STM32F4xx_StdPeriph_Driver\\src\\stm32f4xx_tim.c 0x00000000   Number         0  stm32f4xx_tim.o ABSOLUTE
    ..\\Drivers\\STM32F4xx_StdPeriph_Driver\\src\\stm32f4xx_usart.c 0x00000000   Number         0  stm32f4xx_usart.o ABSOLUTE
    ..\\Drivers\\STM32F4xx_StdPeriph_Driver\\src\\stm32f4xx_wwdg.c 0x00000000   Number         0  stm32f4xx_wwdg.o ABSOLUTE
    ..\\Middlewares\\delay\\delay.c          0x00000000   Number         0  delay.o ABSOLUTE
    ..\\Middlewares\\gpio\\gpio.c            0x00000000   Number         0  gpio.o ABSOLUTE
    ..\\Middlewares\\tim\\tim.c              0x00000000   Number         0  tim.o ABSOLUTE
    ..\\Middlewares\\usart\\usart.c          0x00000000   Number         0  usart.o ABSOLUTE
    dc.s                                     0x00000000   Number         0  dc.o ABSOLUTE
    startup_stm32f411xe.s                    0x00000000   Number         0  startup_stm32f411xe.o ABSOLUTE
    RESET                                    0x08000000   Section      408  startup_stm32f411xe.o(RESET)
    !!!main                                  0x08000198   Section        8  __main.o(!!!main)
    !!!scatter                               0x080001a0   Section       52  __scatter.o(!!!scatter)
    !!handler_copy                           0x080001d4   Section       26  __scatter_copy.o(!!handler_copy)
    !!handler_zi                             0x080001f0   Section       28  __scatter_zi.o(!!handler_zi)
    .ARM.Collect$$libinit$$00000000          0x0800020c   Section        2  libinit.o(.ARM.Collect$$libinit$$00000000)
    .ARM.Collect$$libinit$$00000001          0x0800020e   Section        4  libinit2.o(.ARM.Collect$$libinit$$00000001)
    .ARM.Collect$$libinit$$00000004          0x08000212   Section        0  libinit2.o(.ARM.Collect$$libinit$$00000004)
    .ARM.Collect$$libinit$$0000000A          0x08000212   Section        0  libinit2.o(.ARM.Collect$$libinit$$0000000A)
    .ARM.Collect$$libinit$$0000000C          0x08000212   Section        0  libinit2.o(.ARM.Collect$$libinit$$0000000C)
    .ARM.Collect$$libinit$$0000000E          0x08000212   Section        0  libinit2.o(.ARM.Collect$$libinit$$0000000E)
    .ARM.Collect$$libinit$$00000011          0x08000212   Section        0  libinit2.o(.ARM.Collect$$libinit$$00000011)
    .ARM.Collect$$libinit$$00000013          0x08000212   Section        0  libinit2.o(.ARM.Collect$$libinit$$00000013)
    .ARM.Collect$$libinit$$00000015          0x08000212   Section        0  libinit2.o(.ARM.Collect$$libinit$$00000015)
    .ARM.Collect$$libinit$$00000017          0x08000212   Section        0  libinit2.o(.ARM.Collect$$libinit$$00000017)
    .ARM.Collect$$libinit$$00000019          0x08000212   Section        0  libinit2.o(.ARM.Collect$$libinit$$00000019)
    .ARM.Collect$$libinit$$0000001B          0x08000212   Section        0  libinit2.o(.ARM.Collect$$libinit$$0000001B)
    .ARM.Collect$$libinit$$0000001D          0x08000212   Section        0  libinit2.o(.ARM.Collect$$libinit$$0000001D)
    .ARM.Collect$$libinit$$0000001F          0x08000212   Section        0  libinit2.o(.ARM.Collect$$libinit$$0000001F)
    .ARM.Collect$$libinit$$00000021          0x08000212   Section        0  libinit2.o(.ARM.Collect$$libinit$$00000021)
    .ARM.Collect$$libinit$$00000023          0x08000212   Section        0  libinit2.o(.ARM.Collect$$libinit$$00000023)
    .ARM.Collect$$libinit$$00000025          0x08000212   Section        0  libinit2.o(.ARM.Collect$$libinit$$00000025)
    .ARM.Collect$$libinit$$0000002C          0x08000212   Section        0  libinit2.o(.ARM.Collect$$libinit$$0000002C)
    .ARM.Collect$$libinit$$0000002E          0x08000212   Section        0  libinit2.o(.ARM.Collect$$libinit$$0000002E)
    .ARM.Collect$$libinit$$00000030          0x08000212   Section        0  libinit2.o(.ARM.Collect$$libinit$$00000030)
    .ARM.Collect$$libinit$$00000032          0x08000212   Section        0  libinit2.o(.ARM.Collect$$libinit$$00000032)
    .ARM.Collect$$libinit$$00000033          0x08000212   Section        2  libinit2.o(.ARM.Collect$$libinit$$00000033)
    .ARM.Collect$$libshutdown$$00000000      0x08000214   Section        2  libshutdown.o(.ARM.Collect$$libshutdown$$00000000)
    .ARM.Collect$$libshutdown$$00000002      0x08000216   Section        0  libshutdown2.o(.ARM.Collect$$libshutdown$$00000002)
    .ARM.Collect$$libshutdown$$00000004      0x08000216   Section        0  libshutdown2.o(.ARM.Collect$$libshutdown$$00000004)
    .ARM.Collect$$libshutdown$$00000007      0x08000216   Section        0  libshutdown2.o(.ARM.Collect$$libshutdown$$00000007)
    .ARM.Collect$$libshutdown$$0000000A      0x08000216   Section        0  libshutdown2.o(.ARM.Collect$$libshutdown$$0000000A)
    .ARM.Collect$$libshutdown$$0000000C      0x08000216   Section        0  libshutdown2.o(.ARM.Collect$$libshutdown$$0000000C)
    .ARM.Collect$$libshutdown$$0000000F      0x08000216   Section        0  libshutdown2.o(.ARM.Collect$$libshutdown$$0000000F)
    .ARM.Collect$$libshutdown$$00000010      0x08000216   Section        2  libshutdown2.o(.ARM.Collect$$libshutdown$$00000010)
    .ARM.Collect$$rtentry$$00000000          0x08000218   Section        0  __rtentry.o(.ARM.Collect$$rtentry$$00000000)
    .ARM.Collect$$rtentry$$00000002          0x08000218   Section        0  __rtentry2.o(.ARM.Collect$$rtentry$$00000002)
    .ARM.Collect$$rtentry$$00000004          0x08000218   Section        6  __rtentry4.o(.ARM.Collect$$rtentry$$00000004)
    .ARM.Collect$$rtentry$$00000009          0x0800021e   Section        0  __rtentry2.o(.ARM.Collect$$rtentry$$00000009)
    .ARM.Collect$$rtentry$$0000000A          0x0800021e   Section        4  __rtentry2.o(.ARM.Collect$$rtentry$$0000000A)
    .ARM.Collect$$rtentry$$0000000C          0x08000222   Section        0  __rtentry2.o(.ARM.Collect$$rtentry$$0000000C)
    .ARM.Collect$$rtentry$$0000000D          0x08000222   Section        8  __rtentry2.o(.ARM.Collect$$rtentry$$0000000D)
    .ARM.Collect$$rtexit$$00000000           0x0800022a   Section        2  rtexit.o(.ARM.Collect$$rtexit$$00000000)
    .ARM.Collect$$rtexit$$00000002           0x0800022c   Section        0  rtexit2.o(.ARM.Collect$$rtexit$$00000002)
    .ARM.Collect$$rtexit$$00000003           0x0800022c   Section        4  rtexit2.o(.ARM.Collect$$rtexit$$00000003)
    .ARM.Collect$$rtexit$$00000004           0x08000230   Section        6  rtexit2.o(.ARM.Collect$$rtexit$$00000004)
    .text                                    0x08000238   Section       64  startup_stm32f411xe.o(.text)
    $v0                                      0x08000238   Number         0  startup_stm32f411xe.o(.text)
    .text                                    0x08000278   Section        2  use_no_semi_2.o(.text)
    .text                                    0x0800027a   Section        0  strlen.o(.text)
    .text                                    0x080002b8   Section        0  heapauxi.o(.text)
    .text                                    0x080002be   Section        2  use_no_semi.o(.text)
    .text                                    0x080002c0   Section       74  sys_stackheap_outer.o(.text)
    .text                                    0x0800030a   Section        0  exit.o(.text)
    .text                                    0x0800031c   Section        8  libspace.o(.text)
    i.BusFault_Handler                       0x08000324   Section        0  stm32f4xx_it.o(i.BusFault_Handler)
    i.Color_Test                             0x08000328   Section        0  lcd.o(i.Color_Test)
    i.Copy_HZK16                             0x08000424   Section        0  text.o(i.Copy_HZK16)
    i.Copy_HZK24                             0x08000464   Section        0  text.o(i.Copy_HZK24)
    i.Copy_Mem                               0x080004a8   Section        0  text.o(i.Copy_Mem)
    i.DebugMon_Handler                       0x080004be   Section        0  stm32f4xx_it.o(i.DebugMon_Handler)
    i.Delay_Decrement                        0x080004c0   Section        0  delay.o(i.Delay_Decrement)
    i.Demo_Menu                              0x080004d4   Section        0  lcd.o(i.Demo_Menu)
    i.DrawFontASC_GBK48B                     0x08000598   Section        0  gbk_libdrive.o(i.DrawFontASC_GBK48B)
    i.DrawFontASC_GBK64B                     0x080005d4   Section        0  gbk_libdrive.o(i.DrawFontASC_GBK64B)
    i.DrawFont_GBK12B                        0x08000610   Section        0  gbk_libdrive.o(i.DrawFont_GBK12B)
    i.DrawFont_GBK16B                        0x0800064c   Section        0  gbk_libdrive.o(i.DrawFont_GBK16B)
    i.DrawFont_GBK32B                        0x08000688   Section        0  gbk_libdrive.o(i.DrawFont_GBK32B)
    i.Draw_Font16B                           0x080006c4   Section        0  text.o(i.Draw_Font16B)
    i.Draw_Font24B                           0x080006f4   Section        0  text.o(i.Draw_Font24B)
    i.Draw_Test                              0x08000724   Section        0  lcd.o(i.Draw_Test)
    i.FontLib_Read                           0x080007d0   Section        0  gbk_libdrive.o(i.FontLib_Read)
    i.Font_Test                              0x08000838   Section        0  lcd.o(i.Font_Test)
    i.GBK_GetASC_Point                       0x0800090c   Section        0  gbk_libdrive.o(i.GBK_GetASC_Point)
    i.GBK_LibFont_Test                       0x08000980   Section        0  gbk_libdrive.o(i.GBK_LibFont_Test)
    i.GBK_Lib_GetHz                          0x08000bc8   Section        0  gbk_libdrive.o(i.GBK_Lib_GetHz)
    i.GBK_Lib_Init                           0x08000c50   Section        0  gbk_libdrive.o(i.GBK_Lib_Init)
    i.GBK_ReadID                             0x08000c54   Section        0  gbk_libdrive.o(i.GBK_ReadID)
    i.GBK_ShowASCII                          0x08000cd8   Section        0  gbk_libdrive.o(i.GBK_ShowASCII)
    i.GBK_Show_Font                          0x08000d82   Section        0  gbk_libdrive.o(i.GBK_Show_Font)
    i.GBK_Show_Str                           0x08000e22   Section        0  gbk_libdrive.o(i.GBK_Show_Str)
    i.GBK_Show_StrMid                        0x08000ee0   Section        0  gbk_libdrive.o(i.GBK_Show_StrMid)
    i.GBK_delay                              0x08000f48   Section        0  gbk_libdrive.o(i.GBK_delay)
    i.GPIO_Config                            0x08000f60   Section        0  gpio.o(i.GPIO_Config)
    i.GPIO_Init                              0x08000fc8   Section        0  stm32f4xx_gpio.o(i.GPIO_Init)
    i.GPIO_PinAFConfig                       0x08001044   Section        0  stm32f4xx_gpio.o(i.GPIO_PinAFConfig)
    i.GPIO_ResetBits                         0x08001064   Section        0  stm32f4xx_gpio.o(i.GPIO_ResetBits)
    i.GPIO_SetBits                           0x08001068   Section        0  stm32f4xx_gpio.o(i.GPIO_SetBits)
    i.Get_HzMat                              0x0800106c   Section        0  text.o(i.Get_HzMat)
    i.HardFault_Handler                      0x080010bc   Section        0  stm32f4xx_it.o(i.HardFault_Handler)
    i.LCD_Clear                              0x080010c0   Section        0  lcd.o(i.LCD_Clear)
    i.LCD_Display_Dir                        0x08001100   Section        0  lcd.o(i.LCD_Display_Dir)
    i.LCD_DrawLine                           0x080011c0   Section        0  lcd.o(i.LCD_DrawLine)
    i.LCD_DrawRectangle                      0x0800125a   Section        0  lcd.o(i.LCD_DrawRectangle)
    i.LCD_Draw_Circle                        0x080012a4   Section        0  lcd.o(i.LCD_Draw_Circle)
    i.LCD_Fast_DrawPoint                     0x0800136c   Section        0  lcd.o(i.LCD_Fast_DrawPoint)
    i.LCD_Fill                               0x0800138c   Section        0  lcd.o(i.LCD_Fill)
    i.LCD_GPIO_Init                          0x080013d0   Section        0  lcd.o(i.LCD_GPIO_Init)
    i.LCD_HardwareRest                       0x08001418   Section        0  lcd.o(i.LCD_HardwareRest)
    i.LCD_Init                               0x08001444   Section        0  lcd.o(i.LCD_Init)
    i.LCD_SetCursor                          0x08001684   Section        0  lcd.o(i.LCD_SetCursor)
    i.LCD_Set_Window                         0x080016dc   Section        0  lcd.o(i.LCD_Set_Window)
    i.LCD_ShowChar                           0x08001768   Section        0  lcd.o(i.LCD_ShowChar)
    i.LCD_SoftRest                           0x08001844   Section        0  lcd.o(i.LCD_SoftRest)
    i.LCD_WR_DATA16                          0x08001858   Section        0  lcd.o(i.LCD_WR_DATA16)
    i.LCD_WR_DATA8                           0x08001890   Section        0  lcd.o(i.LCD_WR_DATA8)
    i.LCD_WR_REG                             0x080018c0   Section        0  lcd.o(i.LCD_WR_REG)
    i.LCD_WriteRAM_Prepare                   0x080018f0   Section        0  lcd.o(i.LCD_WriteRAM_Prepare)
    i.LCD_WriteReg                           0x080018fc   Section        0  lcd.o(i.LCD_WriteReg)
    i.MemManage_Handler                      0x0800190e   Section        0  stm32f4xx_it.o(i.MemManage_Handler)
    i.NMI_Handler                            0x08001910   Section        0  stm32f4xx_it.o(i.NMI_Handler)
    i.NVIC_Init                              0x08001914   Section        0  misc.o(i.NVIC_Init)
    i.PendSV_Handler                         0x0800197c   Section        0  stm32f4xx_it.o(i.PendSV_Handler)
    i.RCC_AHB1PeriphClockCmd                 0x08001980   Section        0  stm32f4xx_rcc.o(i.RCC_AHB1PeriphClockCmd)
    i.RCC_APB1PeriphClockCmd                 0x0800199c   Section        0  stm32f4xx_rcc.o(i.RCC_APB1PeriphClockCmd)
    i.RCC_APB1PeriphResetCmd                 0x080019b8   Section        0  stm32f4xx_rcc.o(i.RCC_APB1PeriphResetCmd)
    i.RCC_APB2PeriphClockCmd                 0x080019d4   Section        0  stm32f4xx_rcc.o(i.RCC_APB2PeriphClockCmd)
    i.RCC_ClockSecuritySystemCmd             0x080019f0   Section        0  stm32f4xx_rcc.o(i.RCC_ClockSecuritySystemCmd)
    i.RCC_GetClocksFreq                      0x080019fc   Section        0  stm32f4xx_rcc.o(i.RCC_GetClocksFreq)
    i.RCC_MCO1Config                         0x08001aa0   Section        0  stm32f4xx_rcc.o(i.RCC_MCO1Config)
    i.SPI2_Init                              0x08001ab4   Section        0  lcd.o(i.SPI2_Init)
    i.SPI2_ReadWriteByte                     0x08001b74   Section        0  lcd.o(i.SPI2_ReadWriteByte)
    i.SPI_Cmd                                0x08001b94   Section        0  stm32f4xx_spi.o(i.SPI_Cmd)
    i.SPI_Init                               0x08001bac   Section        0  stm32f4xx_spi.o(i.SPI_Init)
    i.SVC_Handler                            0x08001be4   Section        0  stm32f4xx_it.o(i.SVC_Handler)
    i.SetSysClock                            0x08001be8   Section        0  system_stm32f4xx.o(i.SetSysClock)
    SetSysClock                              0x08001be9   Thumb Code   164  system_stm32f4xx.o(i.SetSysClock)
    i.Show_Font                              0x08001c9c   Section        0  text.o(i.Show_Font)
    i.Show_Picture                           0x08001d44   Section        0  dis_picture.o(i.Show_Picture)
    i.Show_Str                               0x08001dd8   Section        0  text.o(i.Show_Str)
    i.SysTick_Handler                        0x08001e8c   Section        0  stm32f4xx_it.o(i.SysTick_Handler)
    i.SystemCoreClockUpdate                  0x08001e90   Section        0  system_stm32f4xx.o(i.SystemCoreClockUpdate)
    i.SystemInit                             0x08001f0c   Section        0  system_stm32f4xx.o(i.SystemInit)
    i.TIM3_Config                            0x08001f68   Section        0  tim.o(i.TIM3_Config)
    i.TIM3_IRQHandler                        0x08001fe0   Section        0  stm32f4xx_it.o(i.TIM3_IRQHandler)
    i.TIM3_IT_Update_Callback                0x08002008   Section        0  tim.o(i.TIM3_IT_Update_Callback)
    i.TIM_ClearITPendingBit                  0x0800206c   Section        0  stm32f4xx_tim.o(i.TIM_ClearITPendingBit)
    i.TIM_Cmd                                0x08002072   Section        0  stm32f4xx_tim.o(i.TIM_Cmd)
    i.TIM_GetITStatus                        0x0800208a   Section        0  stm32f4xx_tim.o(i.TIM_GetITStatus)
    i.TIM_ITConfig                           0x080020a2   Section        0  stm32f4xx_tim.o(i.TIM_ITConfig)
    i.TIM_PrescalerConfig                    0x080020b6   Section        0  stm32f4xx_tim.o(i.TIM_PrescalerConfig)
    i.TIM_TimeBaseInit                       0x080020bc   Section        0  stm32f4xx_tim.o(i.TIM_TimeBaseInit)
    i.USART1_IRQHandler                      0x08002138   Section        0  usart.o(i.USART1_IRQHandler)
    i.USART1_init                            0x08002198   Section        0  usart.o(i.USART1_init)
    i.USART_ClearFlag                        0x0800225c   Section        0  stm32f4xx_usart.o(i.USART_ClearFlag)
    i.USART_Cmd                              0x08002264   Section        0  stm32f4xx_usart.o(i.USART_Cmd)
    i.USART_GetITStatus                      0x0800227c   Section        0  stm32f4xx_usart.o(i.USART_GetITStatus)
    i.USART_ITConfig                         0x080022bc   Section        0  stm32f4xx_usart.o(i.USART_ITConfig)
    i.USART_Init                             0x080022f4   Section        0  stm32f4xx_usart.o(i.USART_Init)
    i.USART_ReceiveData                      0x080023b0   Section        0  stm32f4xx_usart.o(i.USART_ReceiveData)
    i.UsageFault_Handler                     0x080023b8   Section        0  stm32f4xx_it.o(i.UsageFault_Handler)
    i._sys_exit                              0x080023ba   Section        0  usart.o(i._sys_exit)
    i.delay_ms                               0x080023bc   Section        0  delay.o(i.delay_ms)
    i.main                                   0x080023d0   Section        0  main.o(i.main)
    x$fpl$fpinit                             0x08002440   Section       10  fpinit.o(x$fpl$fpinit)
    $v0                                      0x08002440   Number         0  fpinit.o(x$fpl$fpinit)
    .constdata                               0x0800244a   Section     1140  font.o(.constdata)
    .constdata                               0x080028be   Section     1520  font.o(.constdata)
    .constdata                               0x08002eae   Section     3420  font.o(.constdata)
    .constdata                               0x08003c0a   Section     2006  font.o(.constdata)
    .constdata                               0x080043e0   Section      740  font.o(.constdata)
    .constdata                               0x080046c4   Section    32768  picture.o(.constdata)
    .conststring                             0x0800c6c4   Section       65  lcd.o(.conststring)
    .data                                    0x20000000   Section       20  system_stm32f4xx.o(.data)
    .data                                    0x20000014   Section        4  delay.o(.data)
    uwTimingDelay                            0x20000014   Data           4  delay.o(.data)
    .data                                    0x20000018   Section        6  tim.o(.data)
    pwmset                                   0x20000018   Data           1  tim.o(.data)
    timeflag                                 0x20000019   Data           1  tim.o(.data)
    timecount                                0x2000001a   Data           1  tim.o(.data)
    time                                     0x2000001c   Data           2  tim.o(.data)
    .data                                    0x20000020   Section        8  usart.o(.data)
    .data                                    0x20000028   Section       16  stm32f4xx_rcc.o(.data)
    APBAHBPrescTable                         0x20000028   Data          16  stm32f4xx_rcc.o(.data)
    .data                                    0x20000038   Section        6  lcd.o(.data)
    .data                                    0x2000003e   Section        2  lcd.o(.data)
    .data                                    0x20000040   Section        2  lcd.o(.data)
    .bss                                     0x20000044   Section       16  main.o(.bss)
    .bss                                     0x20000054   Section       64  usart.o(.bss)
    .bss                                     0x20000094   Section       14  lcd.o(.bss)
    .bss                                     0x200000a4   Section       96  libspace.o(.bss)
    HEAP                                     0x20000108   Section      512  startup_stm32f411xe.o(HEAP)
    Heap_Mem                                 0x20000108   Data         512  startup_stm32f411xe.o(HEAP)
    STACK                                    0x20000308   Section     1024  startup_stm32f411xe.o(STACK)
    Stack_Mem                                0x20000308   Data        1024  startup_stm32f411xe.o(STACK)
    __initial_sp                             0x20000708   Data           0  startup_stm32f411xe.o(STACK)

    Global Symbols

    Symbol Name                              Value     Ov Type        Size  Object(Section)

    BuildAttributes$$THM_ISAv4$E$P$D$K$B$S$7EM$VFPi3$EXTD16$VFPS$VFMA$PE$A:L22UL41UL21$X:L11$S22US41US21$IEEE1$IW$USESV6$~STKCKD$USESV7$~SHL$OSPACE$ROPI$EBA8$UX$STANDARDLIB$REQ8$PRES8$EABIv2 0x00000000   Number         0  anon$$obj.o ABSOLUTE
    __ARM_use_no_argv                        0x00000000   Number         0  main.o ABSOLUTE
    __ARM_exceptions_init                     - Undefined Weak Reference
    __alloca_initialize                       - Undefined Weak Reference
    __arm_preinit_                            - Undefined Weak Reference
    __cpp_initialize__aeabi_                  - Undefined Weak Reference
    __cxa_finalize                            - Undefined Weak Reference
    __rt_locale                               - Undefined Weak Reference
    __sigvec_lookup                           - Undefined Weak Reference
    _atexit_init                              - Undefined Weak Reference
    _call_atexit_fns                          - Undefined Weak Reference
    _clock_init                               - Undefined Weak Reference
    _fp_trap_init                             - Undefined Weak Reference
    _fp_trap_shutdown                         - Undefined Weak Reference
    _get_lc_collate                           - Undefined Weak Reference
    _get_lc_ctype                             - Undefined Weak Reference
    _get_lc_monetary                          - Undefined Weak Reference
    _get_lc_numeric                           - Undefined Weak Reference
    _get_lc_time                              - Undefined Weak Reference
    _getenv_init                              - Undefined Weak Reference
    _handle_redirection                       - Undefined Weak Reference
    _init_alloc                               - Undefined Weak Reference
    _init_user_alloc                          - Undefined Weak Reference
    _initio                                   - Undefined Weak Reference
    _rand_init                                - Undefined Weak Reference
    _signal_finish                            - Undefined Weak Reference
    _signal_init                              - Undefined Weak Reference
    _terminate_alloc                          - Undefined Weak Reference
    _terminate_user_alloc                     - Undefined Weak Reference
    _terminateio                              - Undefined Weak Reference
    __Vectors_Size                           0x00000198   Number         0  startup_stm32f411xe.o ABSOLUTE
    __Vectors                                0x08000000   Data           4  startup_stm32f411xe.o(RESET)
    __Vectors_End                            0x08000198   Data           0  startup_stm32f411xe.o(RESET)
    __main                                   0x08000199   Thumb Code     8  __main.o(!!!main)
    __scatterload                            0x080001a1   Thumb Code     0  __scatter.o(!!!scatter)
    __scatterload_rt2                        0x080001a1   Thumb Code    44  __scatter.o(!!!scatter)
    __scatterload_rt2_thumb_only             0x080001a1   Thumb Code     0  __scatter.o(!!!scatter)
    __scatterload_null                       0x080001af   Thumb Code     0  __scatter.o(!!!scatter)
    __scatterload_copy                       0x080001d5   Thumb Code    26  __scatter_copy.o(!!handler_copy)
    __scatterload_zeroinit                   0x080001f1   Thumb Code    28  __scatter_zi.o(!!handler_zi)
    __rt_lib_init                            0x0800020d   Thumb Code     0  libinit.o(.ARM.Collect$$libinit$$00000000)
    __rt_lib_init_fp_1                       0x0800020f   Thumb Code     0  libinit2.o(.ARM.Collect$$libinit$$00000001)
    __rt_lib_init_alloca_1                   0x08000213   Thumb Code     0  libinit2.o(.ARM.Collect$$libinit$$0000002E)
    __rt_lib_init_argv_1                     0x08000213   Thumb Code     0  libinit2.o(.ARM.Collect$$libinit$$0000002C)
    __rt_lib_init_atexit_1                   0x08000213   Thumb Code     0  libinit2.o(.ARM.Collect$$libinit$$0000001B)
    __rt_lib_init_clock_1                    0x08000213   Thumb Code     0  libinit2.o(.ARM.Collect$$libinit$$00000021)
    __rt_lib_init_cpp_1                      0x08000213   Thumb Code     0  libinit2.o(.ARM.Collect$$libinit$$00000032)
    __rt_lib_init_exceptions_1               0x08000213   Thumb Code     0  libinit2.o(.ARM.Collect$$libinit$$00000030)
    __rt_lib_init_fp_trap_1                  0x08000213   Thumb Code     0  libinit2.o(.ARM.Collect$$libinit$$0000001F)
    __rt_lib_init_getenv_1                   0x08000213   Thumb Code     0  libinit2.o(.ARM.Collect$$libinit$$00000023)
    __rt_lib_init_heap_1                     0x08000213   Thumb Code     0  libinit2.o(.ARM.Collect$$libinit$$0000000A)
    __rt_lib_init_lc_collate_1               0x08000213   Thumb Code     0  libinit2.o(.ARM.Collect$$libinit$$00000011)
    __rt_lib_init_lc_ctype_1                 0x08000213   Thumb Code     0  libinit2.o(.ARM.Collect$$libinit$$00000013)
    __rt_lib_init_lc_monetary_1              0x08000213   Thumb Code     0  libinit2.o(.ARM.Collect$$libinit$$00000015)
    __rt_lib_init_lc_numeric_1               0x08000213   Thumb Code     0  libinit2.o(.ARM.Collect$$libinit$$00000017)
    __rt_lib_init_lc_time_1                  0x08000213   Thumb Code     0  libinit2.o(.ARM.Collect$$libinit$$00000019)
    __rt_lib_init_preinit_1                  0x08000213   Thumb Code     0  libinit2.o(.ARM.Collect$$libinit$$00000004)
    __rt_lib_init_rand_1                     0x08000213   Thumb Code     0  libinit2.o(.ARM.Collect$$libinit$$0000000E)
    __rt_lib_init_return                     0x08000213   Thumb Code     0  libinit2.o(.ARM.Collect$$libinit$$00000033)
    __rt_lib_init_signal_1                   0x08000213   Thumb Code     0  libinit2.o(.ARM.Collect$$libinit$$0000001D)
    __rt_lib_init_stdio_1                    0x08000213   Thumb Code     0  libinit2.o(.ARM.Collect$$libinit$$00000025)
    __rt_lib_init_user_alloc_1               0x08000213   Thumb Code     0  libinit2.o(.ARM.Collect$$libinit$$0000000C)
    __rt_lib_shutdown                        0x08000215   Thumb Code     0  libshutdown.o(.ARM.Collect$$libshutdown$$00000000)
    __rt_lib_shutdown_cpp_1                  0x08000217   Thumb Code     0  libshutdown2.o(.ARM.Collect$$libshutdown$$00000002)
    __rt_lib_shutdown_fp_trap_1              0x08000217   Thumb Code     0  libshutdown2.o(.ARM.Collect$$libshutdown$$00000007)
    __rt_lib_shutdown_heap_1                 0x08000217   Thumb Code     0  libshutdown2.o(.ARM.Collect$$libshutdown$$0000000F)
    __rt_lib_shutdown_return                 0x08000217   Thumb Code     0  libshutdown2.o(.ARM.Collect$$libshutdown$$00000010)
    __rt_lib_shutdown_signal_1               0x08000217   Thumb Code     0  libshutdown2.o(.ARM.Collect$$libshutdown$$0000000A)
    __rt_lib_shutdown_stdio_1                0x08000217   Thumb Code     0  libshutdown2.o(.ARM.Collect$$libshutdown$$00000004)
    __rt_lib_shutdown_user_alloc_1           0x08000217   Thumb Code     0  libshutdown2.o(.ARM.Collect$$libshutdown$$0000000C)
    __rt_entry                               0x08000219   Thumb Code     0  __rtentry.o(.ARM.Collect$$rtentry$$00000000)
    __rt_entry_presh_1                       0x08000219   Thumb Code     0  __rtentry2.o(.ARM.Collect$$rtentry$$00000002)
    __rt_entry_sh                            0x08000219   Thumb Code     0  __rtentry4.o(.ARM.Collect$$rtentry$$00000004)
    __rt_entry_li                            0x0800021f   Thumb Code     0  __rtentry2.o(.ARM.Collect$$rtentry$$0000000A)
    __rt_entry_postsh_1                      0x0800021f   Thumb Code     0  __rtentry2.o(.ARM.Collect$$rtentry$$00000009)
    __rt_entry_main                          0x08000223   Thumb Code     0  __rtentry2.o(.ARM.Collect$$rtentry$$0000000D)
    __rt_entry_postli_1                      0x08000223   Thumb Code     0  __rtentry2.o(.ARM.Collect$$rtentry$$0000000C)
    __rt_exit                                0x0800022b   Thumb Code     0  rtexit.o(.ARM.Collect$$rtexit$$00000000)
    __rt_exit_ls                             0x0800022d   Thumb Code     0  rtexit2.o(.ARM.Collect$$rtexit$$00000003)
    __rt_exit_prels_1                        0x0800022d   Thumb Code     0  rtexit2.o(.ARM.Collect$$rtexit$$00000002)
    __rt_exit_exit                           0x08000231   Thumb Code     0  rtexit2.o(.ARM.Collect$$rtexit$$00000004)
    Reset_Handler                            0x08000239   Thumb Code     8  startup_stm32f411xe.o(.text)
    ADC_IRQHandler                           0x08000253   Thumb Code     0  startup_stm32f411xe.o(.text)
    DMA1_Stream0_IRQHandler                  0x08000253   Thumb Code     0  startup_stm32f411xe.o(.text)
    DMA1_Stream1_IRQHandler                  0x08000253   Thumb Code     0  startup_stm32f411xe.o(.text)
    DMA1_Stream2_IRQHandler                  0x08000253   Thumb Code     0  startup_stm32f411xe.o(.text)
    DMA1_Stream3_IRQHandler                  0x08000253   Thumb Code     0  startup_stm32f411xe.o(.text)
    DMA1_Stream4_IRQHandler                  0x08000253   Thumb Code     0  startup_stm32f411xe.o(.text)
    DMA1_Stream5_IRQHandler                  0x08000253   Thumb Code     0  startup_stm32f411xe.o(.text)
    DMA1_Stream6_IRQHandler                  0x08000253   Thumb Code     0  startup_stm32f411xe.o(.text)
    DMA1_Stream7_IRQHandler                  0x08000253   Thumb Code     0  startup_stm32f411xe.o(.text)
    DMA2_Stream0_IRQHandler                  0x08000253   Thumb Code     0  startup_stm32f411xe.o(.text)
    DMA2_Stream1_IRQHandler                  0x08000253   Thumb Code     0  startup_stm32f411xe.o(.text)
    DMA2_Stream2_IRQHandler                  0x08000253   Thumb Code     0  startup_stm32f411xe.o(.text)
    DMA2_Stream3_IRQHandler                  0x08000253   Thumb Code     0  startup_stm32f411xe.o(.text)
    DMA2_Stream4_IRQHandler                  0x08000253   Thumb Code     0  startup_stm32f411xe.o(.text)
    DMA2_Stream5_IRQHandler                  0x08000253   Thumb Code     0  startup_stm32f411xe.o(.text)
    DMA2_Stream6_IRQHandler                  0x08000253   Thumb Code     0  startup_stm32f411xe.o(.text)
    DMA2_Stream7_IRQHandler                  0x08000253   Thumb Code     0  startup_stm32f411xe.o(.text)
    EXTI0_IRQHandler                         0x08000253   Thumb Code     0  startup_stm32f411xe.o(.text)
    EXTI15_10_IRQHandler                     0x08000253   Thumb Code     0  startup_stm32f411xe.o(.text)
    EXTI1_IRQHandler                         0x08000253   Thumb Code     0  startup_stm32f411xe.o(.text)
    EXTI2_IRQHandler                         0x08000253   Thumb Code     0  startup_stm32f411xe.o(.text)
    EXTI3_IRQHandler                         0x08000253   Thumb Code     0  startup_stm32f411xe.o(.text)
    EXTI4_IRQHandler                         0x08000253   Thumb Code     0  startup_stm32f411xe.o(.text)
    EXTI9_5_IRQHandler                       0x08000253   Thumb Code     0  startup_stm32f411xe.o(.text)
    FLASH_IRQHandler                         0x08000253   Thumb Code     0  startup_stm32f411xe.o(.text)
    FPU_IRQHandler                           0x08000253   Thumb Code     0  startup_stm32f411xe.o(.text)
    I2C1_ER_IRQHandler                       0x08000253   Thumb Code     0  startup_stm32f411xe.o(.text)
    I2C1_EV_IRQHandler                       0x08000253   Thumb Code     0  startup_stm32f411xe.o(.text)
    I2C2_ER_IRQHandler                       0x08000253   Thumb Code     0  startup_stm32f411xe.o(.text)
    I2C2_EV_IRQHandler                       0x08000253   Thumb Code     0  startup_stm32f411xe.o(.text)
    I2C3_ER_IRQHandler                       0x08000253   Thumb Code     0  startup_stm32f411xe.o(.text)
    I2C3_EV_IRQHandler                       0x08000253   Thumb Code     0  startup_stm32f411xe.o(.text)
    OTG_FS_IRQHandler                        0x08000253   Thumb Code     0  startup_stm32f411xe.o(.text)
    OTG_FS_WKUP_IRQHandler                   0x08000253   Thumb Code     0  startup_stm32f411xe.o(.text)
    PVD_IRQHandler                           0x08000253   Thumb Code     0  startup_stm32f411xe.o(.text)
    RCC_IRQHandler                           0x08000253   Thumb Code     0  startup_stm32f411xe.o(.text)
    RTC_Alarm_IRQHandler                     0x08000253   Thumb Code     0  startup_stm32f411xe.o(.text)
    RTC_WKUP_IRQHandler                      0x08000253   Thumb Code     0  startup_stm32f411xe.o(.text)
    SDIO_IRQHandler                          0x08000253   Thumb Code     0  startup_stm32f411xe.o(.text)
    SPI1_IRQHandler                          0x08000253   Thumb Code     0  startup_stm32f411xe.o(.text)
    SPI2_IRQHandler                          0x08000253   Thumb Code     0  startup_stm32f411xe.o(.text)
    SPI3_IRQHandler                          0x08000253   Thumb Code     0  startup_stm32f411xe.o(.text)
    SPI4_IRQHandler                          0x08000253   Thumb Code     0  startup_stm32f411xe.o(.text)
    SPI5_IRQHandler                          0x08000253   Thumb Code     0  startup_stm32f411xe.o(.text)
    TAMP_STAMP_IRQHandler                    0x08000253   Thumb Code     0  startup_stm32f411xe.o(.text)
    TIM1_BRK_TIM9_IRQHandler                 0x08000253   Thumb Code     0  startup_stm32f411xe.o(.text)
    TIM1_CC_IRQHandler                       0x08000253   Thumb Code     0  startup_stm32f411xe.o(.text)
    TIM1_TRG_COM_TIM11_IRQHandler            0x08000253   Thumb Code     0  startup_stm32f411xe.o(.text)
    TIM1_UP_TIM10_IRQHandler                 0x08000253   Thumb Code     0  startup_stm32f411xe.o(.text)
    TIM2_IRQHandler                          0x08000253   Thumb Code     0  startup_stm32f411xe.o(.text)
    TIM4_IRQHandler                          0x08000253   Thumb Code     0  startup_stm32f411xe.o(.text)
    TIM5_IRQHandler                          0x08000253   Thumb Code     0  startup_stm32f411xe.o(.text)
    USART2_IRQHandler                        0x08000253   Thumb Code     0  startup_stm32f411xe.o(.text)
    USART6_IRQHandler                        0x08000253   Thumb Code     0  startup_stm32f411xe.o(.text)
    WWDG_IRQHandler                          0x08000253   Thumb Code     0  startup_stm32f411xe.o(.text)
    __user_initial_stackheap                 0x08000255   Thumb Code     0  startup_stm32f411xe.o(.text)
    __use_no_semihosting                     0x08000279   Thumb Code     2  use_no_semi_2.o(.text)
    strlen                                   0x0800027b   Thumb Code    62  strlen.o(.text)
    __use_two_region_memory                  0x080002b9   Thumb Code     2  heapauxi.o(.text)
    __rt_heap_escrow$2region                 0x080002bb   Thumb Code     2  heapauxi.o(.text)
    __rt_heap_expand$2region                 0x080002bd   Thumb Code     2  heapauxi.o(.text)
    __I$use$semihosting                      0x080002bf   Thumb Code     0  use_no_semi.o(.text)
    __use_no_semihosting_swi                 0x080002bf   Thumb Code     2  use_no_semi.o(.text)
    __user_setup_stackheap                   0x080002c1   Thumb Code    74  sys_stackheap_outer.o(.text)
    exit                                     0x0800030b   Thumb Code    18  exit.o(.text)
    __user_libspace                          0x0800031d   Thumb Code     8  libspace.o(.text)
    __user_perproc_libspace                  0x0800031d   Thumb Code     0  libspace.o(.text)
    __user_perthread_libspace                0x0800031d   Thumb Code     0  libspace.o(.text)
    BusFault_Handler                         0x08000325   Thumb Code     2  stm32f4xx_it.o(i.BusFault_Handler)
    Color_Test                               0x08000329   Thumb Code   232  lcd.o(i.Color_Test)
    Copy_HZK16                               0x08000425   Thumb Code    60  text.o(i.Copy_HZK16)
    Copy_HZK24                               0x08000465   Thumb Code    64  text.o(i.Copy_HZK24)
    Copy_Mem                                 0x080004a9   Thumb Code    22  text.o(i.Copy_Mem)
    DebugMon_Handler                         0x080004bf   Thumb Code     2  stm32f4xx_it.o(i.DebugMon_Handler)
    Delay_Decrement                          0x080004c1   Thumb Code    16  delay.o(i.Delay_Decrement)
    Demo_Menu                                0x080004d5   Thumb Code   114  lcd.o(i.Demo_Menu)
    DrawFontASC_GBK48B                       0x08000599   Thumb Code    50  gbk_libdrive.o(i.DrawFontASC_GBK48B)
    DrawFontASC_GBK64B                       0x080005d5   Thumb Code    50  gbk_libdrive.o(i.DrawFontASC_GBK64B)
    DrawFont_GBK12B                          0x08000611   Thumb Code    50  gbk_libdrive.o(i.DrawFont_GBK12B)
    DrawFont_GBK16B                          0x0800064d   Thumb Code    50  gbk_libdrive.o(i.DrawFont_GBK16B)
    DrawFont_GBK32B                          0x08000689   Thumb Code    50  gbk_libdrive.o(i.DrawFont_GBK32B)
    Draw_Font16B                             0x080006c5   Thumb Code    42  text.o(i.Draw_Font16B)
    Draw_Font24B                             0x080006f5   Thumb Code    42  text.o(i.Draw_Font24B)
    Draw_Test                                0x08000725   Thumb Code   166  lcd.o(i.Draw_Test)
    FontLib_Read                             0x080007d1   Thumb Code    98  gbk_libdrive.o(i.FontLib_Read)
    Font_Test                                0x08000839   Thumb Code   132  lcd.o(i.Font_Test)
    GBK_GetASC_Point                         0x0800090d   Thumb Code    96  gbk_libdrive.o(i.GBK_GetASC_Point)
    GBK_LibFont_Test                         0x08000981   Thumb Code   372  gbk_libdrive.o(i.GBK_LibFont_Test)
    GBK_Lib_GetHz                            0x08000bc9   Thumb Code   126  gbk_libdrive.o(i.GBK_Lib_GetHz)
    GBK_Lib_Init                             0x08000c51   Thumb Code     4  gbk_libdrive.o(i.GBK_Lib_Init)
    GBK_ReadID                               0x08000c55   Thumb Code   132  gbk_libdrive.o(i.GBK_ReadID)
    GBK_ShowASCII                            0x08000cd9   Thumb Code   170  gbk_libdrive.o(i.GBK_ShowASCII)
    GBK_Show_Font                            0x08000d83   Thumb Code   160  gbk_libdrive.o(i.GBK_Show_Font)
    GBK_Show_Str                             0x08000e23   Thumb Code   190  gbk_libdrive.o(i.GBK_Show_Str)
    GBK_Show_StrMid                          0x08000ee1   Thumb Code   100  gbk_libdrive.o(i.GBK_Show_StrMid)
    GBK_delay                                0x08000f49   Thumb Code    24  gbk_libdrive.o(i.GBK_delay)
    GPIO_Config                              0x08000f61   Thumb Code    94  gpio.o(i.GPIO_Config)
    GPIO_Init                                0x08000fc9   Thumb Code   124  stm32f4xx_gpio.o(i.GPIO_Init)
    GPIO_PinAFConfig                         0x08001045   Thumb Code    32  stm32f4xx_gpio.o(i.GPIO_PinAFConfig)
    GPIO_ResetBits                           0x08001065   Thumb Code     4  stm32f4xx_gpio.o(i.GPIO_ResetBits)
    GPIO_SetBits                             0x08001069   Thumb Code     4  stm32f4xx_gpio.o(i.GPIO_SetBits)
    Get_HzMat                                0x0800106d   Thumb Code    80  text.o(i.Get_HzMat)
    HardFault_Handler                        0x080010bd   Thumb Code     2  stm32f4xx_it.o(i.HardFault_Handler)
    LCD_Clear                                0x080010c1   Thumb Code    58  lcd.o(i.LCD_Clear)
    LCD_Display_Dir                          0x08001101   Thumb Code   182  lcd.o(i.LCD_Display_Dir)
    LCD_DrawLine                             0x080011c1   Thumb Code   154  lcd.o(i.LCD_DrawLine)
    LCD_DrawRectangle                        0x0800125b   Thumb Code    74  lcd.o(i.LCD_DrawRectangle)
    LCD_Draw_Circle                          0x080012a5   Thumb Code   200  lcd.o(i.LCD_Draw_Circle)
    LCD_Fast_DrawPoint                       0x0800136d   Thumb Code    26  lcd.o(i.LCD_Fast_DrawPoint)
    LCD_Fill                                 0x0800138d   Thumb Code    64  lcd.o(i.LCD_Fill)
    LCD_GPIO_Init                            0x080013d1   Thumb Code    66  lcd.o(i.LCD_GPIO_Init)
    LCD_HardwareRest                         0x08001419   Thumb Code    38  lcd.o(i.LCD_HardwareRest)
    LCD_Init                                 0x08001445   Thumb Code   572  lcd.o(i.LCD_Init)
    LCD_SetCursor                            0x08001685   Thumb Code    78  lcd.o(i.LCD_SetCursor)
    LCD_Set_Window                           0x080016dd   Thumb Code   132  lcd.o(i.LCD_Set_Window)
    LCD_ShowChar                             0x08001769   Thumb Code   200  lcd.o(i.LCD_ShowChar)
    LCD_SoftRest                             0x08001845   Thumb Code    18  lcd.o(i.LCD_SoftRest)
    LCD_WR_DATA16                            0x08001859   Thumb Code    50  lcd.o(i.LCD_WR_DATA16)
    LCD_WR_DATA8                             0x08001891   Thumb Code    44  lcd.o(i.LCD_WR_DATA8)
    LCD_WR_REG                               0x080018c1   Thumb Code    44  lcd.o(i.LCD_WR_REG)
    LCD_WriteRAM_Prepare                     0x080018f1   Thumb Code     8  lcd.o(i.LCD_WriteRAM_Prepare)
    LCD_WriteReg                             0x080018fd   Thumb Code    18  lcd.o(i.LCD_WriteReg)
    MemManage_Handler                        0x0800190f   Thumb Code     2  stm32f4xx_it.o(i.MemManage_Handler)
    NMI_Handler                              0x08001911   Thumb Code     2  stm32f4xx_it.o(i.NMI_Handler)
    NVIC_Init                                0x08001915   Thumb Code    98  misc.o(i.NVIC_Init)
    PendSV_Handler                           0x0800197d   Thumb Code     2  stm32f4xx_it.o(i.PendSV_Handler)
    RCC_AHB1PeriphClockCmd                   0x08001981   Thumb Code    22  stm32f4xx_rcc.o(i.RCC_AHB1PeriphClockCmd)
    RCC_APB1PeriphClockCmd                   0x0800199d   Thumb Code    22  stm32f4xx_rcc.o(i.RCC_APB1PeriphClockCmd)
    RCC_APB1PeriphResetCmd                   0x080019b9   Thumb Code    22  stm32f4xx_rcc.o(i.RCC_APB1PeriphResetCmd)
    RCC_APB2PeriphClockCmd                   0x080019d5   Thumb Code    22  stm32f4xx_rcc.o(i.RCC_APB2PeriphClockCmd)
    RCC_ClockSecuritySystemCmd               0x080019f1   Thumb Code     6  stm32f4xx_rcc.o(i.RCC_ClockSecuritySystemCmd)
    RCC_GetClocksFreq                        0x080019fd   Thumb Code   148  stm32f4xx_rcc.o(i.RCC_GetClocksFreq)
    RCC_MCO1Config                           0x08001aa1   Thumb Code    16  stm32f4xx_rcc.o(i.RCC_MCO1Config)
    SPI2_Init                                0x08001ab5   Thumb Code   184  lcd.o(i.SPI2_Init)
    SPI2_ReadWriteByte                       0x08001b75   Thumb Code    26  lcd.o(i.SPI2_ReadWriteByte)
    SPI_Cmd                                  0x08001b95   Thumb Code    24  stm32f4xx_spi.o(i.SPI_Cmd)
    SPI_Init                                 0x08001bad   Thumb Code    56  stm32f4xx_spi.o(i.SPI_Init)
    SVC_Handler                              0x08001be5   Thumb Code     2  stm32f4xx_it.o(i.SVC_Handler)
    Show_Font                                0x08001c9d   Thumb Code   164  text.o(i.Show_Font)
    Show_Picture                             0x08001d45   Thumb Code   124  dis_picture.o(i.Show_Picture)
    Show_Str                                 0x08001dd9   Thumb Code   180  text.o(i.Show_Str)
    SysTick_Handler                          0x08001e8d   Thumb Code     4  stm32f4xx_it.o(i.SysTick_Handler)
    SystemCoreClockUpdate                    0x08001e91   Thumb Code   108  system_stm32f4xx.o(i.SystemCoreClockUpdate)
    SystemInit                               0x08001f0d   Thumb Code    74  system_stm32f4xx.o(i.SystemInit)
    TIM3_Config                              0x08001f69   Thumb Code   108  tim.o(i.TIM3_Config)
    TIM3_IRQHandler                          0x08001fe1   Thumb Code    34  stm32f4xx_it.o(i.TIM3_IRQHandler)
    TIM3_IT_Update_Callback                  0x08002009   Thumb Code    92  tim.o(i.TIM3_IT_Update_Callback)
    TIM_ClearITPendingBit                    0x0800206d   Thumb Code     6  stm32f4xx_tim.o(i.TIM_ClearITPendingBit)
    TIM_Cmd                                  0x08002073   Thumb Code    24  stm32f4xx_tim.o(i.TIM_Cmd)
    TIM_GetITStatus                          0x0800208b   Thumb Code    24  stm32f4xx_tim.o(i.TIM_GetITStatus)
    TIM_ITConfig                             0x080020a3   Thumb Code    20  stm32f4xx_tim.o(i.TIM_ITConfig)
    TIM_PrescalerConfig                      0x080020b7   Thumb Code     6  stm32f4xx_tim.o(i.TIM_PrescalerConfig)
    TIM_TimeBaseInit                         0x080020bd   Thumb Code    96  stm32f4xx_tim.o(i.TIM_TimeBaseInit)
    USART1_IRQHandler                        0x08002139   Thumb Code    84  usart.o(i.USART1_IRQHandler)
    USART1_init                              0x08002199   Thumb Code   178  usart.o(i.USART1_init)
    USART_ClearFlag                          0x0800225d   Thumb Code     8  stm32f4xx_usart.o(i.USART_ClearFlag)
    USART_Cmd                                0x08002265   Thumb Code    24  stm32f4xx_usart.o(i.USART_Cmd)
    USART_GetITStatus                        0x0800227d   Thumb Code    64  stm32f4xx_usart.o(i.USART_GetITStatus)
    USART_ITConfig                           0x080022bd   Thumb Code    54  stm32f4xx_usart.o(i.USART_ITConfig)
    USART_Init                               0x080022f5   Thumb Code   180  stm32f4xx_usart.o(i.USART_Init)
    USART_ReceiveData                        0x080023b1   Thumb Code     8  stm32f4xx_usart.o(i.USART_ReceiveData)
    UsageFault_Handler                       0x080023b9   Thumb Code     2  stm32f4xx_it.o(i.UsageFault_Handler)
    _sys_exit                                0x080023bb   Thumb Code     2  usart.o(i._sys_exit)
    delay_ms                                 0x080023bd   Thumb Code    16  delay.o(i.delay_ms)
    main                                     0x080023d1   Thumb Code   100  main.o(i.main)
    _fp_init                                 0x08002441   Thumb Code    10  fpinit.o(x$fpl$fpinit)
    __fplib_config_fpu_vfp                   0x08002449   Thumb Code     0  fpinit.o(x$fpl$fpinit)
    __fplib_config_pureend_doubles           0x08002449   Thumb Code     0  fpinit.o(x$fpl$fpinit)
    asc2_1206                                0x0800244a   Data        1140  font.o(.constdata)
    asc2_1608                                0x080028be   Data        1520  font.o(.constdata)
    asc2_2412                                0x08002eae   Data        3420  font.o(.constdata)
    hz16                                     0x08003c0a   Data        2006  font.o(.constdata)
    hz24                                     0x080043e0   Data         740  font.o(.constdata)
    gImage_LCD144                            0x080046c4   Data       32768  picture.o(.constdata)
    Region$$Table$$Base                      0x0800c708   Number         0  anon$$obj.o(Region$$Table)
    Region$$Table$$Limit                     0x0800c728   Number         0  anon$$obj.o(Region$$Table)
    SystemCoreClock                          0x20000000   Data           4  system_stm32f4xx.o(.data)
    AHBPrescTable                            0x20000004   Data          16  system_stm32f4xx.o(.data)
    RXD1_STA                                 0x20000020   Data           1  usart.o(.data)
    RXD1_Num                                 0x20000022   Data           2  usart.o(.data)
    RXD1_P                                   0x20000024   Data           4  usart.o(.data)
    USE_HORIZONTAL                           0x20000038   Data           1  lcd.o(.data)
    POINT_COLOR                              0x2000003a   Data           2  lcd.o(.data)
    BACK_COLOR                               0x2000003c   Data           2  lcd.o(.data)
    D_Color                                  0x2000003e   Data           2  lcd.o(.data)
    B_Color                                  0x20000040   Data           2  lcd.o(.data)
    RCC_Clocks                               0x20000044   Data          16  main.o(.bss)
    USART_RX_BUF                             0x20000054   Data          64  usart.o(.bss)
    lcddev                                   0x20000094   Data          14  lcd.o(.bss)
    __libspace_start                         0x200000a4   Data          96  libspace.o(.bss)
    __temporary_stack_top$libspace           0x20000104   Data           0  libspace.o(.bss)



==============================================================================

Memory Map of the image

  Image Entry point : 0x08000199

  Load Region LR_IROM1 (Base: 0x08000000, Size: 0x0000c76c, Max: 0x00080000, ABSOLUTE)

    Execution Region ER_IROM1 (Base: 0x08000000, Size: 0x0000c728, Max: 0x00080000, ABSOLUTE)

    Base Addr    Size         Type   Attr      Idx    E Section Name        Object

    0x08000000   0x00000198   Data   RO          280    RESET               startup_stm32f411xe.o
    0x08000198   0x00000008   Code   RO         4477  * !!!main             c_w.l(__main.o)
    0x080001a0   0x00000034   Code   RO         4632    !!!scatter          c_w.l(__scatter.o)
    0x080001d4   0x0000001a   Code   RO         4634    !!handler_copy      c_w.l(__scatter_copy.o)
    0x080001ee   0x00000002   PAD
    0x080001f0   0x0000001c   Code   RO         4636    !!handler_zi        c_w.l(__scatter_zi.o)
    0x0800020c   0x00000002   Code   RO         4506    .ARM.Collect$$libinit$$00000000  c_w.l(libinit.o)
    0x0800020e   0x00000004   Code   RO         4512    .ARM.Collect$$libinit$$00000001  c_w.l(libinit2.o)
    0x08000212   0x00000000   Code   RO         4515    .ARM.Collect$$libinit$$00000004  c_w.l(libinit2.o)
    0x08000212   0x00000000   Code   RO         4518    .ARM.Collect$$libinit$$0000000A  c_w.l(libinit2.o)
    0x08000212   0x00000000   Code   RO         4520    .ARM.Collect$$libinit$$0000000C  c_w.l(libinit2.o)
    0x08000212   0x00000000   Code   RO         4522    .ARM.Collect$$libinit$$0000000E  c_w.l(libinit2.o)
    0x08000212   0x00000000   Code   RO         4525    .ARM.Collect$$libinit$$00000011  c_w.l(libinit2.o)
    0x08000212   0x00000000   Code   RO         4527    .ARM.Collect$$libinit$$00000013  c_w.l(libinit2.o)
    0x08000212   0x00000000   Code   RO         4529    .ARM.Collect$$libinit$$00000015  c_w.l(libinit2.o)
    0x08000212   0x00000000   Code   RO         4531    .ARM.Collect$$libinit$$00000017  c_w.l(libinit2.o)
    0x08000212   0x00000000   Code   RO         4533    .ARM.Collect$$libinit$$00000019  c_w.l(libinit2.o)
    0x08000212   0x00000000   Code   RO         4535    .ARM.Collect$$libinit$$0000001B  c_w.l(libinit2.o)
    0x08000212   0x00000000   Code   RO         4537    .ARM.Collect$$libinit$$0000001D  c_w.l(libinit2.o)
    0x08000212   0x00000000   Code   RO         4539    .ARM.Collect$$libinit$$0000001F  c_w.l(libinit2.o)
    0x08000212   0x00000000   Code   RO         4541    .ARM.Collect$$libinit$$00000021  c_w.l(libinit2.o)
    0x08000212   0x00000000   Code   RO         4543    .ARM.Collect$$libinit$$00000023  c_w.l(libinit2.o)
    0x08000212   0x00000000   Code   RO         4545    .ARM.Collect$$libinit$$00000025  c_w.l(libinit2.o)
    0x08000212   0x00000000   Code   RO         4549    .ARM.Collect$$libinit$$0000002C  c_w.l(libinit2.o)
    0x08000212   0x00000000   Code   RO         4551    .ARM.Collect$$libinit$$0000002E  c_w.l(libinit2.o)
    0x08000212   0x00000000   Code   RO         4553    .ARM.Collect$$libinit$$00000030  c_w.l(libinit2.o)
    0x08000212   0x00000000   Code   RO         4555    .ARM.Collect$$libinit$$00000032  c_w.l(libinit2.o)
    0x08000212   0x00000002   Code   RO         4556    .ARM.Collect$$libinit$$00000033  c_w.l(libinit2.o)
    0x08000214   0x00000002   Code   RO         4574    .ARM.Collect$$libshutdown$$00000000  c_w.l(libshutdown.o)
    0x08000216   0x00000000   Code   RO         4584    .ARM.Collect$$libshutdown$$00000002  c_w.l(libshutdown2.o)
    0x08000216   0x00000000   Code   RO         4586    .ARM.Collect$$libshutdown$$00000004  c_w.l(libshutdown2.o)
    0x08000216   0x00000000   Code   RO         4589    .ARM.Collect$$libshutdown$$00000007  c_w.l(libshutdown2.o)
    0x08000216   0x00000000   Code   RO         4592    .ARM.Collect$$libshutdown$$0000000A  c_w.l(libshutdown2.o)
    0x08000216   0x00000000   Code   RO         4594    .ARM.Collect$$libshutdown$$0000000C  c_w.l(libshutdown2.o)
    0x08000216   0x00000000   Code   RO         4597    .ARM.Collect$$libshutdown$$0000000F  c_w.l(libshutdown2.o)
    0x08000216   0x00000002   Code   RO         4598    .ARM.Collect$$libshutdown$$00000010  c_w.l(libshutdown2.o)
    0x08000218   0x00000000   Code   RO         4481    .ARM.Collect$$rtentry$$00000000  c_w.l(__rtentry.o)
    0x08000218   0x00000000   Code   RO         4483    .ARM.Collect$$rtentry$$00000002  c_w.l(__rtentry2.o)
    0x08000218   0x00000006   Code   RO         4495    .ARM.Collect$$rtentry$$00000004  c_w.l(__rtentry4.o)
    0x0800021e   0x00000000   Code   RO         4485    .ARM.Collect$$rtentry$$00000009  c_w.l(__rtentry2.o)
    0x0800021e   0x00000004   Code   RO         4486    .ARM.Collect$$rtentry$$0000000A  c_w.l(__rtentry2.o)
    0x08000222   0x00000000   Code   RO         4488    .ARM.Collect$$rtentry$$0000000C  c_w.l(__rtentry2.o)
    0x08000222   0x00000008   Code   RO         4489    .ARM.Collect$$rtentry$$0000000D  c_w.l(__rtentry2.o)
    0x0800022a   0x00000002   Code   RO         4510    .ARM.Collect$$rtexit$$00000000  c_w.l(rtexit.o)
    0x0800022c   0x00000000   Code   RO         4558    .ARM.Collect$$rtexit$$00000002  c_w.l(rtexit2.o)
    0x0800022c   0x00000004   Code   RO         4559    .ARM.Collect$$rtexit$$00000003  c_w.l(rtexit2.o)
    0x08000230   0x00000006   Code   RO         4560    .ARM.Collect$$rtexit$$00000004  c_w.l(rtexit2.o)
    0x08000236   0x00000002   PAD
    0x08000238   0x00000040   Code   RO          281    .text               startup_stm32f411xe.o
    0x08000278   0x00000002   Code   RO         4471    .text               c_w.l(use_no_semi_2.o)
    0x0800027a   0x0000003e   Code   RO         4473    .text               c_w.l(strlen.o)
    0x080002b8   0x00000006   Code   RO         4475    .text               c_w.l(heapauxi.o)
    0x080002be   0x00000002   Code   RO         4479    .text               c_w.l(use_no_semi.o)
    0x080002c0   0x0000004a   Code   RO         4497    .text               c_w.l(sys_stackheap_outer.o)
    0x0800030a   0x00000012   Code   RO         4499    .text               c_w.l(exit.o)
    0x0800031c   0x00000008   Code   RO         4507    .text               c_w.l(libspace.o)
    0x08000324   0x00000002   Code   RO          162    i.BusFault_Handler  stm32f4xx_it.o
    0x08000326   0x00000002   PAD
    0x08000328   0x000000fc   Code   RO         4149    i.Color_Test        lcd.o
    0x08000424   0x00000040   Code   RO         4409    i.Copy_HZK16        text.o
    0x08000464   0x00000044   Code   RO         4410    i.Copy_HZK24        text.o
    0x080004a8   0x00000016   Code   RO         4411    i.Copy_Mem          text.o
    0x080004be   0x00000002   Code   RO          163    i.DebugMon_Handler  stm32f4xx_it.o
    0x080004c0   0x00000014   Code   RO          287    i.Delay_Decrement   delay.o
    0x080004d4   0x000000c4   Code   RO         4150    i.Demo_Menu         lcd.o
    0x08000598   0x0000003c   Code   RO         3987    i.DrawFontASC_GBK48B  gbk_libdrive.o
    0x080005d4   0x0000003c   Code   RO         3988    i.DrawFontASC_GBK64B  gbk_libdrive.o
    0x08000610   0x0000003c   Code   RO         3989    i.DrawFont_GBK12B   gbk_libdrive.o
    0x0800064c   0x0000003c   Code   RO         3990    i.DrawFont_GBK16B   gbk_libdrive.o
    0x08000688   0x0000003c   Code   RO         3992    i.DrawFont_GBK32B   gbk_libdrive.o
    0x080006c4   0x00000030   Code   RO         4412    i.Draw_Font16B      text.o
    0x080006f4   0x00000030   Code   RO         4413    i.Draw_Font24B      text.o
    0x08000724   0x000000ac   Code   RO         4153    i.Draw_Test         lcd.o
    0x080007d0   0x00000068   Code   RO         3993    i.FontLib_Read      gbk_libdrive.o
    0x08000838   0x000000d4   Code   RO         4154    i.Font_Test         lcd.o
    0x0800090c   0x00000074   Code   RO         3994    i.GBK_GetASC_Point  gbk_libdrive.o
    0x08000980   0x00000248   Code   RO         3995    i.GBK_LibFont_Test  gbk_libdrive.o
    0x08000bc8   0x00000088   Code   RO         3996    i.GBK_Lib_GetHz     gbk_libdrive.o
    0x08000c50   0x00000004   Code   RO         3997    i.GBK_Lib_Init      gbk_libdrive.o
    0x08000c54   0x00000084   Code   RO         3998    i.GBK_ReadID        gbk_libdrive.o
    0x08000cd8   0x000000aa   Code   RO         3999    i.GBK_ShowASCII     gbk_libdrive.o
    0x08000d82   0x000000a0   Code   RO         4000    i.GBK_Show_Font     gbk_libdrive.o
    0x08000e22   0x000000be   Code   RO         4001    i.GBK_Show_Str      gbk_libdrive.o
    0x08000ee0   0x00000068   Code   RO         4002    i.GBK_Show_StrMid   gbk_libdrive.o
    0x08000f48   0x00000018   Code   RO         4003    i.GBK_delay         gbk_libdrive.o
    0x08000f60   0x00000068   Code   RO          315    i.GPIO_Config       gpio.o
    0x08000fc8   0x0000007c   Code   RO         1610    i.GPIO_Init         stm32f4xx_gpio.o
    0x08001044   0x00000020   Code   RO         1611    i.GPIO_PinAFConfig  stm32f4xx_gpio.o
    0x08001064   0x00000004   Code   RO         1617    i.GPIO_ResetBits    stm32f4xx_gpio.o
    0x08001068   0x00000004   Code   RO         1618    i.GPIO_SetBits      stm32f4xx_gpio.o
    0x0800106c   0x00000050   Code   RO         4414    i.Get_HzMat         text.o
    0x080010bc   0x00000002   Code   RO          164    i.HardFault_Handler  stm32f4xx_it.o
    0x080010be   0x00000002   PAD
    0x080010c0   0x00000040   Code   RO         4155    i.LCD_Clear         lcd.o
    0x08001100   0x000000c0   Code   RO         4159    i.LCD_Display_Dir   lcd.o
    0x080011c0   0x0000009a   Code   RO         4160    i.LCD_DrawLine      lcd.o
    0x0800125a   0x0000004a   Code   RO         4162    i.LCD_DrawRectangle  lcd.o
    0x080012a4   0x000000c8   Code   RO         4163    i.LCD_Draw_Circle   lcd.o
    0x0800136c   0x00000020   Code   RO         4164    i.LCD_Fast_DrawPoint  lcd.o
    0x0800138c   0x00000044   Code   RO         4165    i.LCD_Fill          lcd.o
    0x080013d0   0x00000048   Code   RO         4166    i.LCD_GPIO_Init     lcd.o
    0x08001418   0x0000002c   Code   RO         4167    i.LCD_HardwareRest  lcd.o
    0x08001444   0x00000240   Code   RO         4168    i.LCD_Init          lcd.o
    0x08001684   0x00000058   Code   RO         4170    i.LCD_SetCursor     lcd.o
    0x080016dc   0x0000008c   Code   RO         4171    i.LCD_Set_Window    lcd.o
    0x08001768   0x000000dc   Code   RO         4172    i.LCD_ShowChar      lcd.o
    0x08001844   0x00000012   Code   RO         4176    i.LCD_SoftRest      lcd.o
    0x08001856   0x00000002   PAD
    0x08001858   0x00000038   Code   RO         4177    i.LCD_WR_DATA16     lcd.o
    0x08001890   0x00000030   Code   RO         4178    i.LCD_WR_DATA8      lcd.o
    0x080018c0   0x00000030   Code   RO         4179    i.LCD_WR_REG        lcd.o
    0x080018f0   0x0000000c   Code   RO         4181    i.LCD_WriteRAM_Prepare  lcd.o
    0x080018fc   0x00000012   Code   RO         4182    i.LCD_WriteReg      lcd.o
    0x0800190e   0x00000002   Code   RO          165    i.MemManage_Handler  stm32f4xx_it.o
    0x08001910   0x00000002   Code   RO          166    i.NMI_Handler       stm32f4xx_it.o
    0x08001912   0x00000002   PAD
    0x08001914   0x00000068   Code   RO          413    i.NVIC_Init         misc.o
    0x0800197c   0x00000002   Code   RO          167    i.PendSV_Handler    stm32f4xx_it.o
    0x0800197e   0x00000002   PAD
    0x08001980   0x0000001c   Code   RO         2103    i.RCC_AHB1PeriphClockCmd  stm32f4xx_rcc.o
    0x0800199c   0x0000001c   Code   RO         2109    i.RCC_APB1PeriphClockCmd  stm32f4xx_rcc.o
    0x080019b8   0x0000001c   Code   RO         2111    i.RCC_APB1PeriphResetCmd  stm32f4xx_rcc.o
    0x080019d4   0x0000001c   Code   RO         2112    i.RCC_APB2PeriphClockCmd  stm32f4xx_rcc.o
    0x080019f0   0x0000000c   Code   RO         2119    i.RCC_ClockSecuritySystemCmd  stm32f4xx_rcc.o
    0x080019fc   0x000000a4   Code   RO         2121    i.RCC_GetClocksFreq  stm32f4xx_rcc.o
    0x08001aa0   0x00000014   Code   RO         2134    i.RCC_MCO1Config    stm32f4xx_rcc.o
    0x08001ab4   0x000000c0   Code   RO         4183    i.SPI2_Init         lcd.o
    0x08001b74   0x00000020   Code   RO         4184    i.SPI2_ReadWriteByte  lcd.o
    0x08001b94   0x00000018   Code   RO         2961    i.SPI_Cmd           stm32f4xx_spi.o
    0x08001bac   0x00000038   Code   RO         2974    i.SPI_Init          stm32f4xx_spi.o
    0x08001be4   0x00000002   Code   RO          168    i.SVC_Handler       stm32f4xx_it.o
    0x08001be6   0x00000002   PAD
    0x08001be8   0x000000b4   Code   RO          243    i.SetSysClock       system_stm32f4xx.o
    0x08001c9c   0x000000a8   Code   RO         4415    i.Show_Font         text.o
    0x08001d44   0x00000094   Code   RO         4113    i.Show_Picture      dis_picture.o
    0x08001dd8   0x000000b4   Code   RO         4416    i.Show_Str          text.o
    0x08001e8c   0x00000004   Code   RO          169    i.SysTick_Handler   stm32f4xx_it.o
    0x08001e90   0x0000007c   Code   RO          244    i.SystemCoreClockUpdate  system_stm32f4xx.o
    0x08001f0c   0x0000005c   Code   RO          245    i.SystemInit        system_stm32f4xx.o
    0x08001f68   0x00000078   Code   RO          335    i.TIM3_Config       tim.o
    0x08001fe0   0x00000028   Code   RO          170    i.TIM3_IRQHandler   stm32f4xx_it.o
    0x08002008   0x00000064   Code   RO          336    i.TIM3_IT_Update_Callback  tim.o
    0x0800206c   0x00000006   Code   RO         3186    i.TIM_ClearITPendingBit  stm32f4xx_tim.o
    0x08002072   0x00000018   Code   RO         3191    i.TIM_Cmd           stm32f4xx_tim.o
    0x0800208a   0x00000018   Code   RO         3212    i.TIM_GetITStatus   stm32f4xx_tim.o
    0x080020a2   0x00000014   Code   RO         3216    i.TIM_ITConfig      stm32f4xx_tim.o
    0x080020b6   0x00000006   Code   RO         3240    i.TIM_PrescalerConfig  stm32f4xx_tim.o
    0x080020bc   0x0000007c   Code   RO         3263    i.TIM_TimeBaseInit  stm32f4xx_tim.o
    0x08002138   0x00000060   Code   RO          362    i.USART1_IRQHandler  usart.o
    0x08002198   0x000000c4   Code   RO          363    i.USART1_init       usart.o
    0x0800225c   0x00000008   Code   RO         3737    i.USART_ClearFlag   stm32f4xx_usart.o
    0x08002264   0x00000018   Code   RO         3741    i.USART_Cmd         stm32f4xx_usart.o
    0x0800227c   0x00000040   Code   RO         3745    i.USART_GetITStatus  stm32f4xx_usart.o
    0x080022bc   0x00000036   Code   RO         3747    i.USART_ITConfig    stm32f4xx_usart.o
    0x080022f2   0x00000002   PAD
    0x080022f4   0x000000bc   Code   RO         3748    i.USART_Init        stm32f4xx_usart.o
    0x080023b0   0x00000008   Code   RO         3755    i.USART_ReceiveData  stm32f4xx_usart.o
    0x080023b8   0x00000002   Code   RO          171    i.UsageFault_Handler  stm32f4xx_it.o
    0x080023ba   0x00000002   Code   RO          364    i._sys_exit         usart.o
    0x080023bc   0x00000014   Code   RO          288    i.delay_ms          delay.o
    0x080023d0   0x00000070   Code   RO            3    i.main              main.o
    0x08002440   0x0000000a   Code   RO         4566    x$fpl$fpinit        fz_wm.l(fpinit.o)
    0x0800244a   0x00000474   Data   RO         4131    .constdata          font.o
    0x080028be   0x000005f0   Data   RO         4132    .constdata          font.o
    0x08002eae   0x00000d5c   Data   RO         4133    .constdata          font.o
    0x08003c0a   0x000007d6   Data   RO         4134    .constdata          font.o
    0x080043e0   0x000002e4   Data   RO         4135    .constdata          font.o
    0x080046c4   0x00008000   Data   RO         4389    .constdata          picture.o
    0x0800c6c4   0x00000041   Data   RO         4186    .conststring        lcd.o
    0x0800c705   0x00000003   PAD
    0x0800c708   0x00000020   Data   RO         4630    Region$$Table       anon$$obj.o


    Execution Region RW_IRAM1 (Base: 0x20000000, Size: 0x00000708, Max: 0x00020000, ABSOLUTE)

    Base Addr    Size         Type   Attr      Idx    E Section Name        Object

    0x20000000   0x00000014   Data   RW          246    .data               system_stm32f4xx.o
    0x20000014   0x00000004   Data   RW          289    .data               delay.o
    0x20000018   0x00000006   Data   RW          337    .data               tim.o
    0x2000001e   0x00000002   PAD
    0x20000020   0x00000008   Data   RW          367    .data               usart.o
    0x20000028   0x00000010   Data   RW         2151    .data               stm32f4xx_rcc.o
    0x20000038   0x00000006   Data   RW         4187    .data               lcd.o
    0x2000003e   0x00000002   Data   RW         4188    .data               lcd.o
    0x20000040   0x00000002   Data   RW         4189    .data               lcd.o
    0x20000042   0x00000002   PAD
    0x20000044   0x00000010   Zero   RW            4    .bss                main.o
    0x20000054   0x00000040   Zero   RW          366    .bss                usart.o
    0x20000094   0x0000000e   Zero   RW         4185    .bss                lcd.o
    0x200000a2   0x00000002   PAD
    0x200000a4   0x00000060   Zero   RW         4508    .bss                c_w.l(libspace.o)
    0x20000104   0x00000004   PAD
    0x20000108   0x00000200   Zero   RW          279    HEAP                startup_stm32f411xe.o
    0x20000308   0x00000400   Zero   RW          278    STACK               startup_stm32f411xe.o


==============================================================================

Image component sizes


      Code (inc. data)   RO Data    RW Data    ZI Data      Debug   Object Name

        40          8          0          4          0       1705   delay.o
       148         24          0          0          0        847   dis_picture.o
         0          0       8826          0          0       1334   font.o
      2024        302          0          0          0      15078   gbk_libdrive.o
       104         10          0          0          0        630   gpio.o
      3180        300         65         10         14      20611   lcd.o
       112         12          0          0         16     296335   main.o
       104          6          0          0          0       1300   misc.o
         0          0      32768          0          0        652   picture.o
        64         26        408          0       1536        860   startup_stm32f411xe.o
       164          0          0          0          0       3451   stm32f4xx_gpio.o
        60          6          0          0          0       5296   stm32f4xx_it.o
       308         50          0         16          0       7622   stm32f4xx_rcc.o
        80          0          0          0          0       2137   stm32f4xx_spi.o
       204         28          0          0          0       5232   stm32f4xx_tim.o
       346          8          0          0          0       5928   stm32f4xx_usart.o
       396         50          0         20          0       2945   system_stm32f4xx.o
       678         24          0          0          0       7622   text.o
       220         20          0          6          0       1392   tim.o
       294         30          0          8         64       4006   usart.o

    ----------------------------------------------------------------------
      8540        904      42102         68       1632     384983   Object Totals
         0          0         32          0          0          0   (incl. Generated)
        14          0          3          4          2          0   (incl. Padding)

    ----------------------------------------------------------------------

      Code (inc. data)   RO Data    RW Data    ZI Data      Debug   Library Member Name

         8          0          0          0          0         68   __main.o
         0          0          0          0          0          0   __rtentry.o
        12          0          0          0          0          0   __rtentry2.o
         6          0          0          0          0          0   __rtentry4.o
        52          8          0          0          0          0   __scatter.o
        26          0          0          0          0          0   __scatter_copy.o
        28          0          0          0          0          0   __scatter_zi.o
        18          0          0          0          0         80   exit.o
         6          0          0          0          0        152   heapauxi.o
         2          0          0          0          0          0   libinit.o
         6          0          0          0          0          0   libinit2.o
         2          0          0          0          0          0   libshutdown.o
         2          0          0          0          0          0   libshutdown2.o
         8          4          0          0         96         68   libspace.o
         2          0          0          0          0          0   rtexit.o
        10          0          0          0          0          0   rtexit2.o
        62          0          0          0          0         76   strlen.o
        74          0          0          0          0         80   sys_stackheap_outer.o
         2          0          0          0          0         68   use_no_semi.o
         2          0          0          0          0         68   use_no_semi_2.o
        10          0          0          0          0        116   fpinit.o

    ----------------------------------------------------------------------
       342         12          0          0        100        776   Library Totals
         4          0          0          0          4          0   (incl. Padding)

    ----------------------------------------------------------------------

      Code (inc. data)   RO Data    RW Data    ZI Data      Debug   Library Name

       328         12          0          0         96        660   c_w.l
        10          0          0          0          0        116   fz_wm.l

    ----------------------------------------------------------------------
       342         12          0          0        100        776   Library Totals

    ----------------------------------------------------------------------

==============================================================================


      Code (inc. data)   RO Data    RW Data    ZI Data      Debug   

      8882        916      42102         68       1732     376451   Grand Totals
      8882        916      42102         68       1732     376451   ELF Image Totals
      8882        916      42102         68          0          0   ROM Totals

==============================================================================

    Total RO  Size (Code + RO Data)                50984 (  49.79kB)
    Total RW  Size (RW Data + ZI Data)              1800 (   1.76kB)
    Total ROM Size (Code + RO Data + RW Data)      51052 (  49.86kB)

==============================================================================

