<html>
<body>
<pre>
<h1>礦ision Build Log</h1>
<h2>Tool Versions:</h2>
IDE-Version: μVision V5.25.2.0
Copyright (C) 2018 ARM Ltd and ARM Germany GmbH. All rights reserved.
License Information: 1 8617303033302, 1, LIC=FYKYW-QNWHD-LQ70Q-NT0XB-LQ26U-L104H
 
Tool Versions:
Toolchain:       MDK-ARM Plus  Version: 5.25.2.0
Toolchain Path:  C:\Keil_v5\ARM\ARMCC\Bin
C Compiler:      Armcc.exe V5.06 update 6 (build 750)
Assembler:       Armasm.exe V5.06 update 6 (build 750)
Linker/Locator:  ArmLink.exe V5.06 update 6 (build 750)
Library Manager: ArmAr.exe V5.06 update 6 (build 750)
Hex Converter:   FromElf.exe V5.06 update 6 (build 750)
CPU DLL:         SARMCM3.DLL V5.25.2.0
Dialog DLL:      DCM.DLL V1.17.1.0
Target DLL:      STLink\ST-LINKIII-KEIL_SWO.dll V3.0.1.0
Dialog DLL:      TCM.DLL V1.35.1.0
 
<h2>Project:</h2>
F:\bai\闲鱼\基于STM32智能家居设计\基于STM32智能家居设计\MDK-ARM\LCD180C.uvprojx
Project File Date:  03/01/2024

<h2>Output:</h2>
*** Using Compiler 'V5.06 update 6 (build 750)', folder: 'C:\Keil_v5\ARM\ARMCC\Bin'
Rebuild target 'STM32F4x1'
assembling startup_stm32f411xe.s...
compiling system_stm32f4xx.c...
compiling gpio.c...
compiling delay.c...
compiling stm32f4xx_it.c...
compiling main.c...
..\Core\Src\main.c(12): warning:  #1295-D: Deprecated declaration publish_tip - give arg types
  void publish_tip();//发布主题
..\Core\Src\main.c(14): warning:  #1295-D: Deprecated declaration ESP8266_init - give arg types
  void ESP8266_init();//
..\Core\Src\main.c(15): warning:  #1295-D: Deprecated declaration breathing_lamp - give arg types
  void breathing_lamp();//呼吸灯
..\Core\Src\main.c(105): warning:  #167-D: argument of type "char *" is incompatible with parameter of type "u8 *"
  			Draw_Font16B(46,2,BLACK,oledBuf);
..\Core\Src\main.c(107): warning:  #167-D: argument of type "char *" is incompatible with parameter of type "u8 *"
  			Draw_Font16B(0,20,BLACK,oledBuf);
..\Core\Src\main.c(109): warning:  #167-D: argument of type "char *" is incompatible with parameter of type "u8 *"
  			Draw_Font16B(0,37,BLACK,oledBuf);
..\Core\Src\main.c(111): warning:  #167-D: argument of type "char *" is incompatible with parameter of type "u8 *"
  			Draw_Font16B(0,54,BLACK,oledBuf);
..\Core\Src\main.c(113): warning:  #167-D: argument of type "char *" is incompatible with parameter of type "u8 *"
  			Draw_Font16B(0,71,BLACK,oledBuf);
..\Core\Src\main.c(115): warning:  #167-D: argument of type "char *" is incompatible with parameter of type "u8 *"
  			Draw_Font16B(0,88,BLACK,oledBuf);
..\Core\Src\main.c(121): warning:  #167-D: argument of type "char *" is incompatible with parameter of type "u8 *"
  								Draw_Font16B(78,88,GREEN,oledBuf);break;
..\Core\Src\main.c(124): warning:  #167-D: argument of type "char *" is incompatible with parameter of type "u8 *"
  								Draw_Font16B(78,88,RED,oledBuf);break;
..\Core\Src\main.c(128): warning:  #167-D: argument of type "char *" is incompatible with parameter of type "u8 *"
  			Draw_Font16B(0,105,BLACK,oledBuf);
..\Core\Src\main.c(134): warning:  #167-D: argument of type "char *" is incompatible with parameter of type "u8 *"
  								Draw_Font16B(78,105,GREEN,oledBuf);break;
..\Core\Src\main.c(137): warning:  #167-D: argument of type "char *" is incompatible with parameter of type "u8 *"
  								Draw_Font16B(78,105,RED,oledBuf);break;
..\Core\Src\main.c(335): warning:  #167-D: argument of type "char *" is incompatible with parameter of type "u8 *"
      Draw_Font16B(32,0,BLACK,oledBuf);
..\Core\Src\main.c(337): warning:  #167-D: argument of type "char *" is incompatible with parameter of type "u8 *"
  		Draw_Font16B(0,30,BLACK,oledBuf);
..\Core\Src\main.c(339): warning:  #167-D: argument of type "char *" is incompatible with parameter of type "u8 *"
  		Draw_Font16B(0,60,BLACK,oledBuf);
..\Core\Src\main.c(341): warning:  #167-D: argument of type "char *" is incompatible with parameter of type "u8 *"
  		Draw_Font16B(0,90,BLACK,oledBuf);
..\Core\Src\main.c(404): warning:  #167-D: argument of type "char *" is incompatible with parameter of type "u8 *"
  		Draw_Font16B(0,64,RED,oledBuf);
..\Core\Src\main.c(406): warning:  #167-D: argument of type "char *" is incompatible with parameter of type "u8 *"
  		Draw_Font16B(0,80,RED,oledBuf);
..\Core\Src\main.c(408): warning:  #167-D: argument of type "char *" is incompatible with parameter of type "u8 *"
  		Draw_Font16B(0,96,RED,oledBuf);
..\Core\Src\main.c(414): warning:  #167-D: argument of type "char *" is incompatible with parameter of type "u8 *"
  	Draw_Font16B(0,64,RED,oledBuf);
..\Core\Src\main.c(416): warning:  #167-D: argument of type "char *" is incompatible with parameter of type "u8 *"
  	Draw_Font16B(0,80,RED,oledBuf);
..\Core\Src\main.c(418): warning:  #167-D: argument of type "char *" is incompatible with parameter of type "u8 *"
  	Draw_Font16B(0,96,RED,oledBuf);
..\Core\Src\main.c: 24 warnings, 0 errors
compiling usart.c...
compiling tim.c...
compiling key.c...
compiling sys.c...
compiling adc.c...
..\Middlewares\ADC\adc.c(108): warning:  #1035-D: single-precision operand implicitly converted to double-precision
  	*value = 51.0*temp*temp-11.0*temp+10.0;
..\Middlewares\ADC\adc.c(108): warning:  #1035-D: single-precision operand implicitly converted to double-precision
  	*value = 51.0*temp*temp-11.0*temp+10.0;
..\Middlewares\ADC\adc.c: 2 warnings, 0 errors
compiling dht11.c...
compiling bsp_beep.c...
compiling i2c_bh1750_gpio.c...
compiling i2c_bh1750.c...
compiling rtc.c...
compiling misc.c...
compiling stm32f4xx_crc.c...
compiling stm32f4xx_cryp.c...
compiling stm32f4xx_adc.c...
compiling stm32f4xx_dac.c...
compiling stm32f4xx_cryp_tdes.c...
compiling stm32f4xx_cryp_des.c...
compiling stm32f4xx_cryp_aes.c...
compiling stm32f4xx_dbgmcu.c...
compiling stm32f4xx_exti.c...
compiling stm32f4xx_dma.c...
compiling stm32f4xx_iwdg.c...
compiling stm32f4xx_gpio.c...
compiling stm32f4xx_flash.c...
compiling stm32f4xx_flash_ramfunc.c...
compiling stm32f4xx_i2c.c...
compiling stm32f4xx_pwr.c...
compiling stm32f4xx_rcc.c...
compiling stm32f4xx_sdio.c...
compiling stm32f4xx_spi.c...
compiling stm32f4xx_wwdg.c...
compiling stm32f4xx_syscfg.c...
compiling stm32f4xx_usart.c...
compiling stm32f4xx_rtc.c...
compiling FONT.c...
compiling stm32f4xx_tim.c...
compiling cJSON.c...
..\NET\cJSON\cJSON.c(55): warning:  #1293-D: assignment in condition
        if (!(copy = (char*)cJSON_malloc(len))) return 0;
..\NET\cJSON\cJSON.c(278): warning:  #1293-D: assignment in condition
  	ptr=str;while ((token=*ptr) && ++len) {if (strchr("\"\\\b\f\n\r\t",token)) len++; else if (token<32) len+=5;ptr++;}
..\NET\cJSON\cJSON.c(352): warning:  #111-D: statement is unreachable
  	return p.buffer;
..\NET\cJSON\cJSON.c(423): warning:  #1293-D: assignment in condition
  		if (!(new_item=cJSON_New_Item())) return 0; 	/* memory fail */
..\NET\cJSON\cJSON.c(535): warning:  #1293-D: assignment in condition
  		if (!(new_item=cJSON_New_Item()))	return 0; /* memory fail */
..\NET\cJSON\cJSON.c: 5 warnings, 0 errors
compiling MqttKit.c...
compiling Dis_Picture.c...
compiling GBK_LibDrive.c...
compiling Text.c...
compiling Picture.c...
compiling lcd.c...
compiling esp8266.c...
compiling onenet.c...
linking...
Program Size: Code=27992 RO-data=8932 RW-data=156 ZI-data=2036  
FromELF: creating hex file...
".\Objects\LCD180C.axf" - 0 Error(s), 31 Warning(s).

<h2>Software Packages used:</h2>

Package Vendor: Keil
                http://www.keil.com/pack/Keil.STM32F4xx_DFP.2.14.0.pack
                Keil.STM32F4xx_DFP.2.14.0
                STMicroelectronics STM32F4 Series Device Support, Drivers and Examples

<h2>Collection of Component include folders:</h2>
  .\RTE\_STM32F4x1
  C:\Keil_v5\ARM\PACK\Keil\STM32F4xx_DFP\2.14.0\Drivers\CMSIS\Device\ST\STM32F4xx\Include

<h2>Collection of Component Files used:</h2>
Build Time Elapsed:  00:00:10
</pre>
</body>
</html>
